== [08:58] cascade run3, max-options 10
{"decisions": 2455, "student_only": 0.7723, "teacher_only": 0.8147, "student_ms_per_record": 39.2, "teacher_ms_per_record": 887.9, "max_options": 10}
  thr    acc to_teacher student@kept teacher@sent  est ms
 0.00  0.780      0.125        0.763        0.902     150
 0.50  0.791      0.198        0.794        0.780     215
 0.60  0.801      0.286        0.829        0.731     293
 0.70  0.804      0.384        0.865        0.708     380
 0.80  0.809      0.498        0.910        0.708     481
 0.85  0.810      0.562        0.932        0.715     538
 0.90  0.813      0.624        0.960        0.725     593
 0.95  0.812      0.704        0.971        0.745     664
 0.98  0.815      0.788        0.987        0.768     739
 1.01  0.815      1.000        0.000        0.815     927
== [09:03] cascade run3, max-options 60
{"decisions": 2455, "student_only": 0.7723, "teacher_only": 0.8155, "student_ms_per_record": 38.8, "teacher_ms_per_record": 872.8, "max_options": 60}
  thr    acc to_teacher student@kept teacher@sent  est ms
 0.00  0.772      0.000        0.772        0.000      39
 0.50  0.785      0.082        0.804        0.579     111
 0.60  0.797      0.175        0.837        0.608     191
 0.70  0.803      0.280        0.872        0.626     283
 0.80  0.809      0.398        0.913        0.650     386
 0.85  0.810      0.466        0.934        0.667     446
 0.90  0.813      0.532        0.957        0.686     503
 0.95  0.813      0.621        0.969        0.719     581
 0.98  0.815      0.727        0.984        0.751     674
 1.01  0.816      1.000        0.000        0.816     912
== [09:07] done
