== [17:43] cascade run4 on cc_eval_human (option gate off)
{"decisions": 6375, "student_only": 0.9736, "teacher_only": 0.898, "student_ms_per_record": 61.4, "teacher_ms_per_record": 1222.2, "max_options": 60}
  thr    acc to_teacher student@kept teacher@sent  est ms
 0.00  0.974      0.000        0.974        0.000      61
 0.50  0.973      0.005        0.976        0.375      68
 0.60  0.971      0.012        0.979        0.380      77
 0.70  0.970      0.025        0.985        0.401      92
 0.80  0.966      0.043        0.991        0.414     114
 0.85  0.964      0.054        0.994        0.433     127
 0.90  0.961      0.063        0.995        0.457     139
 0.95  0.960      0.071        0.996        0.491     148
 0.98  0.960      0.076        0.997        0.511     154
 1.01  0.898      1.000        0.000        0.898    1284
== [17:56] cascade run4 on the public eval set (option gate off)
{"decisions": 2455, "student_only": 0.7833, "teacher_only": 0.8151, "student_ms_per_record": 38.6, "teacher_ms_per_record": 886.7, "max_options": 60}
  thr    acc to_teacher student@kept teacher@sent  est ms
 0.00  0.783      0.000        0.783        0.000      39
 0.50  0.788      0.070        0.805        0.561     101
 0.60  0.789      0.123        0.819        0.580     148
 0.70  0.794      0.161        0.832        0.600     181
 0.80  0.796      0.202        0.841        0.620     218
 0.85  0.796      0.230        0.845        0.634     243
 0.90  0.795      0.263        0.849        0.643     272
 0.95  0.798      0.307        0.862        0.654     311
 0.98  0.800      0.341        0.870        0.663     341
 1.01  0.815      1.000        0.000        0.815     925
== [18:00] done
