== [12:20] 1/4 items
composed: 4851 train {'plain_negative': 1090, 'sincere': 1815, 'indirect_praise': 474, 'sarcastic': 1472}, 539 held out
mined 82 x6; star-labelled {'negative': 3000, 'positive': 3000}
{
 "new_items": 16589,
 "replay": 60000,
 "items": 76589,
 "by": {
  "gen_indirect_praise:frustration": 474,
  "gen_indirect_praise:sentiment": 474,
  "gen_plain_negative:sentiment": 1090,
  "gen_sarcastic:frustration": 1472,
  "gen_sarcastic:sentiment": 2944,
  "gen_sincere:frustration": 1815,
  "gen_sincere:sentiment": 1815,
  "mined_plain_negative:sentiment": 414,
  "mined_sarcasm:frustration": 13,
  "mined_sarcasm:sentiment": 78,
  "stars_negative:sentiment": 3000,
  "stars_positive:sentiment": 3000
 }
}
== [12:20] 2/4 train run 15 from run 14, 2 epochs, LR 1e-5 / 4e-5
  /work/thai/data/cs/cs15_items.pt: 76589 items
train: 76589 items, 2 epochs, 4786 updates, micro 8 x accum 4
=== epoch 1 done, avg loss 0.1329, 91.8 min ===
=== epoch 2 done, avg loss 0.1169, 183.7 min ===
calibrating temperatures
temperatures (choice, score, noul): [1.065, 1.133, 1.013]
saved to /work/thai/out/laya-th-run15 after 184.0 min
== [15:25] 3/4 evals
3000 reviews, stars {1: 1289, 2: 234, 3: 196, 4: 161, 5: 1120}
3300 ambiguous sentences, labels {'neg': 1100, 'pos': 1100, 'neu': 1100}, types {'ประชดประชัน (Sarcasm)': 100, 'ชมแบบซ่อนรูป / ติเพื่อชม': 100, 'ได้อย่างเสียอย่าง (Mixed/Balanced)': 50, 'เป็นกลาง / ข้อเท็จจริง (Neutral/Fact)': 50, 'ประชดประชัน/คำวิจารณ์เชิงลบ': 1000, 'ชมแบบซ่อนรูป/เชิงบวกทางอ้อม': 1000, 'ข้อเท็จจริง/กลางๆ/สอบถาม': 1000}

== laya-th-run14: reviews
stars   n   negative  neutral  positive  question   mean frustration
  1    1289      0.89     0.09      0.01      0.01   1.29
  2     234      0.77     0.17      0.03      0.03   1.10
  3     196      0.65     0.27      0.07      0.01   1.06
  4     161      0.29     0.40      0.30      0.01   0.82
  5    1120      0.15     0.26      0.58      0.01   0.57
1-2 stars called negative or 4-5 stars called positive: 0.720; the opposite: 0.086; by business {'banking': 0.7095, 'insurance': 0.7157, 'telecom': 0.7651}
frustration separates 1-2 stars from 4-5 stars with AUC 0.886
ambiguous / sarcastic sentences: 0.492; by type ประชดประชัน (Sarcasm) 19/100, ชมแบบซ่อนรูป / ติเพื่อชม 64/100, ได้อย่างเสียอย่าง (Mixed/Balanced) 20/50, เป็นกลาง / ข้อเท็จจริง (Neutral/Fact) 42/50, ประชดประชัน/คำวิจารณ์เชิงลบ 352/1000, ชมแบบซ่อนรูป/เชิงบวกทางอ้อม 254/1000, ข้อเท็จจริง/กลางๆ/สอบถาม 873/1000
  gold -> answer: {'neutral->neutral': 935, 'negative->positive': 529, 'positive->neutral': 404, 'positive->negative': 378, 'negative->negative': 371, 'positive->positive': 318, 'negative->neutral': 200, 'neutral->question': 132, 'neutral->negative': 31, 'neutral->positive': 2}
held-out composed sets: indirect_praise 19/58 = 0.33, plain_negative 99/102 = 0.97, sarcastic 114/185 = 0.62, sincere 155/194 = 0.80

== laya-th-run15: reviews
stars   n   negative  neutral  positive  question   mean frustration
  1    1289      0.96     0.00      0.04      0.00   1.05
  2     234      0.86     0.02      0.11      0.01   0.93
  3     196      0.75     0.01      0.24      0.01   0.88
  4     161      0.34     0.01      0.64      0.01   0.53
  5    1120      0.16     0.01      0.83      0.00   0.33
1-2 stars called negative or 4-5 stars called positive: 0.879; the opposite: 0.113; by business {'banking': 0.8586, 'insurance': 0.9207, 'telecom': 0.8981}
frustration separates 1-2 stars from 4-5 stars with AUC 0.905
ambiguous / sarcastic sentences: 0.506; by type ประชดประชัน (Sarcasm) 48/100, ชมแบบซ่อนรูป / ติเพื่อชม 72/100, ได้อย่างเสียอย่าง (Mixed/Balanced) 1/50, เป็นกลาง / ข้อเท็จจริง (Neutral/Fact) 5/50, ประชดประชัน/คำวิจารณ์เชิงลบ 461/1000, ชมแบบซ่อนรูป/เชิงบวกทางอ้อม 925/1000, ข้อเท็จจริง/กลางๆ/สอบถาม 158/1000
  gold -> answer: {'positive->positive': 997, 'neutral->positive': 749, 'negative->positive': 591, 'negative->negative': 509, 'neutral->neutral': 164, 'neutral->question': 110, 'positive->negative': 103, 'neutral->negative': 77}
held-out composed sets: indirect_praise 57/58 = 0.98, plain_negative 102/102 = 1.00, sarcastic 181/185 = 0.98, sincere 193/194 = 0.99

== laya-th-run15
set    business      n  intent   dept    urg  false-other  other-caught | frustration exact / MAE / mean pred vs true
long   telecom     120   0.592  0.758  0.783     3/107        6/13    | 0.717 / 0.30 / 0.64 vs 0.66
long   banking     120   0.558  0.667  0.850    10/94        16/26    | 0.783 / 0.27 / 0.48 vs 0.37
long   insurance   120   0.608  0.758  0.808    20/64        50/56    | 0.742 / 0.34 / 0.42 vs 0.35
long   all         360   0.586  0.728  0.814        0.124
short  telecom     237   0.620  0.793  0.776    11/211       14/26    | 
short  banking     238   0.525  0.639  0.836    18/188       30/50    | 
short  insurance   239   0.515  0.699  0.787    29/128       81/111   | 
short  all         714   0.553  0.710  0.800        0.110

== laya-th-run15  (300 hand-labelled reviews)
telecom    n=  51 intent 0.726 dept 0.745 urg 0.882 false-other 7/31 other-caught 19/20
banking    n= 175 intent 0.669 dept 0.749 urg 0.806 false-other 25/114 other-caught 51/61
insurance  n=  74 intent 0.878 dept 0.757 urg 0.838 false-other 6/13 other-caught 60/61
all        n= 300 intent 0.730 dept 0.750 urg 0.827 false-other 38/158 other-caught 130/142
student vs teacher on /work/thai/data/cs/cs9_eval.jsonl:
  choice  n=21892 argmax agreement 0.899  mean TV distance 0.103
  noul    n=16419 argmax agreement 0.990  mean TV distance 0.023
  score   n=10946 argmax agreement 0.810  mean TV distance 0.140

/work/thai/out/laya-th-run15: 5473 eval records, 90 ms/record
overall: 11720 decisions, accuracy 0.949, Brier 0.095, ECE 0.071
source:type                      n    acc  brier    mae
b77:choice                    1242  0.959  0.082 
banking:choice                1216  0.979  0.042 
ecommerce:choice              3064  0.984  0.038 
insurance:choice              1784  0.972  0.057 
iqa:choice                     622  0.986  0.037 
other_gen:choice               494  0.974  0.056 
pantip_banking:choice          136  0.919  0.152 
pantip_banking:score            50  0.960  0.082  0.143
pantip_insurance:choice         19  0.895  0.197 
pantip_insurance:score           8  1.000  0.011  0.129
pantip_telecom:choice          116  0.914  0.156 
pantip_telecom:score            39  0.949  0.101  0.136
telecom:choice                1130  0.949  0.094 
wisesight:choice              1800  0.824  0.297 
tickets: department 5/5  refund 5/5  frustration MAE 0.46
   โดนหักเงินซ้ำสองครั้งเมื่อวานน billing   p=0.96 frustration=1.04 refund=0.96
   เน็ตบ้านหลุดบ่อยมากตั้งแต่เมื่ technical p=0.96 frustration=1.00 refund=0.04
   สนใจเปลี่ยนเป็นแพ็กเกจ 5G ที่โ sales     p=0.96 frustration=0.32 refund=0.03
   ใบแจ้งหนี้เดือนนี้แพงกว่าปกติ  billing   p=0.98 frustration=0.92 refund=0.09
   แอปล็อกอินไม่ได้ ขึ้นว่ารหัสผิ technical p=0.95 frustration=1.88 refund=0.07
student vs teacher on /work/thai/data/distill3_eval.jsonl:
  choice  n= 2528 argmax agreement 0.677  mean TV distance 0.322
  noul    n= 2483 argmax agreement 0.875  mean TV distance 0.135
  score   n= 1117 argmax agreement 0.653  mean TV distance 0.294

/work/thai/out/laya-th-run15: 1704 eval records, 38 ms/record
overall: 2455 decisions, accuracy 0.744, Brier 0.430, ECE 0.177
source:type                      n    acc  brier    mae
massive_th:choice              300  0.793  0.362 
prachathai:choice              163  0.883  0.206 
prachathai:noul                588  0.888  0.193 
sib200_th:choice               204  0.613  0.636 
wisesight:choice               300  0.550  0.648 
wongnai:score                  300  0.613  0.691  0.414
xnli_th:choice                 300  0.690  0.539 
xnli_th:noul                   300  0.803  0.357 
tickets: department 5/5  refund 5/5  frustration MAE 0.46
   โดนหักเงินซ้ำสองครั้งเมื่อวานน billing   p=0.96 frustration=1.04 refund=0.96
   เน็ตบ้านหลุดบ่อยมากตั้งแต่เมื่ technical p=0.96 frustration=1.00 refund=0.04
   สนใจเปลี่ยนเป็นแพ็กเกจ 5G ที่โ sales     p=0.96 frustration=0.32 refund=0.03
   ใบแจ้งหนี้เดือนนี้แพงกว่าปกติ  billing   p=0.98 frustration=0.92 refund=0.09
   แอปล็อกอินไม่ได้ ขึ้นว่ารหัสผิ technical p=0.95 frustration=1.88 refund=0.07
== [16:17] 4/4 restore :8011 (run 14) and permissions
== [16:17] done
