== [21:10] 1/4 items
composed: 4851 train {'plain_negative': 1090, 'sincere': 1815, 'indirect_praise': 474, 'sarcastic': 1472}, 539 held out
mined 82 x6; star-labelled {'negative': 3000, 'positive': 3000}
wisesight {'neutral': 6000, 'positive': 1000, 'negative': 1000, 'question': 462} (question x3, neutral x2), 601 skipped as eval texts
{
 "new_items": 31975,
 "replay": 60000,
 "items": 91975,
 "by": {
  "gen_indirect_praise:frustration": 474,
  "gen_indirect_praise:sentiment": 474,
  "gen_plain_negative:sentiment": 1090,
  "gen_sarcastic:frustration": 1472,
  "gen_sarcastic:sentiment": 2944,
  "gen_sincere:frustration": 1815,
  "gen_sincere:sentiment": 1815,
  "mined_plain_negative:sentiment": 414,
  "mined_sarcasm:frustration": 13,
  "mined_sarcasm:sentiment": 78,
  "stars_negative:sentiment": 3000,
  "stars_positive:sentiment": 3000,
  "wisesight_negative:sentiment": 1000,
  "wisesight_neutral:sentiment": 12000,
  "wisesight_positive:sentiment": 1000,
  "wisesight_question:sentiment": 1386
 }
}
== [21:11] 2/4 train run 17 from run 14, 2 epochs, LR 1e-5 / 4e-5
  /work/thai/data/cs/cs17_items.pt: 91975 items
train: 91975 items, 2 epochs, 5748 updates, micro 8 x accum 4
  epoch 1/2 step 50/11497 loss -1.3878 ce 0.6818 reward -0.019 lr 1.00e-05 0.6 min, 0.72 s/step
  epoch 1/2 step 100/11497 loss -0.0147 ce 0.3110 reward 0.376 lr 1.00e-05 1.1 min, 0.63 s/step
  epoch 1/2 step 150/11497 loss -0.2041 ce 0.3362 reward 0.345 lr 1.00e-05 1.5 min, 0.61 s/step
  epoch 1/2 step 200/11497 loss 0.4685 ce 0.6534 reward -0.087 lr 1.00e-05 1.9 min, 0.58 s/step
  epoch 1/2 step 250/11497 loss 0.0800 ce 0.3997 reward 0.273 lr 1.00e-05 2.4 min, 0.58 s/step
  epoch 1/2 step 300/11497 loss 0.8167 ce 0.7227 reward -0.101 lr 1.00e-05 2.9 min, 0.57 s/step
  epoch 1/2 step 350/11497 loss -0.0002 ce 0.4663 reward 0.211 lr 9.99e-06 3.3 min, 0.56 s/step
  epoch 1/2 step 400/11497 loss -0.1002 ce 0.4929 reward 0.151 lr 9.99e-06 3.8 min, 0.57 s/step
  epoch 1/2 step 450/11497 loss 0.4251 ce 0.9038 reward -0.441 lr 9.99e-06 4.2 min, 0.55 s/step
  epoch 1/2 step 500/11497 loss 0.7408 ce 0.8487 reward -0.360 lr 9.99e-06 4.5 min, 0.54 s/step
  epoch 1/2 step 550/11497 loss 0.2582 ce 1.3211 reward -0.774 lr 9.99e-06 5.0 min, 0.55 s/step
  epoch 1/2 step 600/11497 loss 0.7258 ce 0.8526 reward -0.450 lr 9.98e-06 5.5 min, 0.55 s/step
  epoch 1/2 step 650/11497 loss 0.3732 ce 0.4594 reward 0.200 lr 9.98e-06 6.0 min, 0.55 s/step
  epoch 1/2 step 700/11497 loss 0.6432 ce 0.6687 reward -0.027 lr 9.98e-06 6.5 min, 0.55 s/step
  epoch 1/2 step 750/11497 loss -1.0304 ce 0.3742 reward 0.300 lr 9.98e-06 6.9 min, 0.55 s/step
  epoch 1/2 step 800/11497 loss 0.0769 ce 0.4335 reward 0.203 lr 9.97e-06 7.5 min, 0.56 s/step
  epoch 1/2 step 850/11497 loss 1.0015 ce 1.0291 reward -0.459 lr 9.97e-06 7.9 min, 0.56 s/step
  epoch 1/2 step 900/11497 loss 0.4483 ce 0.7198 reward -0.097 lr 9.97e-06 8.2 min, 0.55 s/step
  epoch 1/2 step 950/11497 loss 0.5143 ce 0.8338 reward -0.340 lr 9.96e-06 8.7 min, 0.55 s/step
  epoch 1/2 step 1000/11497 loss 0.0144 ce 0.4965 reward 0.112 lr 9.96e-06 9.1 min, 0.55 s/step
  epoch 1/2 step 1050/11497 loss 1.4089 ce 1.2003 reward -0.753 lr 9.95e-06 9.6 min, 0.55 s/step
  epoch 1/2 step 1100/11497 loss 1.0105 ce 0.5484 reward 0.095 lr 9.95e-06 10.1 min, 0.55 s/step
  epoch 1/2 step 1150/11497 loss -0.2754 ce 0.6833 reward -0.048 lr 9.94e-06 10.5 min, 0.55 s/step
  epoch 1/2 step 1200/11497 loss -0.3964 ce 0.4018 reward 0.278 lr 9.94e-06 11.0 min, 0.55 s/step
  epoch 1/2 step 1250/11497 loss 0.4812 ce 0.5378 reward 0.049 lr 9.93e-06 11.4 min, 0.55 s/step
  epoch 1/2 step 1300/11497 loss 0.7331 ce 0.6630 reward -0.055 lr 9.93e-06 11.8 min, 0.55 s/step
  epoch 1/2 step 1350/11497 loss -1.3084 ce 0.6920 reward -0.029 lr 9.92e-06 12.3 min, 0.55 s/step
  epoch 1/2 step 1400/11497 loss -1.8933 ce 0.6863 reward -0.021 lr 9.92e-06 12.7 min, 0.55 s/step
  epoch 1/2 step 1450/11497 loss -0.4651 ce 0.3210 reward 0.360 lr 9.91e-06 13.3 min, 0.55 s/step
  epoch 1/2 step 1500/11497 loss 0.4750 ce 0.7456 reward -0.256 lr 9.91e-06 13.7 min, 0.55 s/step
  epoch 1/2 step 1550/11497 loss 1.4267 ce 0.7221 reward -0.062 lr 9.90e-06 14.3 min, 0.55 s/step
  epoch 1/2 step 1600/11497 loss 0.4016 ce 0.7677 reward -0.206 lr 9.89e-06 14.7 min, 0.55 s/step
  epoch 1/2 step 1650/11497 loss 0.4094 ce 0.4546 reward 0.177 lr 9.89e-06 15.3 min, 0.55 s/step
  epoch 1/2 step 1700/11497 loss 0.2863 ce 0.4794 reward 0.148 lr 9.88e-06 15.7 min, 0.56 s/step
  epoch 1/2 step 1750/11497 loss -0.0627 ce 0.3268 reward 0.333 lr 9.87e-06 16.2 min, 0.56 s/step
  epoch 1/2 step 1800/11497 loss -0.1557 ce 0.3233 reward 0.358 lr 9.86e-06 16.7 min, 0.56 s/step
  epoch 1/2 step 1850/11497 loss -0.4991 ce 0.5171 reward 0.158 lr 9.86e-06 17.1 min, 0.56 s/step
  epoch 1/2 step 1900/11497 loss -0.0113 ce 0.3847 reward 0.289 lr 9.85e-06 17.5 min, 0.55 s/step
  epoch 1/2 step 1950/11497 loss 1.0492 ce 0.9712 reward -0.497 lr 9.84e-06 18.0 min, 0.55 s/step
  epoch 1/2 step 2000/11497 loss 0.7567 ce 0.7371 reward -0.234 lr 9.83e-06 18.4 min, 0.55 s/step
  epoch 1/2 step 2050/11497 loss -0.5208 ce 0.3714 reward 0.310 lr 9.82e-06 18.8 min, 0.55 s/step
  epoch 1/2 step 2100/11497 loss 0.2257 ce 0.4271 reward 0.221 lr 9.82e-06 19.2 min, 0.55 s/step
  epoch 1/2 step 2150/11497 loss 0.0402 ce 0.4846 reward 0.169 lr 9.81e-06 19.6 min, 0.55 s/step
  epoch 1/2 step 2200/11497 loss 0.3839 ce 0.3701 reward 0.299 lr 9.80e-06 20.1 min, 0.55 s/step
  epoch 1/2 step 2250/11497 loss 1.3110 ce 0.9640 reward -0.371 lr 9.79e-06 20.6 min, 0.55 s/step
  epoch 1/2 step 2300/11497 loss 1.0240 ce 0.7432 reward -0.117 lr 9.78e-06 21.1 min, 0.55 s/step
  epoch 1/2 step 2350/11497 loss 0.5230 ce 0.5622 reward 0.092 lr 9.77e-06 21.5 min, 0.55 s/step
  epoch 1/2 step 2400/11497 loss -0.0926 ce 0.5572 reward 0.112 lr 9.76e-06 21.9 min, 0.55 s/step
  epoch 1/2 step 2450/11497 loss 0.2690 ce 0.4660 reward 0.184 lr 9.75e-06 22.4 min, 0.55 s/step
  epoch 1/2 step 2500/11497 loss -0.7068 ce 0.4007 reward 0.277 lr 9.74e-06 22.9 min, 0.55 s/step
  epoch 1/2 step 2550/11497 loss 1.2645 ce 0.6810 reward -0.021 lr 9.73e-06 23.3 min, 0.55 s/step
  epoch 1/2 step 2600/11497 loss 0.8473 ce 0.6335 reward -0.061 lr 9.72e-06 23.7 min, 0.55 s/step
  epoch 1/2 step 2650/11497 loss 0.5036 ce 0.3973 reward 0.267 lr 9.71e-06 24.0 min, 0.54 s/step
  epoch 1/2 step 2700/11497 loss -0.3451 ce 0.3538 reward 0.331 lr 9.70e-06 24.4 min, 0.54 s/step
  epoch 1/2 step 2750/11497 loss -0.5482 ce 0.3702 reward 0.311 lr 9.69e-06 24.8 min, 0.54 s/step
  epoch 1/2 step 2800/11497 loss 0.6448 ce 0.7644 reward -0.166 lr 9.67e-06 25.3 min, 0.54 s/step
  epoch 1/2 step 2850/11497 loss 0.9829 ce 0.7873 reward -0.275 lr 9.66e-06 25.7 min, 0.54 s/step
  epoch 1/2 step 2900/11497 loss -0.4714 ce 0.3906 reward 0.292 lr 9.65e-06 26.1 min, 0.54 s/step
  epoch 1/2 step 2950/11497 loss -0.1396 ce 0.3959 reward 0.281 lr 9.64e-06 26.4 min, 0.54 s/step
  epoch 1/2 step 3000/11497 loss -0.1790 ce 0.3971 reward 0.281 lr 9.63e-06 26.8 min, 0.54 s/step
  epoch 1/2 step 3050/11497 loss -0.5106 ce 0.3689 reward 0.292 lr 9.62e-06 27.3 min, 0.54 s/step
  epoch 1/2 step 3100/11497 loss 1.4185 ce 1.0605 reward -0.460 lr 9.60e-06 27.7 min, 0.54 s/step
  epoch 1/2 step 3150/11497 loss 0.5259 ce 0.4544 reward 0.188 lr 9.59e-06 28.2 min, 0.54 s/step
  epoch 1/2 step 3200/11497 loss 0.2193 ce 0.6830 reward -0.019 lr 9.58e-06 28.7 min, 0.54 s/step
  epoch 1/2 step 3250/11497 loss 0.5662 ce 0.3942 reward 0.283 lr 9.56e-06 29.2 min, 0.54 s/step
  epoch 1/2 step 3300/11497 loss -2.1034 ce 0.6668 reward -0.004 lr 9.55e-06 29.6 min, 0.54 s/step
  epoch 1/2 step 3350/11497 loss 0.2825 ce 0.3643 reward 0.303 lr 9.54e-06 30.1 min, 0.54 s/step
  epoch 1/2 step 3400/11497 loss 0.3852 ce 0.6363 reward -0.124 lr 9.52e-06 30.5 min, 0.54 s/step
  epoch 1/2 step 3450/11497 loss 0.8640 ce 0.9176 reward -0.402 lr 9.51e-06 30.9 min, 0.54 s/step
  epoch 1/2 step 3500/11497 loss 1.0622 ce 0.4692 reward 0.179 lr 9.50e-06 31.4 min, 0.54 s/step
  epoch 1/2 step 3550/11497 loss 2.4506 ce 0.9631 reward -0.406 lr 9.48e-06 31.8 min, 0.54 s/step
  epoch 1/2 step 3600/11497 loss 0.4785 ce 0.7074 reward -0.114 lr 9.47e-06 32.3 min, 0.54 s/step
  epoch 1/2 step 3650/11497 loss 0.5258 ce 0.8057 reward -0.262 lr 9.45e-06 32.7 min, 0.54 s/step
  epoch 1/2 step 3700/11497 loss 0.1354 ce 0.7300 reward -0.231 lr 9.44e-06 33.1 min, 0.54 s/step
  epoch 1/2 step 3750/11497 loss -0.6955 ce 0.3530 reward 0.326 lr 9.42e-06 33.4 min, 0.53 s/step
  epoch 1/2 step 3800/11497 loss -0.1301 ce 0.6923 reward -0.030 lr 9.41e-06 33.9 min, 0.53 s/step
  epoch 1/2 step 3850/11497 loss -0.6471 ce 0.3888 reward 0.288 lr 9.39e-06 34.3 min, 0.54 s/step
  epoch 1/2 step 3900/11497 loss 1.0095 ce 0.7243 reward -0.140 lr 9.38e-06 34.8 min, 0.54 s/step
  epoch 1/2 step 3950/11497 loss 0.5739 ce 0.5044 reward 0.142 lr 9.36e-06 35.3 min, 0.54 s/step
  epoch 1/2 step 4000/11497 loss -0.1239 ce 1.2538 reward -0.854 lr 9.34e-06 35.8 min, 0.54 s/step
  epoch 1/2 step 4050/11497 loss 1.0239 ce 0.7643 reward -0.166 lr 9.33e-06 36.3 min, 0.54 s/step
  epoch 1/2 step 4100/11497 loss -0.3736 ce 0.3611 reward 0.322 lr 9.31e-06 36.8 min, 0.54 s/step
  epoch 1/2 step 4150/11497 loss 0.7074 ce 0.7919 reward -0.396 lr 9.30e-06 37.2 min, 0.54 s/step
  epoch 1/2 step 4200/11497 loss 0.4714 ce 0.8621 reward -0.295 lr 9.28e-06 37.6 min, 0.54 s/step
  epoch 1/2 step 4250/11497 loss 0.2388 ce 0.3453 reward 0.352 lr 9.26e-06 38.0 min, 0.54 s/step
  epoch 1/2 step 4300/11497 loss -0.2877 ce 0.4681 reward 0.081 lr 9.25e-06 38.5 min, 0.54 s/step
  epoch 1/2 step 4350/11497 loss 0.1002 ce 0.4296 reward 0.191 lr 9.23e-06 38.9 min, 0.54 s/step
  epoch 1/2 step 4400/11497 loss 1.3689 ce 1.2989 reward -0.769 lr 9.21e-06 39.3 min, 0.54 s/step
  epoch 1/2 step 4450/11497 loss -0.5761 ce 0.3689 reward 0.309 lr 9.19e-06 39.7 min, 0.54 s/step
  epoch 1/2 step 4500/11497 loss -0.6830 ce 0.4185 reward 0.257 lr 9.18e-06 40.1 min, 0.53 s/step
  epoch 1/2 step 4550/11497 loss 1.3971 ce 1.3612 reward -0.903 lr 9.16e-06 40.5 min, 0.53 s/step
  epoch 1/2 step 4600/11497 loss -0.4316 ce 0.3743 reward 0.299 lr 9.14e-06 40.9 min, 0.53 s/step
  epoch 1/2 step 4650/11497 loss -0.0313 ce 0.5804 reward 0.015 lr 9.12e-06 41.4 min, 0.53 s/step
  epoch 1/2 step 4700/11497 loss -0.5248 ce 0.3796 reward 0.290 lr 9.10e-06 41.9 min, 0.54 s/step
  epoch 1/2 step 4750/11497 loss 0.3229 ce 0.3944 reward 0.264 lr 9.09e-06 42.3 min, 0.53 s/step
  epoch 1/2 step 4800/11497 loss 0.4618 ce 0.4163 reward 0.239 lr 9.07e-06 42.8 min, 0.53 s/step
  epoch 1/2 step 4850/11497 loss -0.5898 ce 0.4186 reward 0.260 lr 9.05e-06 43.1 min, 0.53 s/step
  epoch 1/2 step 4900/11497 loss 0.2855 ce 0.4476 reward 0.214 lr 9.03e-06 43.5 min, 0.53 s/step
  epoch 1/2 step 4950/11497 loss 0.6616 ce 0.7655 reward -0.158 lr 9.01e-06 43.9 min, 0.53 s/step
  epoch 1/2 step 5000/11497 loss -1.1950 ce 0.6740 reward -0.013 lr 8.99e-06 44.4 min, 0.53 s/step
  epoch 1/2 step 5050/11497 loss -0.4971 ce 0.3979 reward 0.279 lr 8.97e-06 44.8 min, 0.53 s/step
  epoch 1/2 step 5100/11497 loss 1.0313 ce 0.6954 reward -0.030 lr 8.95e-06 45.3 min, 0.53 s/step
  epoch 1/2 step 5150/11497 loss 0.0460 ce 0.3913 reward 0.264 lr 8.93e-06 45.8 min, 0.53 s/step
  epoch 1/2 step 5200/11497 loss 1.3329 ce 1.2565 reward -0.631 lr 8.91e-06 46.3 min, 0.53 s/step
  epoch 1/2 step 5250/11497 loss -0.9406 ce 0.6859 reward -0.022 lr 8.89e-06 46.7 min, 0.53 s/step
  epoch 1/2 step 5300/11497 loss 0.6539 ce 0.9973 reward -0.464 lr 8.87e-06 47.1 min, 0.53 s/step
  epoch 1/2 step 5350/11497 loss -0.0768 ce 0.3576 reward 0.322 lr 8.85e-06 47.5 min, 0.53 s/step
  epoch 1/2 step 5400/11497 loss 0.3556 ce 0.5301 reward 0.086 lr 8.83e-06 48.0 min, 0.53 s/step
  epoch 1/2 step 5450/11497 loss 0.6718 ce 0.7431 reward -0.121 lr 8.81e-06 48.5 min, 0.53 s/step
  epoch 1/2 step 5500/11497 loss 1.2309 ce 0.9693 reward -0.407 lr 8.79e-06 48.8 min, 0.53 s/step
  epoch 1/2 step 5550/11497 loss -0.0638 ce 0.3862 reward 0.279 lr 8.77e-06 49.2 min, 0.53 s/step
  epoch 1/2 step 5600/11497 loss 0.4201 ce 1.1403 reward -0.556 lr 8.75e-06 49.8 min, 0.53 s/step
  epoch 1/2 step 5650/11497 loss 0.8861 ce 0.7647 reward -0.175 lr 8.73e-06 50.2 min, 0.53 s/step
  epoch 1/2 step 5700/11497 loss 0.5772 ce 0.6876 reward -0.070 lr 8.70e-06 50.6 min, 0.53 s/step
  epoch 1/2 step 5750/11497 loss 0.4743 ce 0.5367 reward 0.062 lr 8.68e-06 51.0 min, 0.53 s/step
  epoch 1/2 step 5800/11497 loss -0.2644 ce 0.3772 reward 0.304 lr 8.66e-06 51.4 min, 0.53 s/step
  epoch 1/2 step 5850/11497 loss 0.2455 ce 0.5468 reward 0.039 lr 8.64e-06 51.9 min, 0.53 s/step
  epoch 1/2 step 5900/11497 loss 0.7000 ce 0.8990 reward -0.268 lr 8.62e-06 52.2 min, 0.53 s/step
  epoch 1/2 step 5950/11497 loss 0.2209 ce 0.7071 reward -0.160 lr 8.59e-06 52.6 min, 0.53 s/step
  epoch 1/2 step 6000/11497 loss -0.0167 ce 0.3442 reward 0.336 lr 8.57e-06 53.1 min, 0.53 s/step
  epoch 1/2 step 6050/11497 loss 0.3073 ce 0.4040 reward 0.196 lr 8.55e-06 53.4 min, 0.53 s/step
  epoch 1/2 step 6100/11497 loss -0.6970 ce 0.6744 reward -0.013 lr 8.53e-06 53.9 min, 0.53 s/step
  epoch 1/2 step 6150/11497 loss 0.4775 ce 0.5737 reward 0.043 lr 8.50e-06 54.3 min, 0.53 s/step
  epoch 1/2 step 6200/11497 loss -0.4311 ce 0.3554 reward 0.308 lr 8.48e-06 54.8 min, 0.53 s/step
  epoch 1/2 step 6250/11497 loss 1.5492 ce 0.9886 reward -0.495 lr 8.46e-06 55.1 min, 0.53 s/step
  epoch 1/2 step 6300/11497 loss 0.7479 ce 0.7636 reward -0.102 lr 8.43e-06 55.6 min, 0.53 s/step
  epoch 1/2 step 6350/11497 loss 3.0541 ce 1.5059 reward -0.901 lr 8.41e-06 56.2 min, 0.53 s/step
  epoch 1/2 step 6400/11497 loss -0.3998 ce 0.4020 reward 0.277 lr 8.39e-06 56.7 min, 0.53 s/step
  epoch 1/2 step 6450/11497 loss -0.1786 ce 0.4161 reward 0.258 lr 8.36e-06 57.1 min, 0.53 s/step
  epoch 1/2 step 6500/11497 loss 0.3549 ce 0.4569 reward 0.196 lr 8.34e-06 57.4 min, 0.53 s/step
  epoch 1/2 step 6550/11497 loss 0.3793 ce 0.4920 reward 0.066 lr 8.32e-06 57.8 min, 0.53 s/step
  epoch 1/2 step 6600/11497 loss 0.0828 ce 0.3550 reward 0.304 lr 8.29e-06 58.3 min, 0.53 s/step
  epoch 1/2 step 6650/11497 loss 0.9225 ce 1.1151 reward -0.531 lr 8.27e-06 58.8 min, 0.53 s/step
  epoch 1/2 step 6700/11497 loss -0.4155 ce 0.6514 reward 0.013 lr 8.24e-06 59.3 min, 0.53 s/step
  epoch 1/2 step 6750/11497 loss -0.2028 ce 0.3688 reward 0.320 lr 8.22e-06 59.7 min, 0.53 s/step
  epoch 1/2 step 6800/11497 loss 0.3529 ce 0.4512 reward 0.160 lr 8.19e-06 60.2 min, 0.53 s/step
  epoch 1/2 step 6850/11497 loss 2.3573 ce 1.5632 reward -1.054 lr 8.17e-06 60.6 min, 0.53 s/step
  epoch 1/2 step 6900/11497 loss -0.8299 ce 0.6725 reward -0.010 lr 8.14e-06 61.1 min, 0.53 s/step
  epoch 1/2 step 6950/11497 loss -0.9484 ce 0.6591 reward 0.005 lr 8.12e-06 61.6 min, 0.53 s/step
  epoch 1/2 step 7000/11497 loss 0.2911 ce 0.6047 reward -0.008 lr 8.09e-06 62.1 min, 0.53 s/step
  epoch 1/2 step 7050/11497 loss 0.0099 ce 0.5195 reward 0.078 lr 8.07e-06 62.5 min, 0.53 s/step
  epoch 1/2 step 7100/11497 loss 0.1065 ce 0.6259 reward -0.063 lr 8.04e-06 62.8 min, 0.53 s/step
  epoch 1/2 step 7150/11497 loss -1.3077 ce 0.6806 reward -0.019 lr 8.02e-06 63.3 min, 0.53 s/step
  epoch 1/2 step 7200/11497 loss 0.6373 ce 0.6957 reward -0.117 lr 7.99e-06 63.8 min, 0.53 s/step
  epoch 1/2 step 7250/11497 loss 1.3772 ce 0.7257 reward -0.086 lr 7.97e-06 64.2 min, 0.53 s/step
  epoch 1/2 step 7300/11497 loss -0.2108 ce 0.2834 reward 0.407 lr 7.94e-06 64.6 min, 0.53 s/step
  epoch 1/2 step 7350/11497 loss -0.3387 ce 0.3972 reward 0.281 lr 7.92e-06 65.0 min, 0.53 s/step
  epoch 1/2 step 7400/11497 loss 1.9943 ce 1.3075 reward -0.763 lr 7.89e-06 65.4 min, 0.53 s/step
  epoch 1/2 step 7450/11497 loss 0.8909 ce 0.7530 reward -0.109 lr 7.86e-06 66.0 min, 0.53 s/step
  epoch 1/2 step 7500/11497 loss 0.0923 ce 0.3573 reward 0.318 lr 7.84e-06 66.5 min, 0.53 s/step
  epoch 1/2 step 7550/11497 loss 0.0472 ce 1.2498 reward -0.674 lr 7.81e-06 66.8 min, 0.53 s/step
  epoch 1/2 step 7600/11497 loss 0.0873 ce 0.4147 reward 0.190 lr 7.78e-06 67.2 min, 0.53 s/step
  epoch 1/2 step 7650/11497 loss -0.6704 ce 0.3911 reward 0.289 lr 7.76e-06 67.6 min, 0.53 s/step
  epoch 1/2 step 7700/11497 loss 0.6352 ce 0.4129 reward 0.260 lr 7.73e-06 68.0 min, 0.53 s/step
  epoch 1/2 step 7750/11497 loss 0.5186 ce 1.3051 reward -0.739 lr 7.71e-06 68.6 min, 0.53 s/step
  epoch 1/2 step 7800/11497 loss 0.5831 ce 0.5331 reward 0.084 lr 7.68e-06 69.0 min, 0.53 s/step
  epoch 1/2 step 7850/11497 loss 0.4001 ce 0.4230 reward 0.227 lr 7.65e-06 69.4 min, 0.53 s/step
  epoch 1/2 step 7900/11497 loss 0.3243 ce 0.4164 reward 0.247 lr 7.62e-06 69.7 min, 0.53 s/step
  epoch 1/2 step 7950/11497 loss 0.1239 ce 0.5045 reward 0.145 lr 7.60e-06 70.1 min, 0.53 s/step
  epoch 1/2 step 8000/11497 loss 1.0022 ce 0.9517 reward -0.384 lr 7.57e-06 70.6 min, 0.53 s/step
  epoch 1/2 step 8050/11497 loss 0.3926 ce 0.5071 reward 0.093 lr 7.54e-06 71.0 min, 0.53 s/step
  epoch 1/2 step 8100/11497 loss 1.2629 ce 1.7830 reward -1.186 lr 7.51e-06 71.4 min, 0.53 s/step
  epoch 1/2 step 8150/11497 loss 1.4424 ce 1.1550 reward -0.577 lr 7.49e-06 71.8 min, 0.53 s/step
  epoch 1/2 step 8200/11497 loss -0.6095 ce 0.6901 reward -0.034 lr 7.46e-06 72.2 min, 0.53 s/step
  epoch 1/2 step 8250/11497 loss -0.2341 ce 0.3564 reward 0.315 lr 7.43e-06 72.6 min, 0.53 s/step
  epoch 1/2 step 8300/11497 loss -0.3302 ce 0.3669 reward 0.316 lr 7.40e-06 73.1 min, 0.53 s/step
  epoch 1/2 step 8350/11497 loss -1.0167 ce 0.3869 reward 0.286 lr 7.38e-06 73.5 min, 0.53 s/step
  epoch 1/2 step 8400/11497 loss 0.0217 ce 0.3354 reward 0.348 lr 7.35e-06 73.9 min, 0.53 s/step
  epoch 1/2 step 8450/11497 loss -0.4281 ce 0.3944 reward 0.285 lr 7.32e-06 74.4 min, 0.53 s/step
  epoch 1/2 step 8500/11497 loss 0.7263 ce 0.7337 reward -0.203 lr 7.29e-06 74.9 min, 0.53 s/step
  epoch 1/2 step 8550/11497 loss 1.4137 ce 0.9863 reward -0.577 lr 7.26e-06 75.4 min, 0.53 s/step
  epoch 1/2 step 8600/11497 loss 0.1075 ce 0.4536 reward 0.167 lr 7.23e-06 75.8 min, 0.53 s/step
  epoch 1/2 step 8650/11497 loss 0.6931 ce 0.6080 reward 0.003 lr 7.21e-06 76.3 min, 0.53 s/step
  epoch 1/2 step 8700/11497 loss 0.2479 ce 0.4398 reward 0.242 lr 7.18e-06 76.8 min, 0.53 s/step
  epoch 1/2 step 8750/11497 loss 0.6526 ce 0.6811 reward -0.185 lr 7.15e-06 77.3 min, 0.53 s/step
  epoch 1/2 step 8800/11497 loss 0.3102 ce 0.6895 reward -0.087 lr 7.12e-06 77.7 min, 0.53 s/step
  epoch 1/2 step 8850/11497 loss 1.1124 ce 0.8546 reward -0.346 lr 7.09e-06 78.0 min, 0.53 s/step
  epoch 1/2 step 8900/11497 loss 0.1587 ce 0.6780 reward -0.020 lr 7.06e-06 78.5 min, 0.53 s/step
  epoch 1/2 step 8950/11497 loss 0.2033 ce 0.4011 reward 0.270 lr 7.04e-06 78.9 min, 0.53 s/step
  epoch 1/2 step 9000/11497 loss -0.5102 ce 0.4021 reward 0.275 lr 7.01e-06 79.3 min, 0.53 s/step
  epoch 1/2 step 9050/11497 loss 0.7198 ce 0.6759 reward -0.022 lr 6.98e-06 79.8 min, 0.53 s/step
  epoch 1/2 step 9100/11497 loss -0.1515 ce 0.3321 reward 0.325 lr 6.95e-06 80.3 min, 0.53 s/step
  epoch 1/2 step 9150/11497 loss -0.0226 ce 0.3824 reward 0.279 lr 6.92e-06 80.8 min, 0.53 s/step
  epoch 1/2 step 9200/11497 loss -0.3328 ce 0.3737 reward 0.304 lr 6.89e-06 81.2 min, 0.53 s/step
  epoch 1/2 step 9250/11497 loss -0.9725 ce 0.4317 reward 0.241 lr 6.86e-06 81.5 min, 0.53 s/step
  epoch 1/2 step 9300/11497 loss 0.9558 ce 0.6704 reward -0.042 lr 6.83e-06 82.0 min, 0.53 s/step
  epoch 1/2 step 9350/11497 loss 0.2317 ce 0.4220 reward 0.205 lr 6.80e-06 82.4 min, 0.53 s/step
  epoch 1/2 step 9400/11497 loss 0.9698 ce 0.8579 reward -0.214 lr 6.77e-06 82.9 min, 0.53 s/step
  epoch 1/2 step 9450/11497 loss -0.9191 ce 0.3896 reward 0.288 lr 6.74e-06 83.2 min, 0.53 s/step
  epoch 1/2 step 9500/11497 loss 1.7030 ce 1.3685 reward -0.785 lr 6.71e-06 83.7 min, 0.53 s/step
  epoch 1/2 step 9550/11497 loss 0.3024 ce 0.5417 reward 0.041 lr 6.68e-06 84.1 min, 0.53 s/step
  epoch 1/2 step 9600/11497 loss 1.7633 ce 1.1352 reward -0.513 lr 6.65e-06 84.5 min, 0.53 s/step
  epoch 1/2 step 9650/11497 loss 0.1503 ce 0.8256 reward -0.186 lr 6.62e-06 84.9 min, 0.53 s/step
  epoch 1/2 step 9700/11497 loss 0.1430 ce 0.3618 reward 0.312 lr 6.59e-06 85.3 min, 0.53 s/step
  epoch 1/2 step 9750/11497 loss 0.5840 ce 1.2526 reward -0.638 lr 6.56e-06 85.8 min, 0.53 s/step
  epoch 1/2 step 9800/11497 loss 0.0582 ce 0.6799 reward -0.018 lr 6.53e-06 86.2 min, 0.53 s/step
  epoch 1/2 step 9850/11497 loss -0.0576 ce 0.3632 reward 0.318 lr 6.50e-06 86.6 min, 0.53 s/step
  epoch 1/2 step 9900/11497 loss 1.1050 ce 1.5776 reward -1.098 lr 6.47e-06 87.1 min, 0.53 s/step
  epoch 1/2 step 9950/11497 loss -0.6557 ce 0.3614 reward 0.316 lr 6.44e-06 87.6 min, 0.53 s/step
  epoch 1/2 step 10000/11497 loss 0.8084 ce 0.7416 reward -0.116 lr 6.41e-06 88.0 min, 0.53 s/step
  epoch 1/2 step 10050/11497 loss -0.9370 ce 0.3592 reward 0.325 lr 6.38e-06 88.3 min, 0.53 s/step
  epoch 1/2 step 10100/11497 loss 0.2674 ce 0.3906 reward 0.292 lr 6.35e-06 88.8 min, 0.53 s/step
  epoch 1/2 step 10150/11497 loss 0.7191 ce 0.7343 reward -0.167 lr 6.32e-06 89.2 min, 0.53 s/step
  epoch 1/2 step 10200/11497 loss 1.0037 ce 1.0330 reward -0.559 lr 6.29e-06 89.6 min, 0.53 s/step
  epoch 1/2 step 10250/11497 loss 0.7735 ce 0.5884 reward 0.020 lr 6.26e-06 90.0 min, 0.53 s/step
  epoch 1/2 step 10300/11497 loss -0.4080 ce 0.3818 reward 0.293 lr 6.23e-06 90.4 min, 0.53 s/step
  epoch 1/2 step 10350/11497 loss -0.3471 ce 0.3929 reward 0.288 lr 6.20e-06 90.9 min, 0.53 s/step
  epoch 1/2 step 10400/11497 loss -0.0401 ce 0.3435 reward 0.341 lr 6.17e-06 91.3 min, 0.53 s/step
  epoch 1/2 step 10450/11497 loss 0.9057 ce 1.2092 reward -0.843 lr 6.14e-06 91.7 min, 0.53 s/step
  epoch 1/2 step 10500/11497 loss 0.0149 ce 0.3531 reward 0.332 lr 6.11e-06 92.0 min, 0.53 s/step
  epoch 1/2 step 10550/11497 loss 0.7452 ce 0.7579 reward -0.258 lr 6.08e-06 92.4 min, 0.53 s/step
  epoch 1/2 step 10600/11497 loss -0.0336 ce 0.3707 reward 0.289 lr 6.05e-06 92.8 min, 0.53 s/step
  epoch 1/2 step 10650/11497 loss 1.6366 ce 0.6790 reward -0.018 lr 6.02e-06 93.3 min, 0.53 s/step
  epoch 1/2 step 10700/11497 loss -0.0791 ce 0.3971 reward 0.282 lr 5.99e-06 93.9 min, 0.53 s/step
  epoch 1/2 step 10750/11497 loss 0.0884 ce 0.3485 reward 0.342 lr 5.96e-06 94.3 min, 0.53 s/step
  epoch 1/2 step 10800/11497 loss 0.6977 ce 0.7300 reward -0.128 lr 5.93e-06 94.7 min, 0.53 s/step
  epoch 1/2 step 10850/11497 loss 0.5357 ce 0.4423 reward 0.220 lr 5.90e-06 95.1 min, 0.53 s/step
  epoch 1/2 step 10900/11497 loss 0.7618 ce 1.0560 reward -0.517 lr 5.87e-06 95.6 min, 0.53 s/step
  epoch 1/2 step 10950/11497 loss -0.1952 ce 0.6752 reward -0.022 lr 5.84e-06 96.1 min, 0.53 s/step
  epoch 1/2 step 11000/11497 loss -0.2574 ce 0.3770 reward 0.301 lr 5.80e-06 96.6 min, 0.53 s/step
  epoch 1/2 step 11050/11497 loss 1.8963 ce 1.0760 reward -0.496 lr 5.78e-06 97.1 min, 0.53 s/step
  epoch 1/2 step 11100/11497 loss 0.3954 ce 0.3568 reward 0.328 lr 5.74e-06 97.4 min, 0.53 s/step
  epoch 1/2 step 11150/11497 loss 0.4698 ce 0.6590 reward -0.116 lr 5.71e-06 97.8 min, 0.53 s/step
  epoch 1/2 step 11200/11497 loss 0.4952 ce 0.4989 reward 0.157 lr 5.68e-06 98.1 min, 0.53 s/step
  epoch 1/2 step 11250/11497 loss -0.7050 ce 0.4214 reward 0.218 lr 5.65e-06 98.6 min, 0.53 s/step
  epoch 1/2 step 11300/11497 loss -0.1496 ce 0.6064 reward -0.064 lr 5.62e-06 99.1 min, 0.53 s/step
  epoch 1/2 step 11350/11497 loss -0.4590 ce 0.3755 reward 0.295 lr 5.59e-06 99.5 min, 0.53 s/step
  epoch 1/2 step 11400/11497 loss 2.1242 ce 0.8214 reward -0.210 lr 5.56e-06 99.9 min, 0.53 s/step
  epoch 1/2 step 11450/11497 loss 0.4488 ce 0.9417 reward -0.446 lr 5.53e-06 100.2 min, 0.53 s/step
=== epoch 1 done, avg loss 0.2541, 100.6 min ===
  epoch 2/2 step 50/11497 loss -0.0443 ce 0.3263 reward 0.371 lr 5.47e-06 101.2 min, 0.53 s/step
  epoch 2/2 step 100/11497 loss 0.6353 ce 0.6887 reward -0.071 lr 5.44e-06 101.5 min, 0.53 s/step
  epoch 2/2 step 150/11497 loss -0.2899 ce 0.6761 reward -0.000 lr 5.41e-06 102.0 min, 0.53 s/step
  epoch 2/2 step 200/11497 loss -0.1730 ce 0.3205 reward 0.376 lr 5.37e-06 102.4 min, 0.53 s/step
  epoch 2/2 step 250/11497 loss 0.7520 ce 1.1511 reward -0.565 lr 5.35e-06 102.8 min, 0.53 s/step
  epoch 2/2 step 300/11497 loss -0.3588 ce 0.3348 reward 0.360 lr 5.31e-06 103.2 min, 0.52 s/step
  epoch 2/2 step 350/11497 loss -0.0280 ce 0.3611 reward 0.332 lr 5.28e-06 103.6 min, 0.52 s/step
  epoch 2/2 step 400/11497 loss 0.6811 ce 0.3511 reward 0.343 lr 5.25e-06 104.2 min, 0.53 s/step
  epoch 2/2 step 450/11497 loss 0.1064 ce 0.3527 reward 0.342 lr 5.22e-06 104.5 min, 0.52 s/step
  epoch 2/2 step 500/11497 loss 1.2377 ce 0.7142 reward -0.089 lr 5.19e-06 105.0 min, 0.53 s/step
  epoch 2/2 step 550/11497 loss 0.5956 ce 0.4203 reward 0.261 lr 5.16e-06 105.4 min, 0.53 s/step
  epoch 2/2 step 600/11497 loss 0.1606 ce 0.6774 reward -0.001 lr 5.13e-06 105.9 min, 0.53 s/step
  epoch 2/2 step 650/11497 loss 0.6354 ce 0.4260 reward 0.258 lr 5.10e-06 106.3 min, 0.53 s/step
  epoch 2/2 step 700/11497 loss -0.0238 ce 0.3114 reward 0.388 lr 5.07e-06 106.7 min, 0.52 s/step
  epoch 2/2 step 750/11497 loss 0.5421 ce 0.8296 reward -0.233 lr 5.04e-06 107.0 min, 0.52 s/step
  epoch 2/2 step 800/11497 loss 0.6564 ce 0.6997 reward -0.089 lr 5.01e-06 107.4 min, 0.52 s/step
  epoch 2/2 step 850/11497 loss 1.5500 ce 1.2390 reward -0.626 lr 4.98e-06 108.0 min, 0.52 s/step
  epoch 2/2 step 900/11497 loss 0.0190 ce 0.4004 reward 0.289 lr 4.95e-06 108.5 min, 0.52 s/step
  epoch 2/2 step 950/11497 loss 1.3406 ce 0.6734 reward -0.041 lr 4.92e-06 108.9 min, 0.52 s/step
  epoch 2/2 step 1000/11497 loss -0.2548 ce 0.3445 reward 0.346 lr 4.88e-06 109.3 min, 0.52 s/step
  epoch 2/2 step 1050/11497 loss 0.1863 ce 0.4330 reward 0.227 lr 4.86e-06 109.8 min, 0.53 s/step
  epoch 2/2 step 1100/11497 loss 0.7437 ce 0.6641 reward -0.049 lr 4.82e-06 110.2 min, 0.52 s/step
  epoch 2/2 step 1150/11497 loss 1.1025 ce 1.7414 reward -1.214 lr 4.79e-06 110.6 min, 0.52 s/step
  epoch 2/2 step 1200/11497 loss 0.0718 ce 0.4172 reward 0.264 lr 4.76e-06 111.0 min, 0.52 s/step
  epoch 2/2 step 1250/11497 loss -0.1185 ce 0.2629 reward 0.445 lr 4.73e-06 111.5 min, 0.52 s/step
  epoch 2/2 step 1300/11497 loss 1.1500 ce 1.1385 reward -0.626 lr 4.70e-06 111.9 min, 0.52 s/step
  epoch 2/2 step 1350/11497 loss 0.7158 ce 0.5048 reward 0.123 lr 4.67e-06 112.3 min, 0.52 s/step
  epoch 2/2 step 1400/11497 loss 0.3689 ce 0.2984 reward 0.400 lr 4.64e-06 112.7 min, 0.52 s/step
  epoch 2/2 step 1450/11497 loss -0.2083 ce 0.4033 reward 0.287 lr 4.61e-06 113.1 min, 0.52 s/step
  epoch 2/2 step 1500/11497 loss 0.7533 ce 0.4626 reward 0.166 lr 4.58e-06 113.5 min, 0.52 s/step
  epoch 2/2 step 1550/11497 loss 0.8837 ce 1.4433 reward -1.010 lr 4.55e-06 113.9 min, 0.52 s/step
  epoch 2/2 step 1600/11497 loss 0.5857 ce 0.6910 reward -0.081 lr 4.52e-06 114.3 min, 0.52 s/step
  epoch 2/2 step 1650/11497 loss -0.2913 ce 0.3417 reward 0.353 lr 4.49e-06 114.8 min, 0.52 s/step
  epoch 2/2 step 1700/11497 loss 0.3297 ce 0.4389 reward 0.243 lr 4.46e-06 115.3 min, 0.52 s/step
  epoch 2/2 step 1750/11497 loss 0.8766 ce 0.6414 reward -0.020 lr 4.43e-06 115.6 min, 0.52 s/step
  epoch 2/2 step 1800/11497 loss -0.7341 ce 0.6273 reward 0.051 lr 4.40e-06 116.1 min, 0.52 s/step
  epoch 2/2 step 1850/11497 loss 0.6258 ce 0.2583 reward 0.450 lr 4.37e-06 116.5 min, 0.52 s/step
  epoch 2/2 step 1900/11497 loss 0.8827 ce 0.6746 reward -0.059 lr 4.34e-06 117.0 min, 0.52 s/step
  epoch 2/2 step 1950/11497 loss 0.4297 ce 0.4320 reward 0.229 lr 4.31e-06 117.6 min, 0.52 s/step
  epoch 2/2 step 2000/11497 loss 0.1548 ce 0.3352 reward 0.360 lr 4.28e-06 117.9 min, 0.52 s/step
  epoch 2/2 step 2050/11497 loss -1.4453 ce 0.6706 reward 0.005 lr 4.25e-06 118.4 min, 0.52 s/step
  epoch 2/2 step 2100/11497 loss -0.5634 ce 0.3334 reward 0.364 lr 4.22e-06 118.8 min, 0.52 s/step
  epoch 2/2 step 2150/11497 loss 0.7626 ce 0.6448 reward -0.011 lr 4.20e-06 119.3 min, 0.52 s/step
  epoch 2/2 step 2200/11497 loss -0.7651 ce 0.6808 reward -0.005 lr 4.17e-06 119.7 min, 0.52 s/step
  epoch 2/2 step 2250/11497 loss -0.1957 ce 0.3733 reward 0.306 lr 4.14e-06 120.1 min, 0.52 s/step
  epoch 2/2 step 2300/11497 loss 0.4915 ce 0.5123 reward 0.114 lr 4.11e-06 120.4 min, 0.52 s/step
  epoch 2/2 step 2350/11497 loss -0.2063 ce 0.3057 reward 0.393 lr 4.08e-06 120.8 min, 0.52 s/step
  epoch 2/2 step 2400/11497 loss 0.7527 ce 0.4401 reward 0.208 lr 4.05e-06 121.3 min, 0.52 s/step
  epoch 2/2 step 2450/11497 loss 0.1016 ce 0.2997 reward 0.401 lr 4.02e-06 121.7 min, 0.52 s/step
  epoch 2/2 step 2500/11497 loss 0.3471 ce 0.6916 reward -0.016 lr 3.99e-06 122.1 min, 0.52 s/step
  epoch 2/2 step 2550/11497 loss -0.0897 ce 0.4210 reward 0.265 lr 3.96e-06 122.6 min, 0.52 s/step
  epoch 2/2 step 2600/11497 loss -0.0787 ce 0.3202 reward 0.377 lr 3.93e-06 123.1 min, 0.52 s/step
  epoch 2/2 step 2650/11497 loss -0.1720 ce 0.3862 reward 0.304 lr 3.90e-06 123.5 min, 0.52 s/step
  epoch 2/2 step 2700/11497 loss -2.2730 ce 0.6755 reward 0.001 lr 3.87e-06 124.0 min, 0.52 s/step
  epoch 2/2 step 2750/11497 loss 0.2925 ce 0.3793 reward 0.315 lr 3.85e-06 124.4 min, 0.52 s/step
  epoch 2/2 step 2800/11497 loss 0.6702 ce 0.5866 reward 0.034 lr 3.82e-06 124.8 min, 0.52 s/step
  epoch 2/2 step 2850/11497 loss 0.0622 ce 0.3015 reward 0.394 lr 3.79e-06 125.1 min, 0.52 s/step
  epoch 2/2 step 2900/11497 loss 0.0888 ce 1.3365 reward -0.753 lr 3.76e-06 125.6 min, 0.52 s/step
  epoch 2/2 step 2950/11497 loss 0.3375 ce 0.4438 reward 0.228 lr 3.73e-06 126.0 min, 0.52 s/step
  epoch 2/2 step 3000/11497 loss 0.2130 ce 0.4130 reward 0.270 lr 3.70e-06 126.4 min, 0.52 s/step
  epoch 2/2 step 3050/11497 loss 0.1242 ce 0.4056 reward 0.283 lr 3.68e-06 126.8 min, 0.52 s/step
  epoch 2/2 step 3100/11497 loss -0.6114 ce 0.6723 reward 0.004 lr 3.65e-06 127.3 min, 0.52 s/step
  epoch 2/2 step 3150/11497 loss 0.3807 ce 0.3941 reward 0.272 lr 3.62e-06 127.6 min, 0.52 s/step
  epoch 2/2 step 3200/11497 loss 0.3205 ce 0.4126 reward 0.240 lr 3.59e-06 128.1 min, 0.52 s/step
  epoch 2/2 step 3250/11497 loss 0.1143 ce 0.4547 reward 0.219 lr 3.57e-06 128.5 min, 0.52 s/step
  epoch 2/2 step 3300/11497 loss 0.1171 ce 0.3562 reward 0.340 lr 3.54e-06 128.9 min, 0.52 s/step
  epoch 2/2 step 3350/11497 loss 1.1010 ce 0.5883 reward 0.061 lr 3.51e-06 129.4 min, 0.52 s/step
  epoch 2/2 step 3400/11497 loss -0.3616 ce 0.4132 reward 0.275 lr 3.48e-06 129.9 min, 0.52 s/step
  epoch 2/2 step 3450/11497 loss 0.1555 ce 0.6755 reward 0.001 lr 3.46e-06 130.4 min, 0.52 s/step
  epoch 2/2 step 3500/11497 loss 0.7362 ce 0.5377 reward 0.110 lr 3.43e-06 130.8 min, 0.52 s/step
  epoch 2/2 step 3550/11497 loss 0.3718 ce 0.7115 reward -0.088 lr 3.40e-06 131.2 min, 0.52 s/step
  epoch 2/2 step 3600/11497 loss 0.3006 ce 0.3367 reward 0.355 lr 3.37e-06 131.6 min, 0.52 s/step
  epoch 2/2 step 3650/11497 loss -0.2451 ce 0.3347 reward 0.360 lr 3.35e-06 132.1 min, 0.52 s/step
  epoch 2/2 step 3700/11497 loss 0.1572 ce 0.3693 reward 0.323 lr 3.32e-06 132.5 min, 0.52 s/step
  epoch 2/2 step 3750/11497 loss -0.3752 ce 0.6455 reward 0.031 lr 3.29e-06 133.0 min, 0.52 s/step
  epoch 2/2 step 3800/11497 loss 0.1089 ce 0.3580 reward 0.315 lr 3.26e-06 133.5 min, 0.52 s/step
  epoch 2/2 step 3850/11497 loss 0.3433 ce 0.4614 reward 0.192 lr 3.24e-06 134.0 min, 0.52 s/step
  epoch 2/2 step 3900/11497 loss 0.7090 ce 0.6739 reward 0.002 lr 3.21e-06 134.3 min, 0.52 s/step
  epoch 2/2 step 3950/11497 loss 0.1408 ce 0.3768 reward 0.312 lr 3.19e-06 134.7 min, 0.52 s/step
  epoch 2/2 step 4000/11497 loss -0.7859 ce 0.3882 reward 0.302 lr 3.16e-06 135.1 min, 0.52 s/step
  epoch 2/2 step 4050/11497 loss 0.4587 ce 0.6563 reward 0.020 lr 3.13e-06 135.6 min, 0.52 s/step
  epoch 2/2 step 4100/11497 loss 0.0931 ce 0.4506 reward 0.218 lr 3.11e-06 136.2 min, 0.52 s/step
  epoch 2/2 step 4150/11497 loss -0.1024 ce 0.3418 reward 0.353 lr 3.08e-06 136.6 min, 0.52 s/step
  epoch 2/2 step 4200/11497 loss 0.8657 ce 0.6179 reward -0.058 lr 3.05e-06 137.1 min, 0.52 s/step
  epoch 2/2 step 4250/11497 loss -0.7853 ce 0.4082 reward 0.280 lr 3.03e-06 137.6 min, 0.52 s/step
  epoch 2/2 step 4300/11497 loss -0.7767 ce 0.6774 reward -0.001 lr 3.00e-06 138.0 min, 0.52 s/step
  epoch 2/2 step 4350/11497 loss 0.2259 ce 0.4652 reward 0.190 lr 2.98e-06 138.4 min, 0.52 s/step
  epoch 2/2 step 4400/11497 loss -0.3307 ce 0.3299 reward 0.366 lr 2.95e-06 138.8 min, 0.52 s/step
  epoch 2/2 step 4450/11497 loss 1.2412 ce 0.6308 reward -0.007 lr 2.93e-06 139.2 min, 0.52 s/step
  epoch 2/2 step 4500/11497 loss -1.3748 ce 0.6703 reward 0.006 lr 2.90e-06 139.6 min, 0.52 s/step
  epoch 2/2 step 4550/11497 loss -0.1761 ce 0.3480 reward 0.338 lr 2.88e-06 140.0 min, 0.52 s/step
  epoch 2/2 step 4600/11497 loss -0.0162 ce 0.3143 reward 0.382 lr 2.85e-06 140.4 min, 0.52 s/step
  epoch 2/2 step 4650/11497 loss 0.0129 ce 0.3937 reward 0.295 lr 2.83e-06 140.9 min, 0.52 s/step
  epoch 2/2 step 4700/11497 loss 0.5061 ce 0.5043 reward 0.151 lr 2.80e-06 141.3 min, 0.52 s/step
  epoch 2/2 step 4750/11497 loss -0.6496 ce 0.3418 reward 0.353 lr 2.78e-06 141.8 min, 0.52 s/step
  epoch 2/2 step 4800/11497 loss 0.1587 ce 0.2850 reward 0.420 lr 2.75e-06 142.2 min, 0.52 s/step
  epoch 2/2 step 4850/11497 loss -0.3301 ce 0.3673 reward 0.325 lr 2.73e-06 142.6 min, 0.52 s/step
  epoch 2/2 step 4900/11497 loss -1.0394 ce 0.3300 reward 0.367 lr 2.71e-06 143.2 min, 0.52 s/step
  epoch 2/2 step 4950/11497 loss 0.5906 ce 0.6644 reward -0.069 lr 2.68e-06 143.6 min, 0.52 s/step
  epoch 2/2 step 5000/11497 loss 0.7758 ce 0.7548 reward -0.139 lr 2.66e-06 144.0 min, 0.52 s/step
  epoch 2/2 step 5050/11497 loss 0.5257 ce 0.4200 reward 0.245 lr 2.63e-06 144.5 min, 0.52 s/step
  epoch 2/2 step 5100/11497 loss 0.3332 ce 0.3227 reward 0.368 lr 2.61e-06 144.9 min, 0.52 s/step
  epoch 2/2 step 5150/11497 loss -0.1876 ce 0.3417 reward 0.353 lr 2.59e-06 145.3 min, 0.52 s/step
  epoch 2/2 step 5200/11497 loss 0.5065 ce 0.4162 reward 0.252 lr 2.56e-06 145.8 min, 0.52 s/step
  epoch 2/2 step 5250/11497 loss 0.8331 ce 0.7408 reward -0.120 lr 2.54e-06 146.2 min, 0.52 s/step
  epoch 2/2 step 5300/11497 loss 1.6408 ce 1.3523 reward -0.759 lr 2.52e-06 146.6 min, 0.52 s/step
  epoch 2/2 step 5350/11497 loss -0.0573 ce 0.2665 reward 0.441 lr 2.49e-06 147.0 min, 0.52 s/step
  epoch 2/2 step 5400/11497 loss -0.0857 ce 0.3819 reward 0.309 lr 2.47e-06 147.4 min, 0.52 s/step
  epoch 2/2 step 5450/11497 loss 0.9800 ce 0.8595 reward -0.265 lr 2.45e-06 147.8 min, 0.52 s/step
  epoch 2/2 step 5500/11497 loss -0.3845 ce 0.3547 reward 0.333 lr 2.43e-06 148.2 min, 0.52 s/step
  epoch 2/2 step 5550/11497 loss 1.2673 ce 0.6785 reward -0.003 lr 2.40e-06 148.7 min, 0.52 s/step
  epoch 2/2 step 5600/11497 loss 0.9486 ce 0.4073 reward 0.282 lr 2.38e-06 149.1 min, 0.52 s/step
  epoch 2/2 step 5650/11497 loss -0.1234 ce 0.3921 reward 0.298 lr 2.36e-06 149.5 min, 0.52 s/step
  epoch 2/2 step 5700/11497 loss 1.2733 ce 1.2783 reward -0.685 lr 2.34e-06 150.1 min, 0.52 s/step
  epoch 2/2 step 5750/11497 loss 0.5777 ce 0.4676 reward 0.189 lr 2.32e-06 150.6 min, 0.52 s/step
  epoch 2/2 step 5800/11497 loss -0.8580 ce 0.4005 reward 0.288 lr 2.29e-06 151.0 min, 0.52 s/step
  epoch 2/2 step 5850/11497 loss 0.7238 ce 0.6815 reward -0.126 lr 2.27e-06 151.5 min, 0.52 s/step
  epoch 2/2 step 5900/11497 loss -0.3254 ce 0.3435 reward 0.351 lr 2.25e-06 152.0 min, 0.52 s/step
  epoch 2/2 step 5950/11497 loss 1.5266 ce 0.7164 reward -0.146 lr 2.23e-06 152.4 min, 0.52 s/step
  epoch 2/2 step 6000/11497 loss -0.0192 ce 0.3045 reward 0.395 lr 2.21e-06 152.9 min, 0.52 s/step
  epoch 2/2 step 6050/11497 loss 1.1478 ce 0.9408 reward -0.374 lr 2.19e-06 153.4 min, 0.52 s/step
  epoch 2/2 step 6100/11497 loss 0.7334 ce 0.8779 reward -0.328 lr 2.17e-06 153.9 min, 0.52 s/step
  epoch 2/2 step 6150/11497 loss 0.0831 ce 0.2960 reward 0.400 lr 2.15e-06 154.3 min, 0.52 s/step
  epoch 2/2 step 6200/11497 loss 0.6930 ce 0.6700 reward -0.050 lr 2.13e-06 154.7 min, 0.52 s/step
  epoch 2/2 step 6250/11497 loss -0.0358 ce 0.3346 reward 0.361 lr 2.11e-06 155.1 min, 0.52 s/step
  epoch 2/2 step 6300/11497 loss 0.3674 ce 0.3917 reward 0.277 lr 2.09e-06 155.6 min, 0.52 s/step
  epoch 2/2 step 6350/11497 loss 0.4078 ce 0.3718 reward 0.317 lr 2.07e-06 156.0 min, 0.52 s/step
  epoch 2/2 step 6400/11497 loss -1.4612 ce 0.6755 reward 0.001 lr 2.05e-06 156.4 min, 0.52 s/step
  epoch 2/2 step 6450/11497 loss 0.5460 ce 0.7302 reward -0.119 lr 2.03e-06 156.7 min, 0.52 s/step
  epoch 2/2 step 6500/11497 loss -0.5212 ce 0.3937 reward 0.296 lr 2.01e-06 157.2 min, 0.52 s/step
  epoch 2/2 step 6550/11497 loss 0.2767 ce 0.4716 reward 0.182 lr 1.99e-06 157.8 min, 0.52 s/step
  epoch 2/2 step 6600/11497 loss 0.0713 ce 0.3820 reward 0.309 lr 1.97e-06 158.3 min, 0.52 s/step
  epoch 2/2 step 6650/11497 loss 0.0662 ce 0.2949 reward 0.400 lr 1.95e-06 158.6 min, 0.52 s/step
  epoch 2/2 step 6700/11497 loss 0.4054 ce 0.4677 reward 0.180 lr 1.93e-06 159.1 min, 0.52 s/step
  epoch 2/2 step 6750/11497 loss 0.8116 ce 1.2995 reward -0.701 lr 1.91e-06 159.6 min, 0.52 s/step
  epoch 2/2 step 6800/11497 loss -0.0063 ce 0.3836 reward 0.307 lr 1.89e-06 160.0 min, 0.52 s/step
  epoch 2/2 step 6850/11497 loss 0.2387 ce 0.3815 reward 0.296 lr 1.88e-06 160.4 min, 0.52 s/step
  epoch 2/2 step 6900/11497 loss -0.0135 ce 0.3677 reward 0.325 lr 1.86e-06 160.9 min, 0.52 s/step
  epoch 2/2 step 6950/11497 loss 1.0634 ce 0.7793 reward -0.196 lr 1.84e-06 161.4 min, 0.52 s/step
  epoch 2/2 step 7000/11497 loss 0.4456 ce 0.9331 reward -0.368 lr 1.82e-06 161.7 min, 0.52 s/step
  epoch 2/2 step 7050/11497 loss 0.1005 ce 0.3060 reward 0.390 lr 1.80e-06 162.1 min, 0.52 s/step
  epoch 2/2 step 7100/11497 loss -0.3218 ce 0.2996 reward 0.402 lr 1.79e-06 162.6 min, 0.52 s/step
  epoch 2/2 step 7150/11497 loss 1.1961 ce 1.3179 reward -0.735 lr 1.77e-06 163.1 min, 0.52 s/step
  epoch 2/2 step 7200/11497 loss -0.1689 ce 0.3476 reward 0.330 lr 1.75e-06 163.5 min, 0.52 s/step
  epoch 2/2 step 7250/11497 loss 0.6172 ce 0.7448 reward -0.133 lr 1.74e-06 164.0 min, 0.52 s/step
  epoch 2/2 step 7300/11497 loss 0.2610 ce 0.3453 reward 0.349 lr 1.72e-06 164.4 min, 0.52 s/step
  epoch 2/2 step 7350/11497 loss 1.9985 ce 1.2708 reward -0.682 lr 1.70e-06 164.8 min, 0.52 s/step
  epoch 2/2 step 7400/11497 loss 0.0887 ce 0.3419 reward 0.353 lr 1.69e-06 165.3 min, 0.52 s/step
  epoch 2/2 step 7450/11497 loss 0.0426 ce 0.3421 reward 0.353 lr 1.67e-06 165.8 min, 0.52 s/step
  epoch 2/2 step 7500/11497 loss -0.5781 ce 0.3403 reward 0.344 lr 1.65e-06 166.2 min, 0.52 s/step
  epoch 2/2 step 7550/11497 loss -0.5191 ce 0.3880 reward 0.302 lr 1.64e-06 166.7 min, 0.52 s/step
  epoch 2/2 step 7600/11497 loss -0.0628 ce 0.3037 reward 0.397 lr 1.62e-06 167.0 min, 0.52 s/step
  epoch 2/2 step 7650/11497 loss 0.8776 ce 0.6019 reward 0.019 lr 1.61e-06 167.6 min, 0.53 s/step
  epoch 2/2 step 7700/11497 loss 0.0381 ce 0.3674 reward 0.311 lr 1.59e-06 168.0 min, 0.53 s/step
  epoch 2/2 step 7750/11497 loss -0.4103 ce 0.3666 reward 0.326 lr 1.58e-06 168.3 min, 0.52 s/step
  epoch 2/2 step 7800/11497 loss -0.1623 ce 0.3932 reward 0.297 lr 1.56e-06 168.7 min, 0.52 s/step
  epoch 2/2 step 7850/11497 loss 0.0234 ce 0.2937 reward 0.404 lr 1.55e-06 169.1 min, 0.52 s/step
  epoch 2/2 step 7900/11497 loss -0.1575 ce 0.3274 reward 0.369 lr 1.53e-06 169.5 min, 0.52 s/step
  epoch 2/2 step 7950/11497 loss -0.9195 ce 0.6511 reward 0.026 lr 1.52e-06 170.0 min, 0.52 s/step
  epoch 2/2 step 8000/11497 loss -0.4331 ce 0.3932 reward 0.297 lr 1.50e-06 170.4 min, 0.52 s/step
  epoch 2/2 step 8050/11497 loss -0.1714 ce 0.3058 reward 0.393 lr 1.49e-06 170.9 min, 0.52 s/step
  epoch 2/2 step 8100/11497 loss 0.3154 ce 0.4697 reward 0.168 lr 1.47e-06 171.4 min, 0.52 s/step
  epoch 2/2 step 8150/11497 loss -0.6520 ce 0.3108 reward 0.387 lr 1.46e-06 171.8 min, 0.52 s/step
  epoch 2/2 step 8200/11497 loss 0.2044 ce 0.4100 reward 0.276 lr 1.45e-06 172.3 min, 0.52 s/step
  epoch 2/2 step 8250/11497 loss 1.3134 ce 0.6543 reward 0.022 lr 1.43e-06 172.7 min, 0.52 s/step
  epoch 2/2 step 8300/11497 loss -0.5401 ce 0.3974 reward 0.291 lr 1.42e-06 173.2 min, 0.52 s/step
  epoch 2/2 step 8350/11497 loss 0.1227 ce 0.3370 reward 0.357 lr 1.41e-06 173.7 min, 0.53 s/step
  epoch 2/2 step 8400/11497 loss 0.9406 ce 1.3188 reward -0.745 lr 1.40e-06 174.1 min, 0.52 s/step
  epoch 2/2 step 8450/11497 loss -1.7456 ce 0.6614 reward 0.015 lr 1.38e-06 174.4 min, 0.52 s/step
  epoch 2/2 step 8500/11497 loss -0.2280 ce 0.2983 reward 0.404 lr 1.37e-06 174.8 min, 0.52 s/step
  epoch 2/2 step 8550/11497 loss 0.6606 ce 0.7266 reward -0.109 lr 1.36e-06 175.2 min, 0.52 s/step
  epoch 2/2 step 8600/11497 loss 0.1415 ce 0.6755 reward 0.001 lr 1.35e-06 175.6 min, 0.52 s/step
  epoch 2/2 step 8650/11497 loss -0.5322 ce 0.3417 reward 0.353 lr 1.34e-06 176.1 min, 0.52 s/step
  epoch 2/2 step 8700/11497 loss 0.2609 ce 0.3777 reward 0.314 lr 1.32e-06 176.5 min, 0.52 s/step
  epoch 2/2 step 8750/11497 loss -0.4080 ce 0.3770 reward 0.314 lr 1.31e-06 176.9 min, 0.52 s/step
  epoch 2/2 step 8800/11497 loss -0.2765 ce 0.2965 reward 0.404 lr 1.30e-06 177.4 min, 0.52 s/step
  epoch 2/2 step 8850/11497 loss 0.3957 ce 0.3825 reward 0.294 lr 1.29e-06 177.8 min, 0.52 s/step
  epoch 2/2 step 8900/11497 loss 0.1293 ce 0.6862 reward -0.010 lr 1.28e-06 178.2 min, 0.52 s/step
  epoch 2/2 step 8950/11497 loss -0.0140 ce 0.3491 reward 0.345 lr 1.27e-06 178.6 min, 0.52 s/step
  epoch 2/2 step 9000/11497 loss 1.1810 ce 1.2771 reward -0.693 lr 1.26e-06 179.0 min, 0.52 s/step
  epoch 2/2 step 9050/11497 loss 0.7334 ce 0.6294 reward -0.003 lr 1.25e-06 179.5 min, 0.52 s/step
  epoch 2/2 step 9100/11497 loss -1.7331 ce 0.6453 reward 0.031 lr 1.24e-06 180.0 min, 0.52 s/step
  epoch 2/2 step 9150/11497 loss 0.6467 ce 1.2544 reward -0.762 lr 1.23e-06 180.4 min, 0.52 s/step
  epoch 2/2 step 9200/11497 loss -0.2742 ce 0.3485 reward 0.341 lr 1.22e-06 180.9 min, 0.52 s/step
  epoch 2/2 step 9250/11497 loss -0.1357 ce 0.3992 reward 0.290 lr 1.21e-06 181.4 min, 0.52 s/step
  epoch 2/2 step 9300/11497 loss -0.1076 ce 0.3372 reward 0.361 lr 1.20e-06 181.9 min, 0.52 s/step
  epoch 2/2 step 9350/11497 loss -0.1151 ce 0.3065 reward 0.382 lr 1.19e-06 182.4 min, 0.52 s/step
  epoch 2/2 step 9400/11497 loss -0.1693 ce 0.6739 reward 0.002 lr 1.18e-06 182.9 min, 0.53 s/step
  epoch 2/2 step 9450/11497 loss 0.3779 ce 0.7023 reward -0.028 lr 1.17e-06 183.3 min, 0.53 s/step
  epoch 2/2 step 9500/11497 loss 0.4251 ce 0.4595 reward 0.199 lr 1.17e-06 183.8 min, 0.53 s/step
  epoch 2/2 step 9550/11497 loss 0.0992 ce 0.4761 reward 0.165 lr 1.16e-06 184.2 min, 0.53 s/step
  epoch 2/2 step 9600/11497 loss 0.0276 ce 0.3555 reward 0.341 lr 1.15e-06 184.7 min, 0.53 s/step
  epoch 2/2 step 9650/11497 loss 0.4481 ce 0.3259 reward 0.373 lr 1.14e-06 185.1 min, 0.53 s/step
  epoch 2/2 step 9700/11497 loss 0.9163 ce 0.6755 reward 0.001 lr 1.13e-06 185.5 min, 0.53 s/step
  epoch 2/2 step 9750/11497 loss 0.5821 ce 1.1652 reward -0.588 lr 1.13e-06 186.0 min, 0.53 s/step
  epoch 2/2 step 9800/11497 loss 1.1796 ce 1.0843 reward -0.539 lr 1.12e-06 186.4 min, 0.53 s/step
  epoch 2/2 step 9850/11497 loss 0.2067 ce 0.4305 reward 0.224 lr 1.11e-06 186.8 min, 0.53 s/step
  epoch 2/2 step 9900/11497 loss -0.2714 ce 0.4132 reward 0.275 lr 1.11e-06 187.2 min, 0.53 s/step
  epoch 2/2 step 9950/11497 loss -0.3324 ce 0.3201 reward 0.377 lr 1.10e-06 187.8 min, 0.53 s/step
  epoch 2/2 step 10000/11497 loss -0.0822 ce 0.3131 reward 0.385 lr 1.09e-06 188.2 min, 0.53 s/step
  epoch 2/2 step 10050/11497 loss 0.4064 ce 0.3420 reward 0.350 lr 1.09e-06 188.6 min, 0.53 s/step
  epoch 2/2 step 10100/11497 loss 0.0522 ce 0.3976 reward 0.283 lr 1.08e-06 189.1 min, 0.53 s/step
  epoch 2/2 step 10150/11497 loss 0.9659 ce 0.7165 reward -0.092 lr 1.08e-06 189.5 min, 0.53 s/step
  epoch 2/2 step 10200/11497 loss -1.1912 ce 0.3730 reward 0.318 lr 1.07e-06 189.9 min, 0.53 s/step
  epoch 2/2 step 10250/11497 loss 0.4195 ce 0.8305 reward -0.217 lr 1.06e-06 190.4 min, 0.53 s/step
  epoch 2/2 step 10300/11497 loss 2.2599 ce 1.9184 reward -1.428 lr 1.06e-06 190.9 min, 0.53 s/step
  epoch 2/2 step 10350/11497 loss 0.0121 ce 0.3273 reward 0.369 lr 1.05e-06 191.3 min, 0.53 s/step
  epoch 2/2 step 10400/11497 loss -2.7257 ce 0.6719 reward 0.004 lr 1.05e-06 191.9 min, 0.53 s/step
  epoch 2/2 step 10450/11497 loss 0.9991 ce 1.3505 reward -0.757 lr 1.05e-06 192.2 min, 0.53 s/step
  epoch 2/2 step 10500/11497 loss 0.4967 ce 0.4189 reward 0.249 lr 1.04e-06 192.6 min, 0.53 s/step
  epoch 2/2 step 10550/11497 loss 0.0132 ce 0.4044 reward 0.285 lr 1.04e-06 193.1 min, 0.53 s/step
  epoch 2/2 step 10600/11497 loss 0.3176 ce 0.3831 reward 0.293 lr 1.03e-06 193.5 min, 0.53 s/step
  epoch 2/2 step 10650/11497 loss 0.2424 ce 0.3433 reward 0.351 lr 1.03e-06 194.0 min, 0.53 s/step
  epoch 2/2 step 10700/11497 loss 0.8319 ce 0.9333 reward -0.433 lr 1.03e-06 194.4 min, 0.53 s/step
  epoch 2/2 step 10750/11497 loss -0.7328 ce 0.3489 reward 0.345 lr 1.02e-06 194.8 min, 0.53 s/step
  epoch 2/2 step 10800/11497 loss -0.3589 ce 0.3965 reward 0.293 lr 1.02e-06 195.3 min, 0.53 s/step
  epoch 2/2 step 10850/11497 loss 0.4118 ce 0.3969 reward 0.278 lr 1.02e-06 195.7 min, 0.53 s/step
  epoch 2/2 step 10900/11497 loss -0.5671 ce 0.3033 reward 0.396 lr 1.01e-06 196.1 min, 0.53 s/step
  epoch 2/2 step 10950/11497 loss 0.3322 ce 0.7127 reward -0.200 lr 1.01e-06 196.6 min, 0.53 s/step
  epoch 2/2 step 11000/11497 loss -2.1802 ce 0.6774 reward -0.001 lr 1.01e-06 197.1 min, 0.53 s/step
  epoch 2/2 step 11050/11497 loss 2.2728 ce 1.2226 reward -0.631 lr 1.01e-06 197.5 min, 0.53 s/step
  epoch 2/2 step 11100/11497 loss -0.7588 ce 0.3123 reward 0.387 lr 1.01e-06 197.9 min, 0.53 s/step
  epoch 2/2 step 11150/11497 loss 0.5913 ce 0.4696 reward 0.170 lr 1.00e-06 198.3 min, 0.53 s/step
  epoch 2/2 step 11200/11497 loss -0.3632 ce 0.3877 reward 0.292 lr 1.00e-06 198.7 min, 0.53 s/step
  epoch 2/2 step 11250/11497 loss -0.0384 ce 0.3061 reward 0.394 lr 1.00e-06 199.1 min, 0.53 s/step
  epoch 2/2 step 11300/11497 loss 0.5780 ce 0.7766 reward -0.193 lr 1.00e-06 199.5 min, 0.53 s/step
  epoch 2/2 step 11350/11497 loss -0.5739 ce 0.6562 reward 0.020 lr 1.00e-06 199.9 min, 0.53 s/step
  epoch 2/2 step 11400/11497 loss -0.3404 ce 0.3273 reward 0.369 lr 1.00e-06 200.4 min, 0.53 s/step
  epoch 2/2 step 11450/11497 loss -0.3446 ce 0.2937 reward 0.409 lr 1.00e-06 200.8 min, 0.53 s/step
=== epoch 2 done, avg loss 0.1881, 201.3 min ===
calibrating temperatures
temperatures (choice, score, noul): [1.104, 1.092, 1.041]
saved to /work/thai/out/laya-th-run17 after 201.6 min
== [00:34] 3/4 evals
3000 reviews, stars {1: 1289, 2: 234, 3: 196, 4: 161, 5: 1120}
3300 ambiguous sentences, labels {'neg': 1100, 'pos': 1100, 'neu': 1100}, types {'ประชดประชัน (Sarcasm)': 100, 'ชมแบบซ่อนรูป / ติเพื่อชม': 100, 'ได้อย่างเสียอย่าง (Mixed/Balanced)': 50, 'เป็นกลาง / ข้อเท็จจริง (Neutral/Fact)': 50, 'ประชดประชัน/คำวิจารณ์เชิงลบ': 1000, 'ชมแบบซ่อนรูป/เชิงบวกทางอ้อม': 1000, 'ข้อเท็จจริง/กลางๆ/สอบถาม': 1000}

== laya-th-run16: reviews
stars   n   negative  neutral  positive  question   mean frustration
  1    1289      0.96     0.01      0.03      0.00   1.04
  2     234      0.88     0.03      0.07      0.02   0.92
  3     196      0.76     0.06      0.17      0.02   0.86
  4     161      0.36     0.06      0.57      0.02   0.51
  5    1120      0.17     0.04      0.79      0.01   0.32
1-2 stars called negative or 4-5 stars called positive: 0.861; the opposite: 0.107; by business {'banking': 0.8359, 'insurance': 0.9008, 'telecom': 0.8981}
frustration separates 1-2 stars from 4-5 stars with AUC 0.910
ambiguous / sarcastic sentences: 0.552; by type ประชดประชัน (Sarcasm) 43/100, ชมแบบซ่อนรูป / ติเพื่อชม 79/100, ได้อย่างเสียอย่าง (Mixed/Balanced) 0/50, เป็นกลาง / ข้อเท็จจริง (Neutral/Fact) 16/50, ประชดประชัน/คำวิจารณ์เชิงลบ 410/1000, ชมแบบซ่อนรูป/เชิงบวกทางอ้อม 889/1000, ข้อเท็จจริง/กลางๆ/สอบถาม 386/1000
  gold -> answer: {'positive->positive': 968, 'negative->positive': 647, 'neutral->positive': 500, 'negative->negative': 453, 'neutral->neutral': 402, 'neutral->question': 145, 'positive->negative': 129, 'neutral->negative': 53, 'positive->neutral': 3}
held-out composed sets: indirect_praise 57/58 = 0.98, plain_negative 102/102 = 1.00, sarcastic 181/185 = 0.98, sincere 192/194 = 0.99

== laya-th-run17: reviews
stars   n   negative  neutral  positive  question   mean frustration
  1    1289      0.94     0.03      0.02      0.00   1.07
  2     234      0.88     0.04      0.06      0.02   0.93
  3     196      0.72     0.12      0.14      0.01   0.88
  4     161      0.35     0.10      0.53      0.02   0.52
  5    1120      0.16     0.07      0.76      0.01   0.32
1-2 stars called negative or 4-5 stars called positive: 0.840; the opposite: 0.101; by business {'banking': 0.8166, 'insurance': 0.881, 'telecom': 0.8711}
frustration separates 1-2 stars from 4-5 stars with AUC 0.913
ambiguous / sarcastic sentences: 0.555; by type ประชดประชัน (Sarcasm) 42/100, ชมแบบซ่อนรูป / ติเพื่อชม 72/100, ได้อย่างเสียอย่าง (Mixed/Balanced) 5/50, เป็นกลาง / ข้อเท็จจริง (Neutral/Fact) 24/50, ประชดประชัน/คำวิจารณ์เชิงลบ 405/1000, ชมแบบซ่อนรูป/เชิงบวกทางอ้อม 680/1000, ข้อเท็จจริง/กลางๆ/สอบถาม 603/1000
  gold -> answer: {'positive->positive': 752, 'neutral->neutral': 632, 'negative->positive': 576, 'negative->negative': 447, 'neutral->positive': 345, 'positive->neutral': 193, 'positive->negative': 155, 'neutral->question': 94, 'negative->neutral': 77, 'neutral->negative': 29}
held-out composed sets: indirect_praise 57/58 = 0.98, plain_negative 102/102 = 1.00, sarcastic 183/185 = 0.99, sincere 190/194 = 0.98

== laya-th-run17
set    business      n  intent   dept    urg  false-other  other-caught | frustration exact / MAE / mean pred vs true
long   telecom     120   0.592  0.742  0.783     5/107        6/13    | 0.733 / 0.30 / 0.64 vs 0.66
long   banking     120   0.558  0.650  0.817     7/94        17/26    | 0.767 / 0.29 / 0.51 vs 0.37
long   insurance   120   0.583  0.708  0.783    23/64        50/56    | 0.742 / 0.33 / 0.45 vs 0.35
long   all         360   0.578  0.700  0.794        0.132
short  telecom     237   0.595  0.768  0.781     9/211       15/26    | 
short  banking     238   0.538  0.676  0.803    17/188       34/50    | 
short  insurance   239   0.544  0.657  0.795    38/128       86/111   | 
short  all         714   0.559  0.700  0.793        0.121

== laya-th-run17  (300 hand-labelled reviews)
telecom    n=  51 intent 0.726 dept 0.784 urg 0.804 false-other 6/31 other-caught 19/20
banking    n= 175 intent 0.674 dept 0.737 urg 0.829 false-other 29/114 other-caught 53/61
insurance  n=  74 intent 0.865 dept 0.757 urg 0.851 false-other 8/13 other-caught 60/61
all        n= 300 intent 0.730 dept 0.750 urg 0.830 false-other 43/158 other-caught 132/142
student vs teacher on /work/thai/data/cs/cs9_eval.jsonl:
  choice  n=21892 argmax agreement 0.899  mean TV distance 0.112
  noul    n=16419 argmax agreement 0.990  mean TV distance 0.024
  score   n=10946 argmax agreement 0.812  mean TV distance 0.141

/work/thai/out/laya-th-run17: 5473 eval records, 90 ms/record
overall: 11720 decisions, accuracy 0.955, Brier 0.089, ECE 0.079
source:type                      n    acc  brier    mae
b77:choice                    1242  0.956  0.088 
banking:choice                1216  0.977  0.050 
ecommerce:choice              3064  0.982  0.044 
insurance:choice              1784  0.974  0.057 
iqa:choice                     622  0.981  0.048 
other_gen:choice               494  0.976  0.053 
pantip_banking:choice          136  0.934  0.133 
pantip_banking:score            50  0.880  0.172  0.188
pantip_insurance:choice         19  0.842  0.285 
pantip_insurance:score           8  1.000  0.009  0.117
pantip_telecom:choice          116  0.888  0.201 
pantip_telecom:score            39  0.897  0.190  0.172
telecom:choice                1130  0.947  0.099 
wisesight:choice              1800  0.873  0.227 
tickets: department 5/5  refund 5/5  frustration MAE 0.45
   โดนหักเงินซ้ำสองครั้งเมื่อวานน billing   p=0.95 frustration=1.17 refund=0.93
   เน็ตบ้านหลุดบ่อยมากตั้งแต่เมื่ technical p=0.95 frustration=1.00 refund=0.05
   สนใจเปลี่ยนเป็นแพ็กเกจ 5G ที่โ sales     p=0.95 frustration=0.27 refund=0.04
   ใบแจ้งหนี้เดือนนี้แพงกว่าปกติ  billing   p=0.96 frustration=1.01 refund=0.16
   แอปล็อกอินไม่ได้ ขึ้นว่ารหัสผิ technical p=0.95 frustration=1.87 refund=0.08
student vs teacher on /work/thai/data/distill3_eval.jsonl:
  choice  n= 2528 argmax agreement 0.661  mean TV distance 0.333
  noul    n= 2483 argmax agreement 0.875  mean TV distance 0.137
  score   n= 1117 argmax agreement 0.644  mean TV distance 0.318

/work/thai/out/laya-th-run17: 1704 eval records, 38 ms/record
overall: 2455 decisions, accuracy 0.770, Brier 0.397, ECE 0.156
source:type                      n    acc  brier    mae
massive_th:choice              300  0.793  0.350 
prachathai:choice              163  0.890  0.209 
prachathai:noul                588  0.900  0.179 
sib200_th:choice               204  0.647  0.602 
wisesight:choice               300  0.713  0.423 
wongnai:score                  300  0.607  0.720  0.423
xnli_th:choice                 300  0.687  0.543 
xnli_th:noul                   300  0.820  0.340 
tickets: department 5/5  refund 5/5  frustration MAE 0.45
   โดนหักเงินซ้ำสองครั้งเมื่อวานน billing   p=0.95 frustration=1.17 refund=0.93
   เน็ตบ้านหลุดบ่อยมากตั้งแต่เมื่ technical p=0.95 frustration=1.00 refund=0.05
   สนใจเปลี่ยนเป็นแพ็กเกจ 5G ที่โ sales     p=0.95 frustration=0.27 refund=0.04
   ใบแจ้งหนี้เดือนนี้แพงกว่าปกติ  billing   p=0.96 frustration=1.01 refund=0.16
   แอปล็อกอินไม่ได้ ขึ้นว่ารหัสผิ technical p=0.95 frustration=1.87 refund=0.08
== [01:25] 4/4 restore :8011 (run 16) and permissions
== [01:25] done
