== [09:08] 1/4 items
{
 "new_items": 25681,
 "replay": 60000,
 "items": 85681,
 "dropped": {
  "in our eval sets": 100,
  "thaisum": 3976,
  "not Thai": 5456
 },
 "by": {
  "iapp:choice": 1613,
  "iapp:noul": 1017,
  "massive_th:choice": 3192,
  "massive_th:noul": 1635,
  "synth_bank_support:choice": 351,
  "synth_bank_support:noul": 593,
  "synth_bank_support:score": 201,
  "synth_codemix_review:choice": 370,
  "synth_codemix_review:noul": 375,
  "synth_codemix_review:score": 330,
  "synth_ecommerce_support:choice": 337,
  "synth_ecommerce_support:noul": 369,
  "synth_ecommerce_support:score": 396,
  "synth_gov_service:choice": 318,
  "synth_gov_service:noul": 281,
  "synth_gov_service:score": 231,
  "synth_hr_email:choice": 364,
  "synth_hr_email:noul": 210,
  "synth_hr_email:score": 279,
  "synth_line_chat:choice": 247,
  "synth_line_chat:noul": 326,
  "synth_line_chat:score": 205,
  "synth_moderation:choice": 333,
  "synth_moderation:noul": 372,
  "synth_moderation:score": 186,
  "synth_nli:choice": 2763,
  "synth_nli:noul": 1169,
  "synth_telco_support:choice": 354,
  "synth_telco_support:noul": 375,
  "synth_telco_support:score": 416,
  "wisesight:choice": 1028,
  "wisesight:noul": 1092,
  "wisesight:score": 945,
  "wongnai:noul": 884,
  "wongnai:score": 2524
 }
}
== [09:09] 2/4 train run 18 from run 16, 2 epochs, LR 1e-5 / 4e-5
  /work/thai/data/cs/cs18_items.pt: 85681 items
train: 85681 items, 2 epochs, 5354 updates, micro 8 x accum 4
  epoch 1/2 step 50/10711 loss 1.6775 ce 1.3865 reward -0.889 lr 1.00e-05 0.5 min, 0.58 s/step
  epoch 1/2 step 100/10711 loss 0.1998 ce 0.4599 reward 0.167 lr 1.00e-05 0.9 min, 0.56 s/step
  epoch 1/2 step 150/10711 loss -0.2990 ce 0.6757 reward -0.016 lr 1.00e-05 1.4 min, 0.58 s/step
  epoch 1/2 step 200/10711 loss 0.1423 ce 0.5155 reward 0.082 lr 1.00e-05 2.0 min, 0.59 s/step
  epoch 1/2 step 250/10711 loss 0.5910 ce 0.4688 reward 0.197 lr 1.00e-05 2.5 min, 0.61 s/step
  epoch 1/2 step 300/10711 loss -0.0510 ce 0.6742 reward -0.011 lr 1.00e-05 2.9 min, 0.58 s/step
  epoch 1/2 step 350/10711 loss -1.0426 ce 0.6685 reward -0.004 lr 9.99e-06 3.3 min, 0.57 s/step
  epoch 1/2 step 400/10711 loss 1.0647 ce 1.0766 reward -0.692 lr 9.99e-06 3.7 min, 0.55 s/step
  epoch 1/2 step 450/10711 loss 0.4399 ce 0.9212 reward -0.531 lr 9.99e-06 4.1 min, 0.54 s/step
  epoch 1/2 step 500/10711 loss 0.8375 ce 0.4872 reward 0.192 lr 9.99e-06 4.5 min, 0.54 s/step
  epoch 1/2 step 550/10711 loss -0.1916 ce 0.3354 reward 0.353 lr 9.99e-06 4.9 min, 0.53 s/step
  epoch 1/2 step 600/10711 loss -0.4663 ce 0.5494 reward 0.002 lr 9.98e-06 5.2 min, 0.52 s/step
  epoch 1/2 step 650/10711 loss 0.0483 ce 0.5302 reward 0.063 lr 9.98e-06 5.7 min, 0.52 s/step
  epoch 1/2 step 700/10711 loss 0.4465 ce 0.3676 reward 0.319 lr 9.98e-06 6.0 min, 0.51 s/step
  epoch 1/2 step 750/10711 loss -0.5584 ce 0.6706 reward -0.010 lr 9.97e-06 6.5 min, 0.52 s/step
  epoch 1/2 step 800/10711 loss 1.1651 ce 1.1538 reward -0.761 lr 9.97e-06 6.9 min, 0.52 s/step
  epoch 1/2 step 850/10711 loss 0.9741 ce 1.4922 reward -1.201 lr 9.97e-06 7.3 min, 0.51 s/step
  epoch 1/2 step 900/10711 loss -0.2328 ce 0.3351 reward 0.317 lr 9.96e-06 7.7 min, 0.51 s/step
  epoch 1/2 step 950/10711 loss 0.8385 ce 0.6012 reward 0.028 lr 9.96e-06 8.0 min, 0.50 s/step
  epoch 1/2 step 1000/10711 loss 0.5133 ce 0.7942 reward -0.411 lr 9.95e-06 8.4 min, 0.50 s/step
  epoch 1/2 step 1050/10711 loss -0.1301 ce 0.3778 reward 0.288 lr 9.95e-06 8.7 min, 0.50 s/step
  epoch 1/2 step 1100/10711 loss -0.7722 ce 0.3678 reward 0.296 lr 9.94e-06 9.1 min, 0.50 s/step
  epoch 1/2 step 1150/10711 loss -0.1250 ce 0.3417 reward 0.341 lr 9.94e-06 9.5 min, 0.49 s/step
  epoch 1/2 step 1200/10711 loss 0.3402 ce 0.4478 reward 0.220 lr 9.93e-06 10.0 min, 0.50 s/step
  epoch 1/2 step 1250/10711 loss 0.4690 ce 0.4974 reward 0.120 lr 9.92e-06 10.3 min, 0.49 s/step
  epoch 1/2 step 1300/10711 loss 0.2926 ce 0.7407 reward -0.287 lr 9.92e-06 10.7 min, 0.49 s/step
  epoch 1/2 step 1350/10711 loss 0.4127 ce 0.7810 reward -0.353 lr 9.91e-06 11.1 min, 0.49 s/step
  epoch 1/2 step 1400/10711 loss 0.1675 ce 0.3597 reward 0.310 lr 9.91e-06 11.5 min, 0.49 s/step
  epoch 1/2 step 1450/10711 loss 1.3110 ce 1.1998 reward -0.771 lr 9.90e-06 11.9 min, 0.49 s/step
  epoch 1/2 step 1500/10711 loss 0.7189 ce 0.7468 reward -0.191 lr 9.89e-06 12.2 min, 0.49 s/step
  epoch 1/2 step 1550/10711 loss 0.5398 ce 0.5910 reward 0.025 lr 9.88e-06 12.6 min, 0.49 s/step
  epoch 1/2 step 1600/10711 loss -0.0734 ce 0.5543 reward 0.071 lr 9.88e-06 13.0 min, 0.49 s/step
  epoch 1/2 step 1650/10711 loss 0.6826 ce 0.6913 reward -0.205 lr 9.87e-06 13.4 min, 0.49 s/step
  epoch 1/2 step 1700/10711 loss 0.6260 ce 1.0655 reward -0.545 lr 9.86e-06 13.9 min, 0.49 s/step
  epoch 1/2 step 1750/10711 loss 0.9294 ce 0.6810 reward -0.055 lr 9.85e-06 14.3 min, 0.49 s/step
  epoch 1/2 step 1800/10711 loss 0.0049 ce 0.3535 reward 0.324 lr 9.84e-06 14.7 min, 0.49 s/step
  epoch 1/2 step 1850/10711 loss -0.0634 ce 0.4172 reward 0.241 lr 9.84e-06 15.0 min, 0.49 s/step
  epoch 1/2 step 1900/10711 loss 1.5123 ce 1.3043 reward -0.700 lr 9.83e-06 15.4 min, 0.49 s/step
  epoch 1/2 step 1950/10711 loss 0.3411 ce 0.4667 reward 0.182 lr 9.82e-06 15.9 min, 0.49 s/step
  epoch 1/2 step 2000/10711 loss -0.0230 ce 0.3273 reward 0.304 lr 9.81e-06 16.3 min, 0.49 s/step
  epoch 1/2 step 2050/10711 loss 0.6397 ce 0.7713 reward -0.216 lr 9.80e-06 16.7 min, 0.49 s/step
  epoch 1/2 step 2100/10711 loss 0.4180 ce 0.4867 reward 0.105 lr 9.79e-06 17.0 min, 0.49 s/step
  epoch 1/2 step 2150/10711 loss 0.4327 ce 0.5344 reward 0.087 lr 9.78e-06 17.6 min, 0.49 s/step
  epoch 1/2 step 2200/10711 loss 0.3050 ce 0.4864 reward 0.112 lr 9.77e-06 18.0 min, 0.49 s/step
  epoch 1/2 step 2250/10711 loss 0.2473 ce 0.4259 reward 0.224 lr 9.76e-06 18.5 min, 0.49 s/step
  epoch 1/2 step 2300/10711 loss -1.1875 ce 0.6421 reward 0.022 lr 9.75e-06 19.0 min, 0.50 s/step
  epoch 1/2 step 2350/10711 loss 0.1033 ce 0.4227 reward 0.219 lr 9.74e-06 19.4 min, 0.50 s/step
  epoch 1/2 step 2400/10711 loss 0.8147 ce 0.7597 reward -0.306 lr 9.72e-06 19.7 min, 0.49 s/step
  epoch 1/2 step 2450/10711 loss 0.3468 ce 0.4247 reward 0.214 lr 9.71e-06 20.2 min, 0.50 s/step
  epoch 1/2 step 2500/10711 loss 0.8847 ce 0.6231 reward -0.021 lr 9.70e-06 20.6 min, 0.50 s/step
  epoch 1/2 step 2550/10711 loss 0.6323 ce 0.6960 reward -0.174 lr 9.69e-06 21.0 min, 0.49 s/step
  epoch 1/2 step 2600/10711 loss 0.3496 ce 0.6043 reward -0.084 lr 9.68e-06 21.3 min, 0.49 s/step
  epoch 1/2 step 2650/10711 loss 0.6538 ce 0.7420 reward -0.172 lr 9.66e-06 21.7 min, 0.49 s/step
  epoch 1/2 step 2700/10711 loss 0.3328 ce 0.4248 reward 0.248 lr 9.65e-06 22.1 min, 0.49 s/step
  epoch 1/2 step 2750/10711 loss -0.0316 ce 0.3094 reward 0.388 lr 9.64e-06 22.5 min, 0.49 s/step
  epoch 1/2 step 2800/10711 loss 0.1166 ce 0.4780 reward 0.163 lr 9.63e-06 22.9 min, 0.49 s/step
  epoch 1/2 step 2850/10711 loss 0.7772 ce 0.6283 reward 0.018 lr 9.61e-06 23.3 min, 0.49 s/step
  epoch 1/2 step 2900/10711 loss 0.3077 ce 0.8435 reward -0.304 lr 9.60e-06 23.7 min, 0.49 s/step
  epoch 1/2 step 2950/10711 loss 0.1074 ce 0.5006 reward 0.087 lr 9.59e-06 24.1 min, 0.49 s/step
  epoch 1/2 step 3000/10711 loss 0.4441 ce 0.3772 reward 0.285 lr 9.57e-06 24.5 min, 0.49 s/step
  epoch 1/2 step 3050/10711 loss 0.7608 ce 0.6209 reward 0.048 lr 9.56e-06 24.9 min, 0.49 s/step
  epoch 1/2 step 3100/10711 loss 0.1716 ce 0.7277 reward -0.233 lr 9.54e-06 25.3 min, 0.49 s/step
  epoch 1/2 step 3150/10711 loss -0.4079 ce 0.3366 reward 0.350 lr 9.53e-06 25.7 min, 0.49 s/step
  epoch 1/2 step 3200/10711 loss 0.7355 ce 0.5952 reward -0.026 lr 9.51e-06 26.1 min, 0.49 s/step
  epoch 1/2 step 3250/10711 loss 1.7084 ce 1.4345 reward -0.922 lr 9.50e-06 26.5 min, 0.49 s/step
  epoch 1/2 step 3300/10711 loss 0.2628 ce 0.3713 reward 0.234 lr 9.48e-06 26.9 min, 0.49 s/step
  epoch 1/2 step 3350/10711 loss 1.2218 ce 0.4331 reward 0.195 lr 9.47e-06 27.4 min, 0.49 s/step
  epoch 1/2 step 3400/10711 loss 0.2250 ce 0.7022 reward -0.177 lr 9.45e-06 27.9 min, 0.49 s/step
  epoch 1/2 step 3450/10711 loss 0.6353 ce 0.4952 reward 0.139 lr 9.44e-06 28.3 min, 0.49 s/step
  epoch 1/2 step 3500/10711 loss 0.5588 ce 0.5723 reward 0.006 lr 9.42e-06 28.7 min, 0.49 s/step
  epoch 1/2 step 3550/10711 loss 0.1682 ce 0.5402 reward 0.113 lr 9.40e-06 29.1 min, 0.49 s/step
  epoch 1/2 step 3600/10711 loss 0.4035 ce 0.4388 reward 0.208 lr 9.39e-06 29.5 min, 0.49 s/step
  epoch 1/2 step 3650/10711 loss 0.3019 ce 0.4843 reward 0.169 lr 9.37e-06 29.9 min, 0.49 s/step
  epoch 1/2 step 3700/10711 loss 0.3611 ce 0.4540 reward 0.201 lr 9.35e-06 30.3 min, 0.49 s/step
  epoch 1/2 step 3750/10711 loss 0.5446 ce 0.6267 reward -0.035 lr 9.34e-06 30.7 min, 0.49 s/step
  epoch 1/2 step 3800/10711 loss -0.1832 ce 0.6865 reward -0.023 lr 9.32e-06 31.1 min, 0.49 s/step
  epoch 1/2 step 3850/10711 loss -0.4201 ce 0.7024 reward -0.045 lr 9.30e-06 31.6 min, 0.49 s/step
  epoch 1/2 step 3900/10711 loss 0.0721 ce 0.4001 reward 0.252 lr 9.28e-06 32.1 min, 0.49 s/step
  epoch 1/2 step 3950/10711 loss 0.4409 ce 0.4316 reward 0.172 lr 9.27e-06 32.5 min, 0.49 s/step
  epoch 1/2 step 4000/10711 loss 0.6599 ce 0.5776 reward 0.058 lr 9.25e-06 32.9 min, 0.49 s/step
  epoch 1/2 step 4050/10711 loss 0.0936 ce 0.3545 reward 0.313 lr 9.23e-06 33.3 min, 0.49 s/step
  epoch 1/2 step 4100/10711 loss 0.0319 ce 0.4843 reward 0.134 lr 9.21e-06 33.8 min, 0.49 s/step
  epoch 1/2 step 4150/10711 loss -0.3596 ce 0.2962 reward 0.393 lr 9.19e-06 34.1 min, 0.49 s/step
  epoch 1/2 step 4200/10711 loss -1.7239 ce 0.6757 reward -0.012 lr 9.17e-06 34.6 min, 0.49 s/step
  epoch 1/2 step 4250/10711 loss 0.5406 ce 0.5943 reward -0.043 lr 9.15e-06 35.0 min, 0.49 s/step
  epoch 1/2 step 4300/10711 loss 0.0823 ce 0.3938 reward 0.259 lr 9.13e-06 35.3 min, 0.49 s/step
  epoch 1/2 step 4350/10711 loss 0.4931 ce 1.2943 reward -0.701 lr 9.12e-06 35.8 min, 0.49 s/step
  epoch 1/2 step 4400/10711 loss 0.4472 ce 0.7191 reward -0.148 lr 9.09e-06 36.2 min, 0.49 s/step
  epoch 1/2 step 4450/10711 loss 0.2282 ce 0.5578 reward 0.003 lr 9.08e-06 36.6 min, 0.49 s/step
  epoch 1/2 step 4500/10711 loss 0.8694 ce 1.0393 reward -0.641 lr 9.05e-06 37.0 min, 0.49 s/step
  epoch 1/2 step 4550/10711 loss 0.2799 ce 0.6370 reward -0.120 lr 9.04e-06 37.4 min, 0.49 s/step
  epoch 1/2 step 4600/10711 loss 0.6828 ce 0.6798 reward -0.129 lr 9.01e-06 37.8 min, 0.49 s/step
  epoch 1/2 step 4650/10711 loss 0.1222 ce 0.4569 reward 0.205 lr 8.99e-06 38.1 min, 0.49 s/step
  epoch 1/2 step 4700/10711 loss 1.0621 ce 0.7012 reward -0.199 lr 8.97e-06 38.6 min, 0.49 s/step
  epoch 1/2 step 4750/10711 loss 0.3673 ce 0.5740 reward 0.066 lr 8.95e-06 39.0 min, 0.49 s/step
  epoch 1/2 step 4800/10711 loss 0.8944 ce 0.8931 reward -0.391 lr 8.93e-06 39.5 min, 0.49 s/step
  epoch 1/2 step 4850/10711 loss -0.0546 ce 0.3219 reward 0.354 lr 8.91e-06 39.9 min, 0.49 s/step
  epoch 1/2 step 4900/10711 loss 0.7837 ce 0.6341 reward -0.041 lr 8.89e-06 40.3 min, 0.49 s/step
  epoch 1/2 step 4950/10711 loss -0.3851 ce 0.3856 reward 0.297 lr 8.87e-06 40.6 min, 0.49 s/step
  epoch 1/2 step 5000/10711 loss 0.0087 ce 0.4102 reward 0.239 lr 8.84e-06 41.2 min, 0.49 s/step
  epoch 1/2 step 5050/10711 loss -1.6069 ce 0.6758 reward -0.014 lr 8.82e-06 41.6 min, 0.49 s/step
  epoch 1/2 step 5100/10711 loss 0.0431 ce 0.4316 reward 0.199 lr 8.80e-06 42.0 min, 0.49 s/step
  epoch 1/2 step 5150/10711 loss -0.1224 ce 0.5107 reward 0.132 lr 8.78e-06 42.4 min, 0.49 s/step
  epoch 1/2 step 5200/10711 loss 0.4972 ce 0.6214 reward -0.031 lr 8.75e-06 42.8 min, 0.49 s/step
  epoch 1/2 step 5250/10711 loss 0.8162 ce 0.4184 reward 0.264 lr 8.73e-06 43.1 min, 0.49 s/step
  epoch 1/2 step 5300/10711 loss 0.4521 ce 0.4013 reward 0.265 lr 8.71e-06 43.5 min, 0.49 s/step
  epoch 1/2 step 5350/10711 loss 0.4554 ce 0.5172 reward 0.109 lr 8.68e-06 43.8 min, 0.49 s/step
  epoch 1/2 step 5400/10711 loss 0.4716 ce 0.4383 reward 0.219 lr 8.66e-06 44.3 min, 0.49 s/step
  epoch 1/2 step 5450/10711 loss 0.3468 ce 0.7203 reward -0.164 lr 8.64e-06 44.7 min, 0.49 s/step
  epoch 1/2 step 5500/10711 loss 0.3313 ce 0.4407 reward 0.191 lr 8.61e-06 45.1 min, 0.49 s/step
  epoch 1/2 step 5550/10711 loss 0.3788 ce 0.4828 reward 0.192 lr 8.59e-06 45.4 min, 0.49 s/step
  epoch 1/2 step 5600/10711 loss 1.1014 ce 0.5859 reward 0.036 lr 8.57e-06 45.8 min, 0.49 s/step
  epoch 1/2 step 5650/10711 loss 1.8039 ce 1.1275 reward -0.522 lr 8.54e-06 46.2 min, 0.49 s/step
  epoch 1/2 step 5700/10711 loss 0.1544 ce 0.6129 reward -0.072 lr 8.52e-06 46.7 min, 0.49 s/step
  epoch 1/2 step 5750/10711 loss 0.1481 ce 0.3992 reward 0.262 lr 8.49e-06 47.0 min, 0.49 s/step
  epoch 1/2 step 5800/10711 loss -0.2027 ce 0.6736 reward -0.009 lr 8.47e-06 47.4 min, 0.49 s/step
  epoch 1/2 step 5850/10711 loss 0.1032 ce 0.7755 reward -0.220 lr 8.44e-06 47.8 min, 0.49 s/step
  epoch 1/2 step 5900/10711 loss -0.0117 ce 0.6800 reward -0.020 lr 8.42e-06 48.2 min, 0.49 s/step
  epoch 1/2 step 5950/10711 loss 0.5867 ce 0.6403 reward -0.091 lr 8.39e-06 48.6 min, 0.49 s/step
  epoch 1/2 step 6000/10711 loss 0.4763 ce 0.4604 reward 0.169 lr 8.37e-06 48.9 min, 0.49 s/step
  epoch 1/2 step 6050/10711 loss 2.3312 ce 2.0217 reward -1.571 lr 8.34e-06 49.3 min, 0.49 s/step
  epoch 1/2 step 6100/10711 loss -0.0164 ce 0.2788 reward 0.413 lr 8.32e-06 49.7 min, 0.49 s/step
  epoch 1/2 step 6150/10711 loss 2.0450 ce 1.1971 reward -0.633 lr 8.29e-06 50.2 min, 0.49 s/step
  epoch 1/2 step 6200/10711 loss 0.2327 ce 0.4896 reward 0.132 lr 8.26e-06 50.6 min, 0.49 s/step
  epoch 1/2 step 6250/10711 loss -0.1285 ce 0.3141 reward 0.377 lr 8.24e-06 51.0 min, 0.49 s/step
  epoch 1/2 step 6300/10711 loss 0.5970 ce 0.5818 reward -0.006 lr 8.21e-06 51.4 min, 0.49 s/step
  epoch 1/2 step 6350/10711 loss 0.4571 ce 0.3103 reward 0.385 lr 8.19e-06 51.7 min, 0.49 s/step
  epoch 1/2 step 6400/10711 loss -0.4622 ce 0.3641 reward 0.313 lr 8.16e-06 52.1 min, 0.49 s/step
  epoch 1/2 step 6450/10711 loss -0.2072 ce 0.6527 reward 0.011 lr 8.13e-06 52.5 min, 0.49 s/step
  epoch 1/2 step 6500/10711 loss 0.6834 ce 0.4887 reward 0.154 lr 8.10e-06 52.9 min, 0.49 s/step
  epoch 1/2 step 6550/10711 loss 0.4612 ce 0.5883 reward 0.014 lr 8.08e-06 53.3 min, 0.49 s/step
  epoch 1/2 step 6600/10711 loss 0.3297 ce 0.4204 reward 0.244 lr 8.05e-06 53.7 min, 0.49 s/step
  epoch 1/2 step 6650/10711 loss 0.6783 ce 1.1306 reward -0.568 lr 8.02e-06 54.2 min, 0.49 s/step
  epoch 1/2 step 6700/10711 loss 0.5421 ce 0.6260 reward -0.035 lr 8.00e-06 54.6 min, 0.49 s/step
  epoch 1/2 step 6750/10711 loss 0.0069 ce 0.4618 reward 0.203 lr 7.97e-06 55.1 min, 0.49 s/step
  epoch 1/2 step 6800/10711 loss -0.6229 ce 0.3423 reward 0.340 lr 7.94e-06 55.5 min, 0.49 s/step
  epoch 1/2 step 6850/10711 loss -0.2138 ce 0.3936 reward 0.264 lr 7.91e-06 56.0 min, 0.49 s/step
  epoch 1/2 step 6900/10711 loss -0.1193 ce 0.5447 reward 0.099 lr 7.89e-06 56.3 min, 0.49 s/step
  epoch 1/2 step 6950/10711 loss -1.2358 ce 0.6729 reward -0.014 lr 7.86e-06 56.8 min, 0.49 s/step
  epoch 1/2 step 7000/10711 loss 0.4419 ce 0.5345 reward 0.043 lr 7.83e-06 57.2 min, 0.49 s/step
  epoch 1/2 step 7050/10711 loss -0.5493 ce 0.4397 reward 0.196 lr 7.80e-06 57.6 min, 0.49 s/step
  epoch 1/2 step 7100/10711 loss 0.1589 ce 0.2812 reward 0.417 lr 7.77e-06 57.9 min, 0.49 s/step
  epoch 1/2 step 7150/10711 loss -0.6478 ce 0.3523 reward 0.333 lr 7.74e-06 58.3 min, 0.49 s/step
  epoch 1/2 step 7200/10711 loss 0.1253 ce 0.3943 reward 0.239 lr 7.71e-06 58.8 min, 0.49 s/step
  epoch 1/2 step 7250/10711 loss 0.4651 ce 0.9353 reward -0.470 lr 7.69e-06 59.2 min, 0.49 s/step
  epoch 1/2 step 7300/10711 loss 0.2705 ce 0.4700 reward 0.190 lr 7.66e-06 59.5 min, 0.49 s/step
  epoch 1/2 step 7350/10711 loss 0.2846 ce 0.5057 reward 0.131 lr 7.63e-06 60.0 min, 0.49 s/step
  epoch 1/2 step 7400/10711 loss 0.9127 ce 0.6778 reward -0.074 lr 7.60e-06 60.4 min, 0.49 s/step
  epoch 1/2 step 7450/10711 loss 0.3875 ce 0.5277 reward 0.102 lr 7.57e-06 60.8 min, 0.49 s/step
  epoch 1/2 step 7500/10711 loss 0.2044 ce 0.4200 reward 0.182 lr 7.54e-06 61.2 min, 0.49 s/step
  epoch 1/2 step 7550/10711 loss -1.2749 ce 0.6697 reward -0.007 lr 7.51e-06 61.7 min, 0.49 s/step
  epoch 1/2 step 7600/10711 loss 0.4264 ce 0.5630 reward 0.021 lr 7.48e-06 62.1 min, 0.49 s/step
  epoch 1/2 step 7650/10711 loss 0.8329 ce 0.5759 reward -0.038 lr 7.45e-06 62.5 min, 0.49 s/step
  epoch 1/2 step 7700/10711 loss 1.7493 ce 1.3873 reward -0.891 lr 7.42e-06 62.9 min, 0.49 s/step
  epoch 1/2 step 7750/10711 loss 0.2386 ce 0.5182 reward 0.091 lr 7.39e-06 63.4 min, 0.49 s/step
  epoch 1/2 step 7800/10711 loss 0.6307 ce 0.6260 reward -0.043 lr 7.36e-06 63.8 min, 0.49 s/step
  epoch 1/2 step 7850/10711 loss 0.5505 ce 0.7808 reward -0.251 lr 7.33e-06 64.2 min, 0.49 s/step
  epoch 1/2 step 7900/10711 loss -0.3922 ce 0.4998 reward 0.124 lr 7.30e-06 64.6 min, 0.49 s/step
  epoch 1/2 step 7950/10711 loss -0.7841 ce 0.6766 reward -0.016 lr 7.27e-06 65.1 min, 0.49 s/step
  epoch 1/2 step 8000/10711 loss -1.2357 ce 0.6840 reward -0.022 lr 7.24e-06 65.5 min, 0.49 s/step
  epoch 1/2 step 8050/10711 loss 0.2728 ce 0.6020 reward -0.078 lr 7.21e-06 65.9 min, 0.49 s/step
  epoch 1/2 step 8100/10711 loss -0.3066 ce 0.6331 reward -0.074 lr 7.18e-06 66.4 min, 0.49 s/step
  epoch 1/2 step 8150/10711 loss 0.6764 ce 0.3773 reward 0.265 lr 7.15e-06 66.7 min, 0.49 s/step
  epoch 1/2 step 8200/10711 loss 1.4083 ce 0.8230 reward -0.246 lr 7.12e-06 67.1 min, 0.49 s/step
  epoch 1/2 step 8250/10711 loss 0.1319 ce 0.3391 reward 0.338 lr 7.09e-06 67.5 min, 0.49 s/step
  epoch 1/2 step 8300/10711 loss -0.2330 ce 0.6704 reward -0.008 lr 7.06e-06 67.9 min, 0.49 s/step
  epoch 1/2 step 8350/10711 loss 0.9079 ce 0.7457 reward -0.112 lr 7.03e-06 68.4 min, 0.49 s/step
  epoch 1/2 step 8400/10711 loss -0.5378 ce 0.3366 reward 0.347 lr 6.99e-06 68.7 min, 0.49 s/step
  epoch 1/2 step 8450/10711 loss -0.2412 ce 0.2915 reward 0.398 lr 6.96e-06 69.2 min, 0.49 s/step
  epoch 1/2 step 8500/10711 loss 0.2071 ce 0.5652 reward -0.036 lr 6.93e-06 69.6 min, 0.49 s/step
  epoch 1/2 step 8550/10711 loss -0.4689 ce 0.4864 reward 0.160 lr 6.90e-06 70.0 min, 0.49 s/step
  epoch 1/2 step 8600/10711 loss 0.3660 ce 0.4072 reward 0.245 lr 6.87e-06 70.4 min, 0.49 s/step
  epoch 1/2 step 8650/10711 loss 0.7768 ce 0.6794 reward -0.019 lr 6.84e-06 70.7 min, 0.49 s/step
  epoch 1/2 step 8700/10711 loss 0.0374 ce 0.4174 reward 0.229 lr 6.81e-06 71.2 min, 0.49 s/step
  epoch 1/2 step 8750/10711 loss 0.1741 ce 0.5276 reward 0.038 lr 6.78e-06 71.6 min, 0.49 s/step
  epoch 1/2 step 8800/10711 loss 0.6515 ce 0.8538 reward -0.235 lr 6.74e-06 72.0 min, 0.49 s/step
  epoch 1/2 step 8850/10711 loss 0.8008 ce 0.7399 reward -0.143 lr 6.71e-06 72.4 min, 0.49 s/step
  epoch 1/2 step 8900/10711 loss 0.7096 ce 0.7121 reward -0.132 lr 6.68e-06 72.9 min, 0.49 s/step
  epoch 1/2 step 8950/10711 loss 0.2305 ce 0.3916 reward 0.226 lr 6.65e-06 73.3 min, 0.49 s/step
  epoch 1/2 step 9000/10711 loss 0.6887 ce 0.6106 reward 0.040 lr 6.62e-06 73.7 min, 0.49 s/step
  epoch 1/2 step 9050/10711 loss 0.3281 ce 0.4307 reward 0.203 lr 6.59e-06 74.1 min, 0.49 s/step
  epoch 1/2 step 9100/10711 loss 1.5754 ce 1.6897 reward -1.268 lr 6.55e-06 74.5 min, 0.49 s/step
  epoch 1/2 step 9150/10711 loss 1.2861 ce 1.2014 reward -0.588 lr 6.52e-06 75.0 min, 0.49 s/step
  epoch 1/2 step 9200/10711 loss -0.3970 ce 0.3094 reward 0.384 lr 6.49e-06 75.4 min, 0.49 s/step
  epoch 1/2 step 9250/10711 loss 0.1655 ce 0.4738 reward 0.147 lr 6.46e-06 75.8 min, 0.49 s/step
  epoch 1/2 step 9300/10711 loss 0.4603 ce 0.3891 reward 0.228 lr 6.42e-06 76.2 min, 0.49 s/step
  epoch 1/2 step 9350/10711 loss 0.2916 ce 0.4583 reward 0.175 lr 6.39e-06 76.6 min, 0.49 s/step
  epoch 1/2 step 9400/10711 loss 0.0384 ce 0.3183 reward 0.366 lr 6.36e-06 77.0 min, 0.49 s/step
  epoch 1/2 step 9450/10711 loss 0.5573 ce 0.6202 reward -0.064 lr 6.33e-06 77.3 min, 0.49 s/step
  epoch 1/2 step 9500/10711 loss 0.3294 ce 0.4410 reward 0.217 lr 6.29e-06 77.8 min, 0.49 s/step
  epoch 1/2 step 9550/10711 loss 0.4683 ce 0.5732 reward 0.010 lr 6.26e-06 78.2 min, 0.49 s/step
  epoch 1/2 step 9600/10711 loss 0.2922 ce 0.6198 reward -0.124 lr 6.23e-06 78.6 min, 0.49 s/step
  epoch 1/2 step 9650/10711 loss 0.4672 ce 0.4996 reward 0.098 lr 6.20e-06 79.1 min, 0.49 s/step
  epoch 1/2 step 9700/10711 loss -0.3756 ce 0.6843 reward -0.019 lr 6.16e-06 79.5 min, 0.49 s/step
  epoch 1/2 step 9750/10711 loss 0.2260 ce 0.6250 reward -0.040 lr 6.13e-06 79.9 min, 0.49 s/step
  epoch 1/2 step 9800/10711 loss 0.7302 ce 0.5956 reward -0.015 lr 6.10e-06 80.3 min, 0.49 s/step
  epoch 1/2 step 9850/10711 loss -0.0745 ce 0.4170 reward 0.189 lr 6.07e-06 80.7 min, 0.49 s/step
  epoch 1/2 step 9900/10711 loss 0.2234 ce 0.7316 reward -0.170 lr 6.03e-06 81.1 min, 0.49 s/step
  epoch 1/2 step 9950/10711 loss 0.3336 ce 0.4347 reward 0.224 lr 6.00e-06 81.4 min, 0.49 s/step
  epoch 1/2 step 10000/10711 loss 0.5123 ce 0.6422 reward -0.068 lr 5.97e-06 81.9 min, 0.49 s/step
  epoch 1/2 step 10050/10711 loss 0.2952 ce 0.4838 reward 0.113 lr 5.94e-06 82.2 min, 0.49 s/step
  epoch 1/2 step 10100/10711 loss 0.1854 ce 0.3569 reward 0.318 lr 5.90e-06 82.6 min, 0.49 s/step
  epoch 1/2 step 10150/10711 loss -0.6765 ce 0.6811 reward -0.022 lr 5.87e-06 83.1 min, 0.49 s/step
  epoch 1/2 step 10200/10711 loss -1.0515 ce 0.6756 reward -0.009 lr 5.84e-06 83.5 min, 0.49 s/step
  epoch 1/2 step 10250/10711 loss 0.9462 ce 1.0185 reward -0.635 lr 5.80e-06 84.0 min, 0.49 s/step
  epoch 1/2 step 10300/10711 loss 0.3940 ce 0.3836 reward 0.235 lr 5.77e-06 84.6 min, 0.49 s/step
  epoch 1/2 step 10350/10711 loss 0.0245 ce 1.2123 reward -0.628 lr 5.74e-06 85.0 min, 0.49 s/step
  epoch 1/2 step 10400/10711 loss 0.9864 ce 1.1572 reward -0.583 lr 5.70e-06 85.4 min, 0.49 s/step
  epoch 1/2 step 10450/10711 loss 0.1440 ce 0.5214 reward 0.093 lr 5.67e-06 85.9 min, 0.49 s/step
  epoch 1/2 step 10500/10711 loss 0.0759 ce 0.3541 reward 0.307 lr 5.64e-06 86.2 min, 0.49 s/step
  epoch 1/2 step 10550/10711 loss 0.4533 ce 0.4715 reward 0.167 lr 5.61e-06 86.5 min, 0.49 s/step
  epoch 1/2 step 10600/10711 loss 0.6775 ce 0.5420 reward 0.100 lr 5.57e-06 86.9 min, 0.49 s/step
  epoch 1/2 step 10650/10711 loss 0.6829 ce 0.6294 reward -0.017 lr 5.54e-06 87.4 min, 0.49 s/step
  epoch 1/2 step 10700/10711 loss 0.3442 ce 0.5886 reward -0.034 lr 5.51e-06 87.8 min, 0.49 s/step
=== epoch 1 done, avg loss 0.2965, 87.8 min ===
  epoch 2/2 step 50/10711 loss -1.0007 ce 0.6877 reward -0.012 lr 5.47e-06 88.3 min, 0.49 s/step
  epoch 2/2 step 100/10711 loss 0.5595 ce 0.4919 reward 0.118 lr 5.43e-06 88.8 min, 0.49 s/step
  epoch 2/2 step 150/10711 loss 0.3849 ce 0.6261 reward -0.007 lr 5.40e-06 89.2 min, 0.49 s/step
  epoch 2/2 step 200/10711 loss 0.2218 ce 0.4599 reward 0.213 lr 5.37e-06 89.5 min, 0.49 s/step
  epoch 2/2 step 250/10711 loss 0.5867 ce 0.6070 reward 0.017 lr 5.33e-06 89.9 min, 0.49 s/step
  epoch 2/2 step 300/10711 loss 0.1225 ce 0.4422 reward 0.215 lr 5.30e-06 90.2 min, 0.49 s/step
  epoch 2/2 step 350/10711 loss 0.5014 ce 0.6161 reward -0.009 lr 5.27e-06 90.6 min, 0.49 s/step
  epoch 2/2 step 400/10711 loss 0.3156 ce 0.5518 reward 0.071 lr 5.23e-06 91.0 min, 0.49 s/step
  epoch 2/2 step 450/10711 loss -2.5159 ce 0.6791 reward -0.003 lr 5.20e-06 91.4 min, 0.49 s/step
  epoch 2/2 step 500/10711 loss 0.8751 ce 0.3726 reward 0.302 lr 5.17e-06 91.7 min, 0.49 s/step
  epoch 2/2 step 550/10711 loss 1.1050 ce 0.8677 reward -0.305 lr 5.14e-06 92.1 min, 0.49 s/step
  epoch 2/2 step 600/10711 loss 0.4738 ce 0.3473 reward 0.332 lr 5.10e-06 92.5 min, 0.49 s/step
  epoch 2/2 step 650/10711 loss -1.5743 ce 0.6562 reward 0.020 lr 5.07e-06 92.9 min, 0.49 s/step
  epoch 2/2 step 700/10711 loss 0.6268 ce 0.4660 reward 0.183 lr 5.04e-06 93.3 min, 0.49 s/step
  epoch 2/2 step 750/10711 loss 0.1716 ce 0.6719 reward 0.004 lr 5.00e-06 93.6 min, 0.49 s/step
  epoch 2/2 step 800/10711 loss 0.3987 ce 0.3079 reward 0.375 lr 4.97e-06 94.0 min, 0.49 s/step
  epoch 2/2 step 850/10711 loss 1.2382 ce 0.6845 reward -0.009 lr 4.94e-06 94.4 min, 0.49 s/step
  epoch 2/2 step 900/10711 loss 0.4627 ce 0.5530 reward 0.067 lr 4.90e-06 94.7 min, 0.49 s/step
  epoch 2/2 step 950/10711 loss 0.2554 ce 0.2276 reward 0.481 lr 4.87e-06 95.1 min, 0.49 s/step
  epoch 2/2 step 1000/10711 loss -0.5330 ce 0.3202 reward 0.377 lr 4.84e-06 95.6 min, 0.49 s/step
  epoch 2/2 step 1050/10711 loss 0.7648 ce 0.7522 reward -0.174 lr 4.81e-06 96.0 min, 0.49 s/step
  epoch 2/2 step 1100/10711 loss 0.2560 ce 0.4919 reward 0.163 lr 4.77e-06 96.4 min, 0.49 s/step
  epoch 2/2 step 1150/10711 loss 0.2906 ce 0.3072 reward 0.387 lr 4.74e-06 96.8 min, 0.49 s/step
  epoch 2/2 step 1200/10711 loss 0.4746 ce 0.4610 reward 0.177 lr 4.71e-06 97.1 min, 0.49 s/step
  epoch 2/2 step 1250/10711 loss 1.3530 ce 0.8018 reward -0.256 lr 4.68e-06 97.6 min, 0.49 s/step
  epoch 2/2 step 1300/10711 loss 1.0488 ce 0.8340 reward -0.225 lr 4.64e-06 97.9 min, 0.49 s/step
  epoch 2/2 step 1350/10711 loss -0.0301 ce 0.3141 reward 0.375 lr 4.61e-06 98.4 min, 0.49 s/step
  epoch 2/2 step 1400/10711 loss -0.3086 ce 0.6773 reward -0.001 lr 4.58e-06 98.8 min, 0.49 s/step
  epoch 2/2 step 1450/10711 loss -0.5866 ce 0.6562 reward 0.020 lr 4.55e-06 99.2 min, 0.49 s/step
  epoch 2/2 step 1500/10711 loss 0.2938 ce 0.4120 reward 0.267 lr 4.52e-06 99.6 min, 0.49 s/step
  epoch 2/2 step 1550/10711 loss 0.4928 ce 0.6318 reward -0.023 lr 4.48e-06 100.1 min, 0.49 s/step
  epoch 2/2 step 1600/10711 loss 0.6025 ce 0.5616 reward 0.079 lr 4.45e-06 100.4 min, 0.49 s/step
  epoch 2/2 step 1650/10711 loss 0.2759 ce 0.3897 reward 0.282 lr 4.42e-06 101.0 min, 0.49 s/step
  epoch 2/2 step 1700/10711 loss -0.1192 ce 0.3000 reward 0.400 lr 4.39e-06 101.4 min, 0.49 s/step
  epoch 2/2 step 1750/10711 loss 0.2986 ce 0.3874 reward 0.302 lr 4.36e-06 101.9 min, 0.49 s/step
  epoch 2/2 step 1800/10711 loss 0.3654 ce 0.4123 reward 0.219 lr 4.32e-06 102.3 min, 0.49 s/step
  epoch 2/2 step 1850/10711 loss -0.3876 ce 0.6792 reward -0.003 lr 4.29e-06 102.7 min, 0.49 s/step
  epoch 2/2 step 1900/10711 loss 2.1852 ce 2.0267 reward -1.507 lr 4.26e-06 103.1 min, 0.49 s/step
  epoch 2/2 step 1950/10711 loss 0.9359 ce 0.8063 reward -0.289 lr 4.23e-06 103.5 min, 0.49 s/step
  epoch 2/2 step 2000/10711 loss -0.0530 ce 0.3255 reward 0.371 lr 4.20e-06 104.0 min, 0.49 s/step
  epoch 2/2 step 2050/10711 loss -0.8222 ce 0.3347 reward 0.361 lr 4.17e-06 104.3 min, 0.49 s/step
  epoch 2/2 step 2100/10711 loss 0.2873 ce 0.2704 reward 0.430 lr 4.13e-06 104.7 min, 0.49 s/step
  epoch 2/2 step 2150/10711 loss 0.2694 ce 0.4952 reward 0.150 lr 4.10e-06 105.1 min, 0.49 s/step
  epoch 2/2 step 2200/10711 loss -0.0892 ce 0.3292 reward 0.366 lr 4.07e-06 105.6 min, 0.49 s/step
  epoch 2/2 step 2250/10711 loss 0.3950 ce 0.5469 reward 0.066 lr 4.04e-06 106.0 min, 0.49 s/step
  epoch 2/2 step 2300/10711 loss 0.8695 ce 0.5827 reward 0.058 lr 4.01e-06 106.4 min, 0.49 s/step
  epoch 2/2 step 2350/10711 loss 0.2454 ce 0.4939 reward 0.161 lr 3.98e-06 106.7 min, 0.49 s/step
  epoch 2/2 step 2400/10711 loss 0.8271 ce 0.6402 reward -0.025 lr 3.95e-06 107.2 min, 0.49 s/step
  epoch 2/2 step 2450/10711 loss 0.4756 ce 0.5737 reward 0.020 lr 3.92e-06 107.6 min, 0.49 s/step
  epoch 2/2 step 2500/10711 loss 0.5666 ce 0.3807 reward 0.304 lr 3.88e-06 108.1 min, 0.49 s/step
  epoch 2/2 step 2550/10711 loss 0.6031 ce 0.4297 reward 0.248 lr 3.85e-06 108.5 min, 0.49 s/step
  epoch 2/2 step 2600/10711 loss 1.0702 ce 0.7612 reward -0.126 lr 3.82e-06 109.0 min, 0.49 s/step
  epoch 2/2 step 2650/10711 loss 0.6693 ce 0.5725 reward 0.059 lr 3.79e-06 109.4 min, 0.49 s/step
  epoch 2/2 step 2700/10711 loss 0.1328 ce 0.5688 reward 0.048 lr 3.76e-06 109.8 min, 0.49 s/step
  epoch 2/2 step 2750/10711 loss -0.0335 ce 0.4135 reward 0.253 lr 3.73e-06 110.1 min, 0.49 s/step
  epoch 2/2 step 2800/10711 loss 0.1856 ce 0.3895 reward 0.293 lr 3.70e-06 110.5 min, 0.49 s/step
  epoch 2/2 step 2850/10711 loss 0.2412 ce 0.4166 reward 0.237 lr 3.67e-06 110.9 min, 0.49 s/step
  epoch 2/2 step 2900/10711 loss 0.2377 ce 0.6755 reward 0.000 lr 3.64e-06 111.3 min, 0.49 s/step
  epoch 2/2 step 2950/10711 loss 0.6642 ce 0.5342 reward 0.088 lr 3.61e-06 111.6 min, 0.49 s/step
  epoch 2/2 step 3000/10711 loss 1.0523 ce 0.4985 reward 0.152 lr 3.58e-06 112.1 min, 0.49 s/step
  epoch 2/2 step 3050/10711 loss 1.2347 ce 0.6861 reward -0.010 lr 3.55e-06 112.5 min, 0.49 s/step
  epoch 2/2 step 3100/10711 loss 0.6256 ce 0.6389 reward -0.071 lr 3.52e-06 112.9 min, 0.49 s/step
  epoch 2/2 step 3150/10711 loss 0.3898 ce 0.4503 reward 0.216 lr 3.49e-06 113.3 min, 0.49 s/step
  epoch 2/2 step 3200/10711 loss 1.4006 ce 0.8058 reward -0.203 lr 3.46e-06 113.7 min, 0.49 s/step
  epoch 2/2 step 3250/10711 loss -0.1617 ce 0.3190 reward 0.382 lr 3.43e-06 114.0 min, 0.49 s/step
  epoch 2/2 step 3300/10711 loss 0.0198 ce 0.4148 reward 0.270 lr 3.40e-06 114.5 min, 0.49 s/step
  epoch 2/2 step 3350/10711 loss 0.4089 ce 0.4952 reward 0.147 lr 3.38e-06 115.0 min, 0.49 s/step
  epoch 2/2 step 3400/10711 loss 0.6210 ce 0.7341 reward -0.117 lr 3.35e-06 115.3 min, 0.49 s/step
  epoch 2/2 step 3450/10711 loss 0.2592 ce 0.3393 reward 0.346 lr 3.32e-06 115.8 min, 0.49 s/step
  epoch 2/2 step 3500/10711 loss 0.1877 ce 0.5176 reward 0.096 lr 3.29e-06 116.2 min, 0.49 s/step
  epoch 2/2 step 3550/10711 loss -0.0231 ce 0.3755 reward 0.316 lr 3.26e-06 116.6 min, 0.49 s/step
  epoch 2/2 step 3600/10711 loss 0.8538 ce 0.7016 reward -0.092 lr 3.23e-06 117.1 min, 0.49 s/step
  epoch 2/2 step 3650/10711 loss 1.1380 ce 0.8552 reward -0.258 lr 3.20e-06 117.6 min, 0.49 s/step
  epoch 2/2 step 3700/10711 loss 0.4628 ce 0.5454 reward 0.080 lr 3.17e-06 118.0 min, 0.49 s/step
  epoch 2/2 step 3750/10711 loss 0.3575 ce 0.6780 reward -0.002 lr 3.15e-06 118.5 min, 0.49 s/step
  epoch 2/2 step 3800/10711 loss 0.2568 ce 0.3153 reward 0.385 lr 3.12e-06 118.9 min, 0.49 s/step
  epoch 2/2 step 3850/10711 loss 0.8119 ce 0.4702 reward 0.154 lr 3.09e-06 119.3 min, 0.49 s/step
  epoch 2/2 step 3900/10711 loss 0.3493 ce 0.4561 reward 0.213 lr 3.06e-06 119.7 min, 0.49 s/step
  epoch 2/2 step 3950/10711 loss 0.3783 ce 0.4146 reward 0.268 lr 3.03e-06 120.2 min, 0.49 s/step
  epoch 2/2 step 4000/10711 loss 0.0763 ce 0.3592 reward 0.335 lr 3.01e-06 120.6 min, 0.49 s/step
  epoch 2/2 step 4050/10711 loss 0.5012 ce 0.4404 reward 0.207 lr 2.98e-06 121.0 min, 0.49 s/step
  epoch 2/2 step 4100/10711 loss 0.7229 ce 0.2907 reward 0.411 lr 2.95e-06 121.4 min, 0.49 s/step
  epoch 2/2 step 4150/10711 loss 0.3230 ce 0.4248 reward 0.249 lr 2.93e-06 121.9 min, 0.49 s/step
  epoch 2/2 step 4200/10711 loss 0.2564 ce 0.5117 reward 0.177 lr 2.90e-06 122.3 min, 0.49 s/step
  epoch 2/2 step 4250/10711 loss 0.1186 ce 0.2719 reward 0.433 lr 2.87e-06 122.9 min, 0.49 s/step
  epoch 2/2 step 4300/10711 loss 0.5349 ce 0.5164 reward 0.134 lr 2.84e-06 123.2 min, 0.49 s/step
  epoch 2/2 step 4350/10711 loss 0.2015 ce 0.3467 reward 0.326 lr 2.82e-06 123.6 min, 0.49 s/step
  epoch 2/2 step 4400/10711 loss 0.5508 ce 0.4801 reward 0.190 lr 2.79e-06 123.9 min, 0.49 s/step
  epoch 2/2 step 4450/10711 loss 0.5457 ce 0.5172 reward 0.123 lr 2.77e-06 124.4 min, 0.49 s/step
  epoch 2/2 step 4500/10711 loss 0.0047 ce 0.4446 reward 0.253 lr 2.74e-06 124.9 min, 0.49 s/step
  epoch 2/2 step 4550/10711 loss 0.7596 ce 0.7177 reward -0.165 lr 2.71e-06 125.4 min, 0.49 s/step
  epoch 2/2 step 4600/10711 loss -1.0750 ce 0.6813 reward -0.005 lr 2.69e-06 125.8 min, 0.49 s/step
  epoch 2/2 step 4650/10711 loss 0.3042 ce 0.4271 reward 0.242 lr 2.66e-06 126.2 min, 0.49 s/step
  epoch 2/2 step 4700/10711 loss 0.4775 ce 1.1123 reward -0.594 lr 2.64e-06 126.7 min, 0.49 s/step
  epoch 2/2 step 4750/10711 loss 0.2815 ce 0.4544 reward 0.194 lr 2.61e-06 127.1 min, 0.49 s/step
  epoch 2/2 step 4800/10711 loss 0.0642 ce 0.4437 reward 0.230 lr 2.58e-06 127.5 min, 0.49 s/step
  epoch 2/2 step 4850/10711 loss -0.5484 ce 0.4009 reward 0.288 lr 2.56e-06 127.8 min, 0.49 s/step
  epoch 2/2 step 4900/10711 loss -0.1861 ce 0.2816 reward 0.422 lr 2.53e-06 128.2 min, 0.49 s/step
  epoch 2/2 step 4950/10711 loss 0.3291 ce 0.4136 reward 0.249 lr 2.51e-06 128.6 min, 0.49 s/step
  epoch 2/2 step 5000/10711 loss 0.4679 ce 0.6634 reward 0.013 lr 2.49e-06 129.0 min, 0.49 s/step
  epoch 2/2 step 5050/10711 loss 0.5424 ce 0.5582 reward 0.063 lr 2.46e-06 129.4 min, 0.49 s/step
  epoch 2/2 step 5100/10711 loss 0.1127 ce 0.3548 reward 0.336 lr 2.44e-06 129.9 min, 0.49 s/step
  epoch 2/2 step 5150/10711 loss 0.0961 ce 0.3934 reward 0.296 lr 2.41e-06 130.3 min, 0.49 s/step
  epoch 2/2 step 5200/10711 loss -0.1502 ce 0.3346 reward 0.361 lr 2.39e-06 130.7 min, 0.49 s/step
  epoch 2/2 step 5250/10711 loss 0.3227 ce 0.4683 reward 0.140 lr 2.37e-06 131.1 min, 0.49 s/step
  epoch 2/2 step 5300/10711 loss -0.1055 ce 0.3527 reward 0.341 lr 2.34e-06 131.4 min, 0.49 s/step
  epoch 2/2 step 5350/10711 loss -0.0386 ce 0.2533 reward 0.447 lr 2.32e-06 131.8 min, 0.49 s/step
  epoch 2/2 step 5400/10711 loss 0.2327 ce 0.3813 reward 0.305 lr 2.29e-06 132.3 min, 0.49 s/step
  epoch 2/2 step 5450/10711 loss 0.3959 ce 0.3832 reward 0.308 lr 2.27e-06 132.8 min, 0.49 s/step
  epoch 2/2 step 5500/10711 loss 0.8251 ce 0.8938 reward -0.374 lr 2.25e-06 133.2 min, 0.49 s/step
  epoch 2/2 step 5550/10711 loss -0.0597 ce 0.5821 reward -0.030 lr 2.23e-06 133.7 min, 0.49 s/step
  epoch 2/2 step 5600/10711 loss 0.2098 ce 0.6702 reward 0.006 lr 2.20e-06 134.1 min, 0.49 s/step
  epoch 2/2 step 5650/10711 loss -0.1472 ce 0.6512 reward 0.025 lr 2.18e-06 134.5 min, 0.49 s/step
  epoch 2/2 step 5700/10711 loss 0.6038 ce 0.6751 reward -0.107 lr 2.16e-06 134.9 min, 0.49 s/step
  epoch 2/2 step 5750/10711 loss 0.4524 ce 0.3516 reward 0.330 lr 2.14e-06 135.3 min, 0.49 s/step
  epoch 2/2 step 5800/10711 loss -1.4550 ce 0.6755 reward 0.001 lr 2.12e-06 135.7 min, 0.49 s/step
  epoch 2/2 step 5850/10711 loss 2.0808 ce 1.3064 reward -0.714 lr 2.09e-06 136.1 min, 0.49 s/step
  epoch 2/2 step 5900/10711 loss 0.1203 ce 0.2942 reward 0.408 lr 2.07e-06 136.6 min, 0.49 s/step
  epoch 2/2 step 5950/10711 loss -0.5597 ce 0.6562 reward 0.020 lr 2.05e-06 137.0 min, 0.49 s/step
  epoch 2/2 step 6000/10711 loss -0.2417 ce 0.2164 reward 0.496 lr 2.03e-06 137.4 min, 0.49 s/step
  epoch 2/2 step 6050/10711 loss 0.4341 ce 0.3923 reward 0.275 lr 2.01e-06 137.8 min, 0.49 s/step
  epoch 2/2 step 6100/10711 loss 0.4667 ce 0.2311 reward 0.482 lr 1.99e-06 138.2 min, 0.49 s/step
  epoch 2/2 step 6150/10711 loss -0.0168 ce 0.2928 reward 0.405 lr 1.97e-06 138.5 min, 0.49 s/step
  epoch 2/2 step 6200/10711 loss 0.2736 ce 0.3899 reward 0.300 lr 1.95e-06 139.0 min, 0.49 s/step
  epoch 2/2 step 6250/10711 loss 0.5896 ce 0.3270 reward 0.367 lr 1.93e-06 139.4 min, 0.49 s/step
  epoch 2/2 step 6300/10711 loss 0.3412 ce 0.3495 reward 0.331 lr 1.91e-06 139.7 min, 0.49 s/step
  epoch 2/2 step 6350/10711 loss -0.0274 ce 0.4929 reward 0.154 lr 1.89e-06 140.2 min, 0.49 s/step
  epoch 2/2 step 6400/10711 loss -0.2033 ce 0.6808 reward -0.005 lr 1.87e-06 140.7 min, 0.49 s/step
  epoch 2/2 step 6450/10711 loss -0.0467 ce 0.4134 reward 0.275 lr 1.85e-06 141.1 min, 0.49 s/step
  epoch 2/2 step 6500/10711 loss -0.3553 ce 0.3532 reward 0.338 lr 1.83e-06 141.4 min, 0.49 s/step
  epoch 2/2 step 6550/10711 loss 0.2807 ce 0.4224 reward 0.260 lr 1.81e-06 141.8 min, 0.49 s/step
  epoch 2/2 step 6600/10711 loss 0.1671 ce 0.2586 reward 0.444 lr 1.79e-06 142.2 min, 0.49 s/step
  epoch 2/2 step 6650/10711 loss 0.2552 ce 0.4109 reward 0.247 lr 1.77e-06 142.6 min, 0.49 s/step
  epoch 2/2 step 6700/10711 loss -0.6557 ce 0.3106 reward 0.389 lr 1.75e-06 143.1 min, 0.49 s/step
  epoch 2/2 step 6750/10711 loss 0.3169 ce 0.3205 reward 0.365 lr 1.74e-06 143.6 min, 0.49 s/step
  epoch 2/2 step 6800/10711 loss -0.1048 ce 0.2983 reward 0.402 lr 1.72e-06 144.0 min, 0.49 s/step
  epoch 2/2 step 6850/10711 loss 1.0476 ce 0.9858 reward -0.459 lr 1.70e-06 144.5 min, 0.49 s/step
  epoch 2/2 step 6900/10711 loss 0.4927 ce 0.4289 reward 0.233 lr 1.68e-06 145.0 min, 0.49 s/step
  epoch 2/2 step 6950/10711 loss 0.0536 ce 0.3464 reward 0.340 lr 1.67e-06 145.3 min, 0.49 s/step
  epoch 2/2 step 7000/10711 loss 0.4276 ce 0.5833 reward -0.021 lr 1.65e-06 145.7 min, 0.49 s/step
  epoch 2/2 step 7050/10711 loss 0.2706 ce 0.5494 reward 0.060 lr 1.63e-06 146.1 min, 0.49 s/step
  epoch 2/2 step 7100/10711 loss -1.7524 ce 0.6687 reward 0.007 lr 1.61e-06 146.4 min, 0.49 s/step
  epoch 2/2 step 7150/10711 loss 1.1594 ce 0.6755 reward 0.001 lr 1.60e-06 146.9 min, 0.49 s/step
  epoch 2/2 step 7200/10711 loss 0.6864 ce 0.7166 reward -0.164 lr 1.58e-06 147.3 min, 0.49 s/step
  epoch 2/2 step 7250/10711 loss -0.2829 ce 0.3740 reward 0.295 lr 1.57e-06 147.7 min, 0.49 s/step
  epoch 2/2 step 7300/10711 loss 0.2346 ce 0.6075 reward 0.009 lr 1.55e-06 148.1 min, 0.49 s/step
  epoch 2/2 step 7350/10711 loss 0.6769 ce 0.7182 reward -0.107 lr 1.53e-06 148.5 min, 0.49 s/step
  epoch 2/2 step 7400/10711 loss 0.2710 ce 0.4911 reward 0.157 lr 1.52e-06 149.0 min, 0.49 s/step
  epoch 2/2 step 7450/10711 loss -0.0330 ce 0.3561 reward 0.327 lr 1.50e-06 149.4 min, 0.49 s/step
  epoch 2/2 step 7500/10711 loss 0.2381 ce 0.3645 reward 0.303 lr 1.49e-06 149.8 min, 0.49 s/step
  epoch 2/2 step 7550/10711 loss -0.2588 ce 0.3083 reward 0.387 lr 1.47e-06 150.2 min, 0.49 s/step
  epoch 2/2 step 7600/10711 loss 1.2922 ce 0.7349 reward -0.127 lr 1.46e-06 150.6 min, 0.49 s/step
  epoch 2/2 step 7650/10711 loss 0.2404 ce 0.6485 reward -0.079 lr 1.44e-06 151.0 min, 0.49 s/step
  epoch 2/2 step 7700/10711 loss 0.2331 ce 0.3182 reward 0.373 lr 1.43e-06 151.4 min, 0.49 s/step
  epoch 2/2 step 7750/10711 loss 0.5998 ce 0.4410 reward 0.232 lr 1.42e-06 151.8 min, 0.49 s/step
  epoch 2/2 step 7800/10711 loss -0.5831 ce 0.2515 reward 0.456 lr 1.40e-06 152.2 min, 0.49 s/step
  epoch 2/2 step 7850/10711 loss 1.1023 ce 1.3595 reward -0.769 lr 1.39e-06 152.7 min, 0.49 s/step
  epoch 2/2 step 7900/10711 loss 0.5956 ce 0.3805 reward 0.295 lr 1.38e-06 153.1 min, 0.49 s/step
  epoch 2/2 step 7950/10711 loss 0.0594 ce 0.4097 reward 0.244 lr 1.36e-06 153.4 min, 0.49 s/step
  epoch 2/2 step 8000/10711 loss 0.7821 ce 0.6955 reward -0.091 lr 1.35e-06 153.7 min, 0.49 s/step
  epoch 2/2 step 8050/10711 loss -0.4533 ce 0.6824 reward -0.006 lr 1.34e-06 154.2 min, 0.49 s/step
  epoch 2/2 step 8100/10711 loss 0.4044 ce 0.3648 reward 0.321 lr 1.32e-06 154.5 min, 0.49 s/step
  epoch 2/2 step 8150/10711 loss 0.5378 ce 0.4393 reward 0.221 lr 1.31e-06 155.0 min, 0.49 s/step
  epoch 2/2 step 8200/10711 loss 0.9226 ce 0.8478 reward -0.244 lr 1.30e-06 155.5 min, 0.49 s/step
  epoch 2/2 step 8250/10711 loss -0.1819 ce 0.2606 reward 0.449 lr 1.29e-06 155.8 min, 0.49 s/step
  epoch 2/2 step 8300/10711 loss -0.1416 ce 0.4007 reward 0.255 lr 1.28e-06 156.2 min, 0.49 s/step
  epoch 2/2 step 8350/10711 loss 0.8291 ce 0.7653 reward -0.235 lr 1.27e-06 156.6 min, 0.49 s/step
  epoch 2/2 step 8400/10711 loss 0.2335 ce 0.2648 reward 0.439 lr 1.25e-06 156.9 min, 0.49 s/step
  epoch 2/2 step 8450/10711 loss 0.3927 ce 0.4366 reward 0.229 lr 1.24e-06 157.3 min, 0.49 s/step
  epoch 2/2 step 8500/10711 loss -0.5010 ce 1.2732 reward -0.683 lr 1.23e-06 157.8 min, 0.49 s/step
  epoch 2/2 step 8550/10711 loss -0.0523 ce 0.2931 reward 0.409 lr 1.22e-06 158.0 min, 0.49 s/step
  epoch 2/2 step 8600/10711 loss 0.0820 ce 0.3011 reward 0.400 lr 1.21e-06 158.4 min, 0.49 s/step
  epoch 2/2 step 8650/10711 loss 0.4225 ce 0.3978 reward 0.285 lr 1.20e-06 158.9 min, 0.49 s/step
  epoch 2/2 step 8700/10711 loss 0.1849 ce 0.3855 reward 0.298 lr 1.19e-06 159.3 min, 0.49 s/step
  epoch 2/2 step 8750/10711 loss 0.1825 ce 0.3456 reward 0.345 lr 1.18e-06 159.6 min, 0.49 s/step
  epoch 2/2 step 8800/10711 loss 0.9141 ce 0.6842 reward -0.102 lr 1.17e-06 160.1 min, 0.49 s/step
  epoch 2/2 step 8850/10711 loss 0.0782 ce 0.3444 reward 0.350 lr 1.17e-06 160.5 min, 0.49 s/step
  epoch 2/2 step 8900/10711 loss 0.5014 ce 0.4129 reward 0.227 lr 1.16e-06 160.9 min, 0.49 s/step
  epoch 2/2 step 8950/10711 loss 0.2252 ce 0.5197 reward 0.098 lr 1.15e-06 161.4 min, 0.49 s/step
  epoch 2/2 step 9000/10711 loss 1.0318 ce 0.6826 reward -0.007 lr 1.14e-06 161.8 min, 0.49 s/step
  epoch 2/2 step 9050/10711 loss 0.2081 ce 0.6666 reward 0.010 lr 1.13e-06 162.2 min, 0.49 s/step
  epoch 2/2 step 9100/10711 loss -1.0970 ce 0.6719 reward 0.004 lr 1.12e-06 162.6 min, 0.49 s/step
  epoch 2/2 step 9150/10711 loss -0.0802 ce 0.4294 reward 0.252 lr 1.12e-06 163.0 min, 0.49 s/step
  epoch 2/2 step 9200/10711 loss 0.3997 ce 0.4660 reward 0.191 lr 1.11e-06 163.4 min, 0.49 s/step
  epoch 2/2 step 9250/10711 loss -0.2797 ce 0.3159 reward 0.382 lr 1.10e-06 163.8 min, 0.49 s/step
  epoch 2/2 step 9300/10711 loss 0.6582 ce 1.3351 reward -0.757 lr 1.10e-06 164.2 min, 0.49 s/step
  epoch 2/2 step 9350/10711 loss 0.4707 ce 0.4018 reward 0.282 lr 1.09e-06 164.6 min, 0.49 s/step
  epoch 2/2 step 9400/10711 loss 0.6950 ce 0.6390 reward -0.010 lr 1.08e-06 165.0 min, 0.49 s/step
  epoch 2/2 step 9450/10711 loss 0.4057 ce 0.3873 reward 0.293 lr 1.08e-06 165.4 min, 0.49 s/step
  epoch 2/2 step 9500/10711 loss 1.2167 ce 0.8155 reward -0.193 lr 1.07e-06 165.9 min, 0.49 s/step
  epoch 2/2 step 9550/10711 loss -0.0718 ce 0.2453 reward 0.462 lr 1.06e-06 166.2 min, 0.49 s/step
  epoch 2/2 step 9600/10711 loss 0.7018 ce 0.6428 reward -0.056 lr 1.06e-06 166.7 min, 0.49 s/step
  epoch 2/2 step 9650/10711 loss 0.4274 ce 0.3120 reward 0.380 lr 1.05e-06 167.2 min, 0.49 s/step
  epoch 2/2 step 9700/10711 loss 0.6334 ce 0.6107 reward -0.035 lr 1.05e-06 167.6 min, 0.49 s/step
  epoch 2/2 step 9750/10711 loss -0.1853 ce 0.2193 reward 0.493 lr 1.04e-06 168.0 min, 0.49 s/step
  epoch 2/2 step 9800/10711 loss 0.4297 ce 0.5906 reward 0.033 lr 1.04e-06 168.5 min, 0.49 s/step
  epoch 2/2 step 9850/10711 loss 0.3117 ce 0.3842 reward 0.298 lr 1.04e-06 168.9 min, 0.49 s/step
  epoch 2/2 step 9900/10711 loss 0.2697 ce 0.4057 reward 0.261 lr 1.03e-06 169.2 min, 0.49 s/step
  epoch 2/2 step 9950/10711 loss 0.7295 ce 0.6241 reward -0.009 lr 1.03e-06 169.7 min, 0.49 s/step
  epoch 2/2 step 10000/10711 loss 0.5407 ce 0.5321 reward 0.100 lr 1.02e-06 170.1 min, 0.49 s/step
  epoch 2/2 step 10050/10711 loss -0.2109 ce 0.4709 reward 0.200 lr 1.02e-06 170.5 min, 0.49 s/step
  epoch 2/2 step 10100/10711 loss 0.3538 ce 0.6851 reward -0.009 lr 1.02e-06 170.9 min, 0.49 s/step
  epoch 2/2 step 10150/10711 loss 2.0075 ce 1.2355 reward -0.646 lr 1.01e-06 171.3 min, 0.49 s/step
  epoch 2/2 step 10200/10711 loss 0.2643 ce 0.3706 reward 0.308 lr 1.01e-06 171.8 min, 0.49 s/step
  epoch 2/2 step 10250/10711 loss 0.3459 ce 0.4027 reward 0.247 lr 1.01e-06 172.1 min, 0.49 s/step
  epoch 2/2 step 10300/10711 loss -0.0704 ce 0.3812 reward 0.310 lr 1.01e-06 172.6 min, 0.49 s/step
  epoch 2/2 step 10350/10711 loss 0.2187 ce 0.4049 reward 0.267 lr 1.01e-06 172.9 min, 0.49 s/step
  epoch 2/2 step 10400/10711 loss 0.5654 ce 0.3843 reward 0.298 lr 1.00e-06 173.3 min, 0.49 s/step
  epoch 2/2 step 10450/10711 loss -0.3766 ce 0.2783 reward 0.425 lr 1.00e-06 173.6 min, 0.49 s/step
  epoch 2/2 step 10500/10711 loss 0.4599 ce 0.6016 reward 0.014 lr 1.00e-06 173.9 min, 0.49 s/step
  epoch 2/2 step 10550/10711 loss 0.1597 ce 0.4244 reward 0.228 lr 1.00e-06 174.3 min, 0.49 s/step
  epoch 2/2 step 10600/10711 loss -0.6212 ce 0.6826 reward -0.007 lr 1.00e-06 174.8 min, 0.49 s/step
  epoch 2/2 step 10650/10711 loss 0.5032 ce 0.6722 reward -0.056 lr 1.00e-06 175.1 min, 0.49 s/step
  epoch 2/2 step 10700/10711 loss -0.0969 ce 0.3020 reward 0.390 lr 1.00e-06 175.6 min, 0.49 s/step
=== epoch 2 done, avg loss 0.2794, 175.6 min ===
calibrating temperatures
temperatures (choice, score, noul): [1.093, 1.05, 1.112]
saved to /work/thai/out/laya-th-run18 after 176.0 min
== [12:06] 3/4 evals
== laya-th-run18
massive_intent_th                        100 cases  acc 0.930  [choice 93/100=0.930]
massive_intent_th_full                  2974 cases  acc 0.733  [choice 2179/2974=0.733]
massive_intent_th_heldout_scenarios      796 cases  acc 0.749  [choice 596/796=0.749]
massive_intent_ar                        100 cases  acc 0.590  [choice 59/100=0.590]
massive_intent_hi                        100 cases  acc 0.710  [choice 71/100=0.710]
massive_intent_ja                        100 cases  acc 0.860  [choice 86/100=0.860]
massive_intent_ko                        100 cases  acc 0.740  [choice 74/100=0.740]
massive_intent_ru                        100 cases  acc 0.720  [choice 72/100=0.720]
massive_intent_zh_CN                     100 cases  acc 0.820  [choice 82/100=0.820]
massive_th_sampler_eval                 1092 cases  acc 0.849  [choice 874/1009=0.866  noul 399/491=0.813]
wisesight_sampler_eval                  1052 cases  acc 0.737  [choice 329/517=0.636  noul 460/503=0.914  score 317/480=0.660]
iapp_sampler_eval                        647 cases  acc 0.910  [choice 341/392=0.870  noul 248/255=0.973]
probe_noul_labels                        400 cases  acc 0.905  [default 362/400=0.905  noul 724/800=0.905  relabelled 362/400=0.905] agree 1.000, both right on the true cases 8/9
probe_noul_negation                      400 cases  acc 0.874  [claim 355/400=0.887  negated 344/400=0.860  noul 699/800=0.874] flip 0.938
probe_option_count                       400 cases  acc 0.867  [choice 1387/1600=0.867  k12 342/400=0.855  k20 303/400=0.757  k3 383/400=0.958  k6 359/400=0.897]
probe_score_orientation                  400 cases  acc 0.666  [normal 263/400=0.657  reversed 270/400=0.675  score 533/800=0.666] mirrored 0.900; non-neutral cases n=184: mirrored 0.929, both right 0.625
synth_eval_domains_th                    300 cases  acc 0.765  [choice 263/298=0.883  noul 169/252=0.671  score 150/211=0.711]
3000 reviews, stars {1: 1289, 2: 234, 3: 196, 4: 161, 5: 1120}
3300 ambiguous sentences, labels {'neg': 1100, 'pos': 1100, 'neu': 1100}, types {'ประชดประชัน (Sarcasm)': 100, 'ชมแบบซ่อนรูป / ติเพื่อชม': 100, 'ได้อย่างเสียอย่าง (Mixed/Balanced)': 50, 'เป็นกลาง / ข้อเท็จจริง (Neutral/Fact)': 50, 'ประชดประชัน/คำวิจารณ์เชิงลบ': 1000, 'ชมแบบซ่อนรูป/เชิงบวกทางอ้อม': 1000, 'ข้อเท็จจริง/กลางๆ/สอบถาม': 1000}

== laya-th-run16: reviews
stars   n   negative  neutral  positive  question   mean frustration
  1    1289      0.96     0.01      0.03      0.00   1.04
  2     234      0.88     0.03      0.07      0.02   0.92
  3     196      0.76     0.06      0.17      0.02   0.86
  4     161      0.36     0.06      0.57      0.02   0.51
  5    1120      0.17     0.04      0.79      0.01   0.32
1-2 stars called negative or 4-5 stars called positive: 0.861; the opposite: 0.107; by business {'banking': 0.8359, 'insurance': 0.9008, 'telecom': 0.8981}
frustration separates 1-2 stars from 4-5 stars with AUC 0.910
ambiguous / sarcastic sentences: 0.552; by type ประชดประชัน (Sarcasm) 43/100, ชมแบบซ่อนรูป / ติเพื่อชม 79/100, ได้อย่างเสียอย่าง (Mixed/Balanced) 0/50, เป็นกลาง / ข้อเท็จจริง (Neutral/Fact) 16/50, ประชดประชัน/คำวิจารณ์เชิงลบ 410/1000, ชมแบบซ่อนรูป/เชิงบวกทางอ้อม 889/1000, ข้อเท็จจริง/กลางๆ/สอบถาม 386/1000
  gold -> answer: {'positive->positive': 968, 'negative->positive': 647, 'neutral->positive': 500, 'negative->negative': 453, 'neutral->neutral': 402, 'neutral->question': 145, 'positive->negative': 129, 'neutral->negative': 53, 'positive->neutral': 3}
held-out composed sets: indirect_praise 57/58 = 0.98, plain_negative 102/102 = 1.00, sarcastic 181/185 = 0.98, sincere 192/194 = 0.99

== laya-th-run18: reviews
stars   n   negative  neutral  positive  question   mean frustration
  1    1289      0.96     0.01      0.04      0.00   1.03
  2     234      0.88     0.01      0.09      0.01   0.93
  3     196      0.74     0.05      0.19      0.02   0.84
  4     161      0.33     0.03      0.63      0.01   0.47
  5    1120      0.16     0.02      0.81      0.01   0.29
1-2 stars called negative or 4-5 stars called positive: 0.872; the opposite: 0.107; by business {'banking': 0.8481, 'insurance': 0.9091, 'telecom': 0.9127}
frustration separates 1-2 stars from 4-5 stars with AUC 0.916
ambiguous / sarcastic sentences: 0.524; by type ประชดประชัน (Sarcasm) 42/100, ชมแบบซ่อนรูป / ติเพื่อชม 87/100, ได้อย่างเสียอย่าง (Mixed/Balanced) 2/50, เป็นกลาง / ข้อเท็จจริง (Neutral/Fact) 12/50, ประชดประชัน/คำวิจารณ์เชิงลบ 353/1000, ชมแบบซ่อนรูป/เชิงบวกทางอ้อม 884/1000, ข้อเท็จจริง/กลางๆ/สอบถาม 349/1000
  gold -> answer: {'positive->positive': 971, 'negative->positive': 705, 'neutral->positive': 547, 'negative->negative': 395, 'neutral->neutral': 363, 'neutral->question': 145, 'positive->negative': 116, 'neutral->negative': 45, 'positive->neutral': 13}
held-out composed sets: indirect_praise 57/58 = 0.98, plain_negative 102/102 = 1.00, sarcastic 182/185 = 0.98, sincere 193/194 = 0.99

== laya-th-run18
set    business      n  intent   dept    urg  false-other  other-caught | frustration exact / MAE / mean pred vs true
long   telecom     120   0.625  0.742  0.775     4/107        9/13    | 0.717 / 0.32 / 0.64 vs 0.66
long   banking     120   0.550  0.667  0.858     8/94        16/26    | 0.792 / 0.28 / 0.46 vs 0.37
long   insurance   120   0.642  0.725  0.783    17/64        51/56    | 0.758 / 0.31 / 0.41 vs 0.35
long   all         360   0.606  0.711  0.806        0.109
short  telecom     237   0.629  0.793  0.785     8/211       20/26    | 
short  banking     238   0.559  0.655  0.832    18/188       36/50    | 
short  insurance   239   0.548  0.669  0.766    30/128       87/111   | 
short  all         714   0.578  0.706  0.794        0.106

== laya-th-run18  (300 hand-labelled reviews)
telecom    n=  51 intent 0.686 dept 0.765 urg 0.863 false-other 9/31 other-caught 19/20
banking    n= 175 intent 0.674 dept 0.737 urg 0.800 false-other 30/114 other-caught 52/61
insurance  n=  74 intent 0.851 dept 0.757 urg 0.878 false-other 8/13 other-caught 59/61
all        n= 300 intent 0.720 dept 0.747 urg 0.830 false-other 47/158 other-caught 130/142
student vs teacher on /work/thai/data/cs/cs9_eval.jsonl:
  choice  n=21892 argmax agreement 0.900  mean TV distance 0.111
  noul    n=16419 argmax agreement 0.990  mean TV distance 0.027
  score   n=10946 argmax agreement 0.808  mean TV distance 0.143

/work/thai/out/laya-th-run18: 5473 eval records, 90 ms/record
overall: 11720 decisions, accuracy 0.954, Brier 0.087, ECE 0.088
source:type                      n    acc  brier    mae
b77:choice                    1242  0.955  0.089 
banking:choice                1216  0.980  0.042 
ecommerce:choice              3064  0.983  0.039 
insurance:choice              1784  0.970  0.061 
iqa:choice                     622  0.981  0.045 
other_gen:choice               494  0.974  0.057 
pantip_banking:choice          136  0.934  0.129 
pantip_banking:score            50  0.980  0.044  0.106
pantip_insurance:choice         19  0.895  0.191 
pantip_insurance:score           8  1.000  0.007  0.103
pantip_telecom:choice          116  0.905  0.167 
pantip_telecom:score            39  0.949  0.076  0.116
telecom:choice                1130  0.941  0.107 
wisesight:choice              1800  0.869  0.228 
tickets: department 5/5  refund 5/5  frustration MAE 0.59
   โดนหักเงินซ้ำสองครั้งเมื่อวานน billing   p=0.94 frustration=1.25 refund=0.94
   เน็ตบ้านหลุดบ่อยมากตั้งแต่เมื่ technical p=0.95 frustration=1.00 refund=0.05
   สนใจเปลี่ยนเป็นแพ็กเกจ 5G ที่โ sales     p=0.94 frustration=0.29 refund=0.05
   ใบแจ้งหนี้เดือนนี้แพงกว่าปกติ  billing   p=0.95 frustration=1.00 refund=0.10
   แอปล็อกอินไม่ได้ ขึ้นว่ารหัสผิ technical p=0.94 frustration=1.08 refund=0.09
student vs teacher on /work/thai/data/distill3_eval.jsonl:
  choice  n= 2528 argmax agreement 0.654  mean TV distance 0.333
  noul    n= 2483 argmax agreement 0.897  mean TV distance 0.115
  score   n= 1117 argmax agreement 0.684  mean TV distance 0.254

/work/thai/out/laya-th-run18: 1704 eval records, 38 ms/record
overall: 2455 decisions, accuracy 0.761, Brier 0.373, ECE 0.105
source:type                      n    acc  brier    mae
massive_th:choice              300  0.823  0.267 
prachathai:choice              163  0.847  0.242 
prachathai:noul                588  0.878  0.215 
sib200_th:choice               204  0.672  0.524 
wisesight:choice               300  0.650  0.514 
wongnai:score                  300  0.597  0.629  0.450
xnli_th:choice                 300  0.717  0.448 
xnli_th:noul                   300  0.813  0.286 
tickets: department 5/5  refund 5/5  frustration MAE 0.59
   โดนหักเงินซ้ำสองครั้งเมื่อวานน billing   p=0.94 frustration=1.25 refund=0.94
   เน็ตบ้านหลุดบ่อยมากตั้งแต่เมื่ technical p=0.95 frustration=1.00 refund=0.05
   สนใจเปลี่ยนเป็นแพ็กเกจ 5G ที่โ sales     p=0.94 frustration=0.29 refund=0.05
   ใบแจ้งหนี้เดือนนี้แพงกว่าปกติ  billing   p=0.95 frustration=1.00 refund=0.10
   แอปล็อกอินไม่ได้ ขึ้นว่ารหัสผิ technical p=0.94 frustration=1.08 refund=0.09
== [13:01] 4/4 restore :8011 (run 16) and permissions
== [13:01] done
