== [18:18] 1/4 items
composed: 4851 train {'plain_negative': 1090, 'sincere': 1815, 'indirect_praise': 474, 'sarcastic': 1472}, 539 held out
mined 82 x6; star-labelled {'negative': 3000, 'positive': 3000}
wisesight {'neutral': 3000, 'positive': 1000, 'negative': 1000, 'question': 462} (question x2), 601 skipped as eval texts
{
 "new_items": 22513,
 "replay": 60000,
 "items": 82513,
 "by": {
  "gen_indirect_praise:frustration": 474,
  "gen_indirect_praise:sentiment": 474,
  "gen_plain_negative:sentiment": 1090,
  "gen_sarcastic:frustration": 1472,
  "gen_sarcastic:sentiment": 2944,
  "gen_sincere:frustration": 1815,
  "gen_sincere:sentiment": 1815,
  "mined_plain_negative:sentiment": 414,
  "mined_sarcasm:frustration": 13,
  "mined_sarcasm:sentiment": 78,
  "stars_negative:sentiment": 3000,
  "stars_positive:sentiment": 3000,
  "wisesight_negative:sentiment": 1000,
  "wisesight_neutral:sentiment": 3000,
  "wisesight_positive:sentiment": 1000,
  "wisesight_question:sentiment": 924
 }
}
== [18:18] 2/4 train run 16 from run 14, 2 epochs, LR 1e-5 / 4e-5
  /work/thai/data/cs/cs16_items.pt: 82513 items
train: 82513 items, 2 epochs, 5156 updates, micro 8 x accum 4
  epoch 1/2 step 50/10315 loss -0.4023 ce 0.3893 reward 0.286 lr 1.00e-05 0.5 min, 0.58 s/step
  epoch 1/2 step 100/10315 loss 0.5713 ce 0.8047 reward -0.331 lr 1.00e-05 0.9 min, 0.52 s/step
  epoch 1/2 step 150/10315 loss -0.2728 ce 0.4080 reward 0.256 lr 1.00e-05 1.4 min, 0.55 s/step
  epoch 1/2 step 200/10315 loss -1.0233 ce 0.6809 reward -0.018 lr 1.00e-05 1.9 min, 0.56 s/step
  epoch 1/2 step 250/10315 loss -0.2536 ce 0.4152 reward 0.237 lr 1.00e-05 2.4 min, 0.57 s/step
  epoch 1/2 step 300/10315 loss -0.9810 ce 0.6722 reward -0.011 lr 1.00e-05 2.9 min, 0.57 s/step
  epoch 1/2 step 350/10315 loss 0.5857 ce 0.7042 reward -0.177 lr 9.99e-06 3.3 min, 0.57 s/step
  epoch 1/2 step 400/10315 loss -0.8242 ce 0.6548 reward 0.007 lr 9.99e-06 3.8 min, 0.57 s/step
  epoch 1/2 step 450/10315 loss 0.6701 ce 0.5144 reward 0.115 lr 9.99e-06 4.2 min, 0.56 s/step
  epoch 1/2 step 500/10315 loss 0.7939 ce 1.1877 reward -0.697 lr 9.99e-06 4.7 min, 0.56 s/step
  epoch 1/2 step 550/10315 loss -0.1973 ce 0.3279 reward 0.366 lr 9.98e-06 5.1 min, 0.55 s/step
  epoch 1/2 step 600/10315 loss -0.2320 ce 0.3818 reward 0.303 lr 9.98e-06 5.6 min, 0.56 s/step
  epoch 1/2 step 650/10315 loss -0.0877 ce 0.4000 reward 0.277 lr 9.98e-06 6.0 min, 0.55 s/step
  epoch 1/2 step 700/10315 loss -0.1382 ce 0.3870 reward 0.293 lr 9.97e-06 6.4 min, 0.55 s/step
  epoch 1/2 step 750/10315 loss 2.9147 ce 1.0035 reward -0.431 lr 9.97e-06 7.0 min, 0.56 s/step
  epoch 1/2 step 800/10315 loss 0.8760 ce 1.0232 reward -0.512 lr 9.97e-06 7.3 min, 0.55 s/step
  epoch 1/2 step 850/10315 loss 1.2101 ce 0.7768 reward -0.136 lr 9.96e-06 7.8 min, 0.55 s/step
  epoch 1/2 step 900/10315 loss 0.7726 ce 0.6876 reward -0.026 lr 9.96e-06 8.3 min, 0.55 s/step
  epoch 1/2 step 950/10315 loss 1.2707 ce 1.1087 reward -0.674 lr 9.95e-06 8.7 min, 0.55 s/step
  epoch 1/2 step 1000/10315 loss 0.2345 ce 0.6879 reward -0.024 lr 9.95e-06 9.3 min, 0.56 s/step
  epoch 1/2 step 1050/10315 loss -0.2559 ce 0.4057 reward 0.272 lr 9.94e-06 9.7 min, 0.55 s/step
  epoch 1/2 step 1100/10315 loss 0.9382 ce 0.5706 reward 0.096 lr 9.94e-06 10.1 min, 0.55 s/step
  epoch 1/2 step 1150/10315 loss 0.5516 ce 0.5017 reward 0.049 lr 9.93e-06 10.5 min, 0.55 s/step
  epoch 1/2 step 1200/10315 loss -1.4780 ce 0.3000 reward 0.378 lr 9.93e-06 11.1 min, 0.56 s/step
  epoch 1/2 step 1250/10315 loss -0.3806 ce 0.3322 reward 0.352 lr 9.92e-06 11.6 min, 0.56 s/step
  epoch 1/2 step 1300/10315 loss 1.3428 ce 0.9132 reward -0.268 lr 9.91e-06 12.2 min, 0.56 s/step
  epoch 1/2 step 1350/10315 loss 0.1317 ce 0.3452 reward 0.327 lr 9.91e-06 12.6 min, 0.56 s/step
  epoch 1/2 step 1400/10315 loss 1.5100 ce 0.8582 reward -0.223 lr 9.90e-06 13.1 min, 0.56 s/step
  epoch 1/2 step 1450/10315 loss 0.0404 ce 0.3979 reward 0.273 lr 9.89e-06 13.6 min, 0.56 s/step
  epoch 1/2 step 1500/10315 loss -0.4984 ce 0.3775 reward 0.308 lr 9.88e-06 14.1 min, 0.56 s/step
  epoch 1/2 step 1550/10315 loss -0.4057 ce 0.5911 reward -0.043 lr 9.88e-06 14.5 min, 0.56 s/step
  epoch 1/2 step 1600/10315 loss -0.4402 ce 0.4015 reward 0.276 lr 9.87e-06 15.0 min, 0.56 s/step
  epoch 1/2 step 1650/10315 loss -0.1776 ce 0.3403 reward 0.349 lr 9.86e-06 15.4 min, 0.56 s/step
  epoch 1/2 step 1700/10315 loss 0.0040 ce 0.3377 reward 0.353 lr 9.85e-06 15.8 min, 0.56 s/step
  epoch 1/2 step 1750/10315 loss 0.6982 ce 1.1457 reward -0.706 lr 9.84e-06 16.2 min, 0.56 s/step
  epoch 1/2 step 1800/10315 loss 0.7122 ce 1.0181 reward -0.433 lr 9.83e-06 16.8 min, 0.56 s/step
  epoch 1/2 step 1850/10315 loss 0.2600 ce 0.4229 reward 0.228 lr 9.82e-06 17.2 min, 0.56 s/step
  epoch 1/2 step 1900/10315 loss -0.2995 ce 0.4007 reward 0.273 lr 9.81e-06 17.7 min, 0.56 s/step
  epoch 1/2 step 1950/10315 loss -0.1909 ce 0.3291 reward 0.357 lr 9.80e-06 18.2 min, 0.56 s/step
  epoch 1/2 step 2000/10315 loss 0.3539 ce 0.4460 reward 0.189 lr 9.79e-06 18.7 min, 0.56 s/step
  epoch 1/2 step 2050/10315 loss 1.1937 ce 0.8958 reward -0.398 lr 9.78e-06 19.2 min, 0.56 s/step
  epoch 1/2 step 2100/10315 loss -0.0523 ce 1.1151 reward -0.559 lr 9.77e-06 19.5 min, 0.56 s/step
  epoch 1/2 step 2150/10315 loss 1.2165 ce 1.4596 reward -1.019 lr 9.76e-06 19.9 min, 0.56 s/step
  epoch 1/2 step 2200/10315 loss 0.2951 ce 0.4435 reward 0.196 lr 9.75e-06 20.4 min, 0.56 s/step
  epoch 1/2 step 2250/10315 loss 0.8713 ce 0.8105 reward -0.252 lr 9.74e-06 20.9 min, 0.56 s/step
  epoch 1/2 step 2300/10315 loss 0.5577 ce 0.5898 reward 0.018 lr 9.73e-06 21.4 min, 0.56 s/step
  epoch 1/2 step 2350/10315 loss -0.0109 ce 0.3247 reward 0.365 lr 9.72e-06 21.9 min, 0.56 s/step
  epoch 1/2 step 2400/10315 loss 0.0651 ce 0.4004 reward 0.268 lr 9.70e-06 22.3 min, 0.56 s/step
  epoch 1/2 step 2450/10315 loss 0.1167 ce 0.6624 reward -0.004 lr 9.69e-06 22.8 min, 0.56 s/step
  epoch 1/2 step 2500/10315 loss 0.5933 ce 0.8522 reward -0.302 lr 9.68e-06 23.1 min, 0.56 s/step
  epoch 1/2 step 2550/10315 loss 0.8518 ce 0.7841 reward -0.151 lr 9.67e-06 23.6 min, 0.56 s/step
  epoch 1/2 step 2600/10315 loss -0.3759 ce 0.3542 reward 0.330 lr 9.65e-06 24.0 min, 0.55 s/step
  epoch 1/2 step 2650/10315 loss -0.1555 ce 0.3591 reward 0.317 lr 9.64e-06 24.5 min, 0.55 s/step
  epoch 1/2 step 2700/10315 loss 1.0631 ce 0.7148 reward -0.102 lr 9.62e-06 24.9 min, 0.55 s/step
  epoch 1/2 step 2750/10315 loss -0.3769 ce 0.6734 reward -0.011 lr 9.61e-06 25.4 min, 0.56 s/step
  epoch 1/2 step 2800/10315 loss 0.6967 ce 0.6933 reward -0.124 lr 9.60e-06 25.9 min, 0.56 s/step
  epoch 1/2 step 2850/10315 loss 0.0810 ce 0.4297 reward 0.237 lr 9.58e-06 26.4 min, 0.56 s/step
  epoch 1/2 step 2900/10315 loss -0.0588 ce 0.3501 reward 0.337 lr 9.57e-06 26.9 min, 0.56 s/step
  epoch 1/2 step 2950/10315 loss -0.0206 ce 0.3735 reward 0.307 lr 9.55e-06 27.2 min, 0.55 s/step
  epoch 1/2 step 3000/10315 loss 1.7565 ce 0.6961 reward -0.036 lr 9.54e-06 27.7 min, 0.55 s/step
  epoch 1/2 step 3050/10315 loss 0.1694 ce 0.3296 reward 0.334 lr 9.52e-06 28.3 min, 0.56 s/step
  epoch 1/2 step 3100/10315 loss 0.1625 ce 0.4213 reward 0.222 lr 9.51e-06 28.7 min, 0.56 s/step
  epoch 1/2 step 3150/10315 loss 0.0946 ce 0.3486 reward 0.331 lr 9.49e-06 29.3 min, 0.56 s/step
  epoch 1/2 step 3200/10315 loss -0.2228 ce 0.3173 reward 0.360 lr 9.48e-06 29.8 min, 0.56 s/step
  epoch 1/2 step 3250/10315 loss -0.6584 ce 0.3784 reward 0.274 lr 9.46e-06 30.1 min, 0.56 s/step
  epoch 1/2 step 3300/10315 loss -0.4693 ce 0.4023 reward 0.275 lr 9.44e-06 30.7 min, 0.56 s/step
  epoch 1/2 step 3350/10315 loss -0.6314 ce 0.3631 reward 0.316 lr 9.43e-06 31.1 min, 0.56 s/step
  epoch 1/2 step 3400/10315 loss 1.0564 ce 0.9501 reward -0.441 lr 9.41e-06 31.5 min, 0.56 s/step
  epoch 1/2 step 3450/10315 loss -0.5942 ce 0.6774 reward -0.017 lr 9.39e-06 32.1 min, 0.56 s/step
  epoch 1/2 step 3500/10315 loss -0.6584 ce 0.3492 reward 0.332 lr 9.38e-06 32.4 min, 0.56 s/step
  epoch 1/2 step 3550/10315 loss 0.3117 ce 0.4589 reward 0.123 lr 9.36e-06 32.9 min, 0.56 s/step
  epoch 1/2 step 3600/10315 loss 0.6846 ce 0.6514 reward -0.044 lr 9.34e-06 33.4 min, 0.56 s/step
  epoch 1/2 step 3650/10315 loss -0.0891 ce 0.7268 reward -0.087 lr 9.32e-06 33.9 min, 0.56 s/step
  epoch 1/2 step 3700/10315 loss -0.5361 ce 0.6518 reward 0.007 lr 9.30e-06 34.4 min, 0.56 s/step
  epoch 1/2 step 3750/10315 loss 0.4121 ce 0.4735 reward 0.180 lr 9.29e-06 34.9 min, 0.56 s/step
  epoch 1/2 step 3800/10315 loss 0.1525 ce 0.3879 reward 0.286 lr 9.27e-06 35.4 min, 0.56 s/step
  epoch 1/2 step 3850/10315 loss 0.7537 ce 0.9446 reward -0.515 lr 9.25e-06 35.8 min, 0.56 s/step
  epoch 1/2 step 3900/10315 loss -0.0692 ce 0.9358 reward -0.311 lr 9.23e-06 36.4 min, 0.56 s/step
  epoch 1/2 step 3950/10315 loss 1.2307 ce 1.0617 reward -0.632 lr 9.21e-06 36.9 min, 0.56 s/step
  epoch 1/2 step 4000/10315 loss 1.2336 ce 0.8485 reward -0.210 lr 9.19e-06 37.3 min, 0.56 s/step
  epoch 1/2 step 4050/10315 loss 1.8785 ce 2.1515 reward -1.795 lr 9.17e-06 37.7 min, 0.56 s/step
  epoch 1/2 step 4100/10315 loss 1.0878 ce 0.6912 reward -0.027 lr 9.15e-06 38.2 min, 0.56 s/step
  epoch 1/2 step 4150/10315 loss -0.4901 ce 0.3741 reward 0.266 lr 9.13e-06 38.6 min, 0.56 s/step
  epoch 1/2 step 4200/10315 loss -0.3668 ce 0.3828 reward 0.302 lr 9.11e-06 39.1 min, 0.56 s/step
  epoch 1/2 step 4250/10315 loss 0.5151 ce 1.3791 reward -0.826 lr 9.09e-06 39.4 min, 0.56 s/step
  epoch 1/2 step 4300/10315 loss 0.2034 ce 0.5980 reward -0.021 lr 9.07e-06 40.0 min, 0.56 s/step
  epoch 1/2 step 4350/10315 loss 0.7900 ce 0.6456 reward -0.065 lr 9.05e-06 40.4 min, 0.56 s/step
  epoch 1/2 step 4400/10315 loss 0.2225 ce 0.4242 reward 0.248 lr 9.03e-06 40.9 min, 0.56 s/step
  epoch 1/2 step 4450/10315 loss -0.1879 ce 0.2969 reward 0.385 lr 9.01e-06 41.4 min, 0.56 s/step
  epoch 1/2 step 4500/10315 loss -0.0691 ce 0.3368 reward 0.343 lr 8.98e-06 41.8 min, 0.56 s/step
  epoch 1/2 step 4550/10315 loss 0.3961 ce 0.4993 reward 0.144 lr 8.96e-06 42.4 min, 0.56 s/step
  epoch 1/2 step 4600/10315 loss -0.6714 ce 0.3799 reward 0.302 lr 8.94e-06 42.9 min, 0.56 s/step
  epoch 1/2 step 4650/10315 loss 0.4893 ce 0.6732 reward -0.108 lr 8.92e-06 43.4 min, 0.56 s/step
  epoch 1/2 step 4700/10315 loss -0.3109 ce 0.3549 reward 0.327 lr 8.90e-06 43.9 min, 0.56 s/step
  epoch 1/2 step 4750/10315 loss -0.5867 ce 0.3291 reward 0.356 lr 8.87e-06 44.4 min, 0.56 s/step
  epoch 1/2 step 4800/10315 loss 1.1666 ce 0.7121 reward -0.155 lr 8.85e-06 44.8 min, 0.56 s/step
  epoch 1/2 step 4850/10315 loss 0.4224 ce 0.6349 reward -0.069 lr 8.83e-06 45.2 min, 0.56 s/step
  epoch 1/2 step 4900/10315 loss 0.2666 ce 0.3443 reward 0.322 lr 8.80e-06 45.7 min, 0.56 s/step
  epoch 1/2 step 4950/10315 loss 0.8386 ce 0.7664 reward -0.152 lr 8.78e-06 46.2 min, 0.56 s/step
  epoch 1/2 step 5000/10315 loss 0.1956 ce 0.6899 reward -0.070 lr 8.76e-06 46.7 min, 0.56 s/step
  epoch 1/2 step 5050/10315 loss 0.1439 ce 0.3846 reward 0.289 lr 8.73e-06 47.2 min, 0.56 s/step
  epoch 1/2 step 5100/10315 loss -0.3109 ce 0.3893 reward 0.292 lr 8.71e-06 47.6 min, 0.56 s/step
  epoch 1/2 step 5150/10315 loss -0.8534 ce 0.3629 reward 0.319 lr 8.69e-06 48.0 min, 0.56 s/step
  epoch 1/2 step 5200/10315 loss 0.8684 ce 0.9573 reward -0.350 lr 8.66e-06 48.4 min, 0.56 s/step
  epoch 1/2 step 5250/10315 loss 0.4557 ce 0.5432 reward 0.038 lr 8.64e-06 48.8 min, 0.56 s/step
  epoch 1/2 step 5300/10315 loss -0.2470 ce 0.6512 reward 0.011 lr 8.61e-06 49.2 min, 0.56 s/step
  epoch 1/2 step 5350/10315 loss 0.5784 ce 0.5751 reward 0.062 lr 8.59e-06 49.7 min, 0.56 s/step
  epoch 1/2 step 5400/10315 loss -0.1091 ce 0.2864 reward 0.407 lr 8.56e-06 50.3 min, 0.56 s/step
  epoch 1/2 step 5450/10315 loss -0.0625 ce 0.2992 reward 0.392 lr 8.54e-06 50.8 min, 0.56 s/step
  epoch 1/2 step 5500/10315 loss 0.1653 ce 0.3717 reward 0.304 lr 8.51e-06 51.2 min, 0.56 s/step
  epoch 1/2 step 5550/10315 loss 0.6456 ce 0.5269 reward 0.147 lr 8.49e-06 51.6 min, 0.56 s/step
  epoch 1/2 step 5600/10315 loss -0.1831 ce 0.3525 reward 0.320 lr 8.46e-06 52.0 min, 0.56 s/step
  epoch 1/2 step 5650/10315 loss -0.0101 ce 0.8908 reward -0.338 lr 8.43e-06 52.5 min, 0.56 s/step
  epoch 1/2 step 5700/10315 loss -0.2031 ce 0.3680 reward 0.317 lr 8.41e-06 53.0 min, 0.56 s/step
  epoch 1/2 step 5750/10315 loss 0.3168 ce 0.7054 reward -0.060 lr 8.38e-06 53.4 min, 0.56 s/step
  epoch 1/2 step 5800/10315 loss -0.4333 ce 0.3386 reward 0.347 lr 8.36e-06 53.8 min, 0.56 s/step
  epoch 1/2 step 5850/10315 loss 0.1277 ce 0.4527 reward 0.209 lr 8.33e-06 54.3 min, 0.56 s/step
  epoch 1/2 step 5900/10315 loss 2.2462 ce 1.3326 reward -0.698 lr 8.30e-06 54.7 min, 0.56 s/step
  epoch 1/2 step 5950/10315 loss -0.0752 ce 0.2995 reward 0.387 lr 8.28e-06 55.2 min, 0.56 s/step
  epoch 1/2 step 6000/10315 loss -0.5216 ce 0.4055 reward 0.274 lr 8.25e-06 55.7 min, 0.56 s/step
  epoch 1/2 step 6050/10315 loss -0.1751 ce 0.5623 reward 0.106 lr 8.22e-06 56.2 min, 0.56 s/step
  epoch 1/2 step 6100/10315 loss 0.3679 ce 0.6769 reward -0.015 lr 8.19e-06 56.6 min, 0.56 s/step
  epoch 1/2 step 6150/10315 loss -1.7532 ce 0.6795 reward -0.015 lr 8.17e-06 56.9 min, 0.56 s/step
  epoch 1/2 step 6200/10315 loss -1.1642 ce 0.4927 reward 0.177 lr 8.14e-06 57.4 min, 0.56 s/step
  epoch 1/2 step 6250/10315 loss 0.7032 ce 0.6128 reward -0.011 lr 8.11e-06 57.8 min, 0.55 s/step
  epoch 1/2 step 6300/10315 loss -1.3976 ce 0.6724 reward -0.010 lr 8.08e-06 58.2 min, 0.55 s/step
  epoch 1/2 step 6350/10315 loss 0.8340 ce 0.9465 reward -0.428 lr 8.06e-06 58.8 min, 0.56 s/step
  epoch 1/2 step 6400/10315 loss 1.0083 ce 1.0635 reward -0.603 lr 8.03e-06 59.3 min, 0.56 s/step
  epoch 1/2 step 6450/10315 loss -0.1535 ce 0.3778 reward 0.302 lr 8.00e-06 59.7 min, 0.55 s/step
  epoch 1/2 step 6500/10315 loss 0.7176 ce 0.6404 reward -0.079 lr 7.97e-06 60.1 min, 0.55 s/step
  epoch 1/2 step 6550/10315 loss 1.0870 ce 1.3217 reward -0.840 lr 7.94e-06 60.6 min, 0.55 s/step
  epoch 1/2 step 6600/10315 loss 0.9544 ce 0.9042 reward -0.316 lr 7.91e-06 61.0 min, 0.55 s/step
  epoch 1/2 step 6650/10315 loss 0.6609 ce 0.5208 reward 0.127 lr 7.88e-06 61.5 min, 0.55 s/step
  epoch 1/2 step 6700/10315 loss 0.3261 ce 0.7223 reward -0.141 lr 7.85e-06 62.0 min, 0.56 s/step
  epoch 1/2 step 6750/10315 loss 0.8171 ce 0.8754 reward -0.350 lr 7.82e-06 62.4 min, 0.55 s/step
  epoch 1/2 step 6800/10315 loss 0.6441 ce 0.6434 reward -0.034 lr 7.79e-06 62.9 min, 0.56 s/step
  epoch 1/2 step 6850/10315 loss -0.2310 ce 0.4118 reward 0.264 lr 7.77e-06 63.4 min, 0.56 s/step
  epoch 1/2 step 6900/10315 loss 1.2695 ce 1.2076 reward -0.835 lr 7.73e-06 63.9 min, 0.56 s/step
  epoch 1/2 step 6950/10315 loss 0.2477 ce 0.3807 reward 0.266 lr 7.71e-06 64.4 min, 0.56 s/step
  epoch 1/2 step 7000/10315 loss 0.7051 ce 0.8968 reward -0.385 lr 7.68e-06 64.9 min, 0.56 s/step
  epoch 1/2 step 7050/10315 loss -0.5194 ce 0.3350 reward 0.347 lr 7.65e-06 65.4 min, 0.56 s/step
  epoch 1/2 step 7100/10315 loss -0.7429 ce 0.6887 reward -0.027 lr 7.61e-06 65.9 min, 0.56 s/step
  epoch 1/2 step 7150/10315 loss 0.6971 ce 0.7603 reward -0.195 lr 7.59e-06 66.3 min, 0.56 s/step
  epoch 1/2 step 7200/10315 loss 0.3723 ce 0.4486 reward 0.200 lr 7.55e-06 66.8 min, 0.56 s/step
  epoch 1/2 step 7250/10315 loss 0.1289 ce 0.4449 reward 0.155 lr 7.52e-06 67.2 min, 0.56 s/step
  epoch 1/2 step 7300/10315 loss -0.7880 ce 0.4104 reward 0.265 lr 7.49e-06 67.7 min, 0.56 s/step
  epoch 1/2 step 7350/10315 loss 1.1683 ce 0.7004 reward -0.067 lr 7.46e-06 68.1 min, 0.56 s/step
  epoch 1/2 step 7400/10315 loss -0.0444 ce 0.3459 reward 0.338 lr 7.43e-06 68.6 min, 0.56 s/step
  epoch 1/2 step 7450/10315 loss 0.3099 ce 0.4089 reward 0.226 lr 7.40e-06 69.1 min, 0.56 s/step
  epoch 1/2 step 7500/10315 loss -0.3401 ce 0.2835 reward 0.398 lr 7.37e-06 69.4 min, 0.56 s/step
  epoch 1/2 step 7550/10315 loss -0.3151 ce 0.3150 reward 0.375 lr 7.34e-06 69.9 min, 0.56 s/step
  epoch 1/2 step 7600/10315 loss 0.3648 ce 0.4474 reward 0.211 lr 7.31e-06 70.3 min, 0.55 s/step
  epoch 1/2 step 7650/10315 loss 0.8872 ce 0.8127 reward -0.250 lr 7.28e-06 70.8 min, 0.56 s/step
  epoch 1/2 step 7700/10315 loss 0.5507 ce 0.7303 reward -0.231 lr 7.24e-06 71.2 min, 0.55 s/step
  epoch 1/2 step 7750/10315 loss -0.7399 ce 0.2832 reward 0.402 lr 7.21e-06 71.7 min, 0.56 s/step
  epoch 1/2 step 7800/10315 loss -0.1807 ce 0.3447 reward 0.338 lr 7.18e-06 72.2 min, 0.56 s/step
  epoch 1/2 step 7850/10315 loss -0.0355 ce 0.5797 reward 0.006 lr 7.15e-06 72.6 min, 0.55 s/step
  epoch 1/2 step 7900/10315 loss -1.4033 ce 0.6576 reward 0.006 lr 7.12e-06 73.1 min, 0.55 s/step
  epoch 1/2 step 7950/10315 loss -0.2997 ce 0.4990 reward 0.171 lr 7.09e-06 73.4 min, 0.55 s/step
  epoch 1/2 step 8000/10315 loss 1.3422 ce 1.3001 reward -0.647 lr 7.05e-06 74.0 min, 0.55 s/step
  epoch 1/2 step 8050/10315 loss -0.8002 ce 0.3866 reward 0.294 lr 7.02e-06 74.4 min, 0.55 s/step
  epoch 1/2 step 8100/10315 loss -0.4478 ce 0.3542 reward 0.331 lr 6.99e-06 74.9 min, 0.55 s/step
  epoch 1/2 step 8150/10315 loss 1.2469 ce 1.2372 reward -0.670 lr 6.96e-06 75.4 min, 0.55 s/step
  epoch 1/2 step 8200/10315 loss -0.0940 ce 0.6916 reward -0.028 lr 6.92e-06 75.8 min, 0.55 s/step
  epoch 1/2 step 8250/10315 loss -0.0307 ce 0.3080 reward 0.379 lr 6.89e-06 76.3 min, 0.55 s/step
  epoch 1/2 step 8300/10315 loss -0.2685 ce 0.3283 reward 0.359 lr 6.86e-06 76.8 min, 0.56 s/step
  epoch 1/2 step 8350/10315 loss -0.1127 ce 0.3120 reward 0.365 lr 6.83e-06 77.3 min, 0.56 s/step
  epoch 1/2 step 8400/10315 loss -0.2109 ce 0.4685 reward 0.126 lr 6.79e-06 77.8 min, 0.56 s/step
  epoch 1/2 step 8450/10315 loss 0.4071 ce 0.7666 reward -0.290 lr 6.76e-06 78.4 min, 0.56 s/step
  epoch 1/2 step 8500/10315 loss 1.2609 ce 1.1300 reward -0.643 lr 6.73e-06 78.7 min, 0.56 s/step
  epoch 1/2 step 8550/10315 loss -0.1721 ce 0.6773 reward -0.015 lr 6.69e-06 79.1 min, 0.55 s/step
  epoch 1/2 step 8600/10315 loss 0.0296 ce 0.3953 reward 0.270 lr 6.66e-06 79.5 min, 0.55 s/step
  epoch 1/2 step 8650/10315 loss -0.5333 ce 0.3417 reward 0.344 lr 6.63e-06 79.9 min, 0.55 s/step
  epoch 1/2 step 8700/10315 loss -0.1666 ce 0.6816 reward -0.019 lr 6.59e-06 80.4 min, 0.55 s/step
  epoch 1/2 step 8750/10315 loss 0.6636 ce 0.8990 reward -0.391 lr 6.56e-06 80.8 min, 0.55 s/step
  epoch 1/2 step 8800/10315 loss 0.1051 ce 0.6842 reward -0.018 lr 6.53e-06 81.3 min, 0.55 s/step
  epoch 1/2 step 8850/10315 loss -0.4112 ce 0.4202 reward 0.205 lr 6.50e-06 81.9 min, 0.55 s/step
  epoch 1/2 step 8900/10315 loss -0.5363 ce 0.3166 reward 0.371 lr 6.46e-06 82.4 min, 0.56 s/step
  epoch 1/2 step 8950/10315 loss -0.0047 ce 0.3761 reward 0.307 lr 6.43e-06 82.7 min, 0.55 s/step
  epoch 1/2 step 9000/10315 loss 0.6203 ce 0.8892 reward -0.343 lr 6.39e-06 83.2 min, 0.55 s/step
  epoch 1/2 step 9050/10315 loss 0.5020 ce 0.5513 reward 0.045 lr 6.36e-06 83.7 min, 0.55 s/step
  epoch 1/2 step 9100/10315 loss 0.2908 ce 0.5126 reward 0.125 lr 6.33e-06 84.1 min, 0.55 s/step
  epoch 1/2 step 9150/10315 loss 0.3889 ce 0.6949 reward -0.037 lr 6.29e-06 84.6 min, 0.55 s/step
  epoch 1/2 step 9200/10315 loss -1.3038 ce 0.6419 reward 0.025 lr 6.26e-06 85.1 min, 0.56 s/step
  epoch 1/2 step 9250/10315 loss -0.1053 ce 0.2873 reward 0.389 lr 6.23e-06 85.6 min, 0.55 s/step
  epoch 1/2 step 9300/10315 loss 0.4730 ce 0.4136 reward 0.243 lr 6.19e-06 85.9 min, 0.55 s/step
  epoch 1/2 step 9350/10315 loss 1.0534 ce 0.9424 reward -0.363 lr 6.16e-06 86.4 min, 0.55 s/step
  epoch 1/2 step 9400/10315 loss -0.5055 ce 0.2530 reward 0.438 lr 6.12e-06 86.9 min, 0.55 s/step
  epoch 1/2 step 9450/10315 loss 0.2560 ce 0.4877 reward 0.161 lr 6.09e-06 87.4 min, 0.55 s/step
  epoch 1/2 step 9500/10315 loss 0.4147 ce 0.4885 reward 0.156 lr 6.06e-06 87.8 min, 0.55 s/step
  epoch 1/2 step 9550/10315 loss 0.4235 ce 0.4465 reward 0.187 lr 6.02e-06 88.2 min, 0.55 s/step
  epoch 1/2 step 9600/10315 loss 0.1328 ce 0.3481 reward 0.313 lr 5.99e-06 88.7 min, 0.55 s/step
  epoch 1/2 step 9650/10315 loss 0.5151 ce 0.5140 reward 0.166 lr 5.95e-06 89.2 min, 0.55 s/step
  epoch 1/2 step 9700/10315 loss 0.6643 ce 0.6334 reward 0.028 lr 5.92e-06 89.7 min, 0.55 s/step
  epoch 1/2 step 9750/10315 loss -0.7968 ce 0.6512 reward 0.011 lr 5.89e-06 90.0 min, 0.55 s/step
  epoch 1/2 step 9800/10315 loss 2.5114 ce 0.8964 reward -0.316 lr 5.85e-06 90.5 min, 0.55 s/step
  epoch 1/2 step 9850/10315 loss 0.3013 ce 0.3875 reward 0.251 lr 5.82e-06 91.0 min, 0.55 s/step
  epoch 1/2 step 9900/10315 loss 0.4598 ce 0.3561 reward 0.282 lr 5.78e-06 91.4 min, 0.55 s/step
  epoch 1/2 step 9950/10315 loss 0.2055 ce 0.6807 reward -0.019 lr 5.75e-06 91.9 min, 0.55 s/step
  epoch 1/2 step 10000/10315 loss 0.5278 ce 0.7448 reward -0.204 lr 5.71e-06 92.3 min, 0.55 s/step
  epoch 1/2 step 10050/10315 loss 0.4546 ce 0.4356 reward 0.202 lr 5.68e-06 92.8 min, 0.55 s/step
  epoch 1/2 step 10100/10315 loss -0.0861 ce 0.3148 reward 0.368 lr 5.65e-06 93.3 min, 0.55 s/step
  epoch 1/2 step 10150/10315 loss -0.4050 ce 0.3734 reward 0.309 lr 5.61e-06 93.8 min, 0.55 s/step
  epoch 1/2 step 10200/10315 loss 0.1892 ce 0.3441 reward 0.345 lr 5.58e-06 94.2 min, 0.55 s/step
  epoch 1/2 step 10250/10315 loss -0.4067 ce 0.3852 reward 0.299 lr 5.54e-06 94.7 min, 0.55 s/step
  epoch 1/2 step 10300/10315 loss 0.2811 ce 0.4293 reward 0.200 lr 5.51e-06 95.2 min, 0.55 s/step
=== epoch 1 done, avg loss 0.2284, 95.4 min ===
  epoch 2/2 step 50/10315 loss 0.6005 ce 0.6241 reward 0.001 lr 5.46e-06 95.8 min, 0.55 s/step
  epoch 2/2 step 100/10315 loss -0.4541 ce 0.4055 reward 0.283 lr 5.43e-06 96.3 min, 0.55 s/step
  epoch 2/2 step 150/10315 loss -0.8323 ce 0.6511 reward 0.025 lr 5.40e-06 96.7 min, 0.55 s/step
  epoch 2/2 step 200/10315 loss 0.5973 ce 0.6459 reward -0.050 lr 5.36e-06 97.1 min, 0.55 s/step
  epoch 2/2 step 250/10315 loss 0.6278 ce 0.7233 reward -0.130 lr 5.33e-06 97.6 min, 0.55 s/step
  epoch 2/2 step 300/10315 loss 0.1194 ce 0.6710 reward 0.005 lr 5.29e-06 98.1 min, 0.55 s/step
  epoch 2/2 step 350/10315 loss 0.9974 ce 0.6161 reward -0.002 lr 5.26e-06 98.5 min, 0.55 s/step
  epoch 2/2 step 400/10315 loss 0.3157 ce 0.6305 reward -0.007 lr 5.22e-06 99.0 min, 0.55 s/step
  epoch 2/2 step 450/10315 loss 0.6940 ce 0.3568 reward 0.340 lr 5.19e-06 99.4 min, 0.55 s/step
  epoch 2/2 step 500/10315 loss -0.2533 ce 0.3961 reward 0.293 lr 5.15e-06 100.0 min, 0.55 s/step
  epoch 2/2 step 550/10315 loss -0.7908 ce 0.3894 reward 0.300 lr 5.12e-06 100.3 min, 0.55 s/step
  epoch 2/2 step 600/10315 loss -0.7873 ce 0.3838 reward 0.305 lr 5.09e-06 100.8 min, 0.55 s/step
  epoch 2/2 step 650/10315 loss 0.3340 ce 0.3448 reward 0.346 lr 5.05e-06 101.2 min, 0.55 s/step
  epoch 2/2 step 700/10315 loss -0.4331 ce 0.2813 reward 0.423 lr 5.02e-06 101.7 min, 0.55 s/step
  epoch 2/2 step 750/10315 loss 0.0820 ce 0.6824 reward -0.006 lr 4.99e-06 102.2 min, 0.55 s/step
  epoch 2/2 step 800/10315 loss 0.8048 ce 0.7337 reward -0.117 lr 4.95e-06 102.7 min, 0.55 s/step
  epoch 2/2 step 850/10315 loss 0.9096 ce 0.6757 reward 0.000 lr 4.92e-06 103.2 min, 0.55 s/step
  epoch 2/2 step 900/10315 loss 0.7774 ce 0.6667 reward 0.010 lr 4.88e-06 103.7 min, 0.55 s/step
  epoch 2/2 step 950/10315 loss 0.3700 ce 0.4581 reward 0.208 lr 4.85e-06 104.1 min, 0.55 s/step
  epoch 2/2 step 1000/10315 loss 0.6608 ce 0.8195 reward -0.225 lr 4.81e-06 104.6 min, 0.55 s/step
  epoch 2/2 step 1050/10315 loss 0.0167 ce 0.4288 reward 0.250 lr 4.78e-06 105.0 min, 0.55 s/step
  epoch 2/2 step 1100/10315 loss -0.3320 ce 0.3875 reward 0.303 lr 4.75e-06 105.5 min, 0.55 s/step
  epoch 2/2 step 1150/10315 loss -0.3537 ce 0.3530 reward 0.341 lr 4.71e-06 105.9 min, 0.55 s/step
  epoch 2/2 step 1200/10315 loss 1.5023 ce 1.0915 reward -0.603 lr 4.68e-06 106.4 min, 0.55 s/step
  epoch 2/2 step 1250/10315 loss -0.1261 ce 0.4115 reward 0.276 lr 4.65e-06 106.9 min, 0.55 s/step
  epoch 2/2 step 1300/10315 loss 0.3873 ce 0.4542 reward 0.215 lr 4.61e-06 107.3 min, 0.55 s/step
  epoch 2/2 step 1350/10315 loss 0.0745 ce 0.3885 reward 0.295 lr 4.58e-06 107.7 min, 0.55 s/step
  epoch 2/2 step 1400/10315 loss 1.0191 ce 0.7763 reward -0.158 lr 4.54e-06 108.1 min, 0.55 s/step
  epoch 2/2 step 1450/10315 loss -0.2387 ce 0.3602 reward 0.333 lr 4.51e-06 108.5 min, 0.55 s/step
  epoch 2/2 step 1500/10315 loss -0.3829 ce 0.2985 reward 0.401 lr 4.48e-06 109.0 min, 0.55 s/step
  epoch 2/2 step 1550/10315 loss -0.5437 ce 0.4594 reward 0.226 lr 4.45e-06 109.5 min, 0.55 s/step
  epoch 2/2 step 1600/10315 loss 2.8881 ce 1.2193 reward -0.603 lr 4.41e-06 109.9 min, 0.55 s/step
  epoch 2/2 step 1650/10315 loss -0.5277 ce 0.3625 reward 0.331 lr 4.38e-06 110.5 min, 0.55 s/step
  epoch 2/2 step 1700/10315 loss 1.1820 ce 1.3526 reward -0.762 lr 4.35e-06 110.9 min, 0.55 s/step
  epoch 2/2 step 1750/10315 loss 0.2775 ce 0.3810 reward 0.309 lr 4.31e-06 111.4 min, 0.55 s/step
  epoch 2/2 step 1800/10315 loss 0.5633 ce 0.6860 reward -0.010 lr 4.28e-06 111.9 min, 0.55 s/step
  epoch 2/2 step 1850/10315 loss 0.2704 ce 1.0705 reward -0.487 lr 4.25e-06 112.4 min, 0.55 s/step
  epoch 2/2 step 1900/10315 loss 0.2835 ce 0.4117 reward 0.270 lr 4.21e-06 112.8 min, 0.55 s/step
  epoch 2/2 step 1950/10315 loss 0.2653 ce 0.6687 reward -0.065 lr 4.18e-06 113.3 min, 0.55 s/step
  epoch 2/2 step 2000/10315 loss 1.8318 ce 1.2691 reward -0.680 lr 4.15e-06 113.7 min, 0.55 s/step
  epoch 2/2 step 2050/10315 loss 0.6320 ce 0.7008 reward -0.148 lr 4.12e-06 114.1 min, 0.55 s/step
  epoch 2/2 step 2100/10315 loss 0.4730 ce 0.4434 reward 0.226 lr 4.08e-06 114.5 min, 0.55 s/step
  epoch 2/2 step 2150/10315 loss 0.0027 ce 0.2521 reward 0.457 lr 4.05e-06 115.0 min, 0.55 s/step
  epoch 2/2 step 2200/10315 loss 0.8919 ce 0.8482 reward -0.305 lr 4.02e-06 115.6 min, 0.55 s/step
  epoch 2/2 step 2250/10315 loss 1.1130 ce 0.4909 reward 0.153 lr 3.99e-06 116.1 min, 0.55 s/step
  epoch 2/2 step 2300/10315 loss 0.1987 ce 0.4181 reward 0.252 lr 3.95e-06 116.6 min, 0.55 s/step
  epoch 2/2 step 2350/10315 loss 0.3037 ce 0.4805 reward 0.157 lr 3.92e-06 117.0 min, 0.55 s/step
  epoch 2/2 step 2400/10315 loss 0.9371 ce 0.6775 reward -0.102 lr 3.89e-06 117.5 min, 0.55 s/step
  epoch 2/2 step 2450/10315 loss -0.3101 ce 0.3757 reward 0.316 lr 3.86e-06 118.0 min, 0.55 s/step
  epoch 2/2 step 2500/10315 loss 0.8460 ce 0.8150 reward -0.207 lr 3.82e-06 118.4 min, 0.55 s/step
  epoch 2/2 step 2550/10315 loss -0.2988 ce 0.3721 reward 0.320 lr 3.79e-06 118.9 min, 0.55 s/step
  epoch 2/2 step 2600/10315 loss -0.3379 ce 0.3717 reward 0.319 lr 3.76e-06 119.4 min, 0.55 s/step
  epoch 2/2 step 2650/10315 loss 0.8249 ce 0.7463 reward -0.209 lr 3.73e-06 119.7 min, 0.55 s/step
  epoch 2/2 step 2700/10315 loss -0.0832 ce 0.3852 reward 0.305 lr 3.70e-06 120.1 min, 0.55 s/step
  epoch 2/2 step 2750/10315 loss 0.5153 ce 0.4778 reward 0.190 lr 3.67e-06 120.5 min, 0.55 s/step
  epoch 2/2 step 2800/10315 loss 0.4777 ce 0.4069 reward 0.273 lr 3.64e-06 121.0 min, 0.55 s/step
  epoch 2/2 step 2850/10315 loss -0.3385 ce 0.3913 reward 0.299 lr 3.61e-06 121.5 min, 0.55 s/step
  epoch 2/2 step 2900/10315 loss 0.6201 ce 0.4245 reward 0.260 lr 3.57e-06 122.1 min, 0.55 s/step
  epoch 2/2 step 2950/10315 loss 0.2277 ce 0.4400 reward 0.221 lr 3.54e-06 122.6 min, 0.55 s/step
  epoch 2/2 step 3000/10315 loss 0.0106 ce 0.3727 reward 0.320 lr 3.51e-06 123.0 min, 0.55 s/step
  epoch 2/2 step 3050/10315 loss 0.2453 ce 0.3025 reward 0.393 lr 3.48e-06 123.5 min, 0.55 s/step
  epoch 2/2 step 3100/10315 loss -0.7223 ce 0.6771 reward -0.001 lr 3.45e-06 124.0 min, 0.55 s/step
  epoch 2/2 step 3150/10315 loss 0.7072 ce 0.7120 reward -0.152 lr 3.42e-06 124.5 min, 0.55 s/step
  epoch 2/2 step 3200/10315 loss -0.1923 ce 0.3656 reward 0.326 lr 3.39e-06 125.0 min, 0.55 s/step
  epoch 2/2 step 3250/10315 loss -0.0220 ce 0.3599 reward 0.333 lr 3.36e-06 125.4 min, 0.55 s/step
  epoch 2/2 step 3300/10315 loss 0.0343 ce 0.3408 reward 0.355 lr 3.33e-06 125.9 min, 0.55 s/step
  epoch 2/2 step 3350/10315 loss 0.9987 ce 0.8149 reward -0.197 lr 3.30e-06 126.4 min, 0.55 s/step
  epoch 2/2 step 3400/10315 loss 0.0679 ce 0.3381 reward 0.355 lr 3.27e-06 126.9 min, 0.56 s/step
  epoch 2/2 step 3450/10315 loss -0.3704 ce 0.3527 reward 0.333 lr 3.24e-06 127.4 min, 0.56 s/step
  epoch 2/2 step 3500/10315 loss 0.5415 ce 0.5950 reward 0.012 lr 3.21e-06 127.8 min, 0.56 s/step
  epoch 2/2 step 3550/10315 loss -0.2326 ce 0.3577 reward 0.321 lr 3.18e-06 128.3 min, 0.56 s/step
  epoch 2/2 step 3600/10315 loss 1.7694 ce 1.3121 reward -0.733 lr 3.15e-06 128.8 min, 0.56 s/step
  epoch 2/2 step 3650/10315 loss -0.3822 ce 0.4135 reward 0.274 lr 3.12e-06 129.2 min, 0.56 s/step
  epoch 2/2 step 3700/10315 loss 0.8031 ce 1.3492 reward -0.766 lr 3.09e-06 129.6 min, 0.55 s/step
  epoch 2/2 step 3750/10315 loss -0.0058 ce 0.6510 reward 0.026 lr 3.07e-06 130.2 min, 0.56 s/step
  epoch 2/2 step 3800/10315 loss -0.2488 ce 0.3417 reward 0.353 lr 3.04e-06 130.6 min, 0.56 s/step
  epoch 2/2 step 3850/10315 loss -0.7478 ce 0.4093 reward 0.279 lr 3.01e-06 131.0 min, 0.55 s/step
  epoch 2/2 step 3900/10315 loss -0.5633 ce 0.7124 reward -0.040 lr 2.98e-06 131.4 min, 0.55 s/step
  epoch 2/2 step 3950/10315 loss 0.4532 ce 0.4836 reward 0.152 lr 2.95e-06 131.8 min, 0.55 s/step
  epoch 2/2 step 4000/10315 loss -0.2870 ce 0.3348 reward 0.360 lr 2.92e-06 132.3 min, 0.55 s/step
  epoch 2/2 step 4050/10315 loss -0.0974 ce 0.6563 reward 0.020 lr 2.90e-06 132.8 min, 0.55 s/step
  epoch 2/2 step 4100/10315 loss 0.3308 ce 0.4364 reward 0.217 lr 2.87e-06 133.4 min, 0.56 s/step
  epoch 2/2 step 4150/10315 loss 0.2195 ce 0.4873 reward 0.170 lr 2.84e-06 133.8 min, 0.56 s/step
  epoch 2/2 step 4200/10315 loss 0.4647 ce 0.4894 reward 0.176 lr 2.81e-06 134.2 min, 0.55 s/step
  epoch 2/2 step 4250/10315 loss 1.3990 ce 1.2095 reward -0.609 lr 2.78e-06 134.6 min, 0.55 s/step
  epoch 2/2 step 4300/10315 loss -0.4769 ce 0.6781 reward -0.002 lr 2.76e-06 135.1 min, 0.55 s/step
  epoch 2/2 step 4350/10315 loss 0.0148 ce 0.3787 reward 0.304 lr 2.73e-06 135.5 min, 0.55 s/step
  epoch 2/2 step 4400/10315 loss 0.1135 ce 0.3262 reward 0.366 lr 2.70e-06 136.0 min, 0.55 s/step
  epoch 2/2 step 4450/10315 loss 0.9002 ce 1.0845 reward -0.560 lr 2.68e-06 136.4 min, 0.55 s/step
  epoch 2/2 step 4500/10315 loss -0.9768 ce 0.3667 reward 0.325 lr 2.65e-06 136.9 min, 0.55 s/step
  epoch 2/2 step 4550/10315 loss -0.3226 ce 0.3804 reward 0.311 lr 2.62e-06 137.4 min, 0.55 s/step
  epoch 2/2 step 4600/10315 loss 0.1591 ce 0.3275 reward 0.369 lr 2.60e-06 137.8 min, 0.55 s/step
  epoch 2/2 step 4650/10315 loss 0.7104 ce 0.7473 reward -0.132 lr 2.57e-06 138.2 min, 0.55 s/step
  epoch 2/2 step 4700/10315 loss 0.6531 ce 0.6671 reward 0.009 lr 2.54e-06 138.7 min, 0.55 s/step
  epoch 2/2 step 4750/10315 loss 0.8887 ce 1.2096 reward -0.616 lr 2.52e-06 139.1 min, 0.55 s/step
  epoch 2/2 step 4800/10315 loss -0.0249 ce 0.4816 reward 0.153 lr 2.49e-06 139.6 min, 0.55 s/step
  epoch 2/2 step 4850/10315 loss -1.1723 ce 0.6755 reward 0.000 lr 2.47e-06 140.0 min, 0.55 s/step
  epoch 2/2 step 4900/10315 loss 0.1475 ce 0.7408 reward -0.138 lr 2.44e-06 140.5 min, 0.55 s/step
  epoch 2/2 step 4950/10315 loss -0.0221 ce 0.3366 reward 0.357 lr 2.42e-06 141.0 min, 0.55 s/step
  epoch 2/2 step 5000/10315 loss 0.2834 ce 0.6232 reward 0.023 lr 2.39e-06 141.5 min, 0.55 s/step
  epoch 2/2 step 5050/10315 loss -0.5831 ce 0.3346 reward 0.361 lr 2.37e-06 142.0 min, 0.55 s/step
  epoch 2/2 step 5100/10315 loss 0.7538 ce 0.6827 reward -0.006 lr 2.34e-06 142.5 min, 0.55 s/step
  epoch 2/2 step 5150/10315 loss 0.5847 ce 0.6916 reward -0.089 lr 2.32e-06 142.9 min, 0.55 s/step
  epoch 2/2 step 5200/10315 loss -0.3677 ce 0.3580 reward 0.335 lr 2.29e-06 143.4 min, 0.55 s/step
  epoch 2/2 step 5250/10315 loss -0.6723 ce 0.3058 reward 0.393 lr 2.27e-06 143.9 min, 0.55 s/step
  epoch 2/2 step 5300/10315 loss 0.8332 ce 1.2525 reward -0.665 lr 2.25e-06 144.4 min, 0.55 s/step
  epoch 2/2 step 5350/10315 loss 1.1034 ce 1.3182 reward -0.729 lr 2.22e-06 144.9 min, 0.56 s/step
  epoch 2/2 step 5400/10315 loss 0.5489 ce 0.4768 reward 0.195 lr 2.20e-06 145.4 min, 0.56 s/step
  epoch 2/2 step 5450/10315 loss -1.3573 ce 0.6703 reward 0.006 lr 2.18e-06 145.9 min, 0.56 s/step
  epoch 2/2 step 5500/10315 loss 0.4833 ce 0.8479 reward -0.289 lr 2.15e-06 146.4 min, 0.56 s/step
  epoch 2/2 step 5550/10315 loss -0.0013 ce 0.3273 reward 0.369 lr 2.13e-06 146.8 min, 0.56 s/step
  epoch 2/2 step 5600/10315 loss 0.6257 ce 0.8327 reward -0.221 lr 2.11e-06 147.3 min, 0.56 s/step
  epoch 2/2 step 5650/10315 loss 0.6373 ce 0.7923 reward -0.218 lr 2.09e-06 147.7 min, 0.55 s/step
  epoch 2/2 step 5700/10315 loss 0.4859 ce 0.6015 reward 0.024 lr 2.06e-06 148.1 min, 0.55 s/step
  epoch 2/2 step 5750/10315 loss -0.0547 ce 0.3904 reward 0.299 lr 2.04e-06 148.4 min, 0.55 s/step
  epoch 2/2 step 5800/10315 loss -0.3252 ce 0.3359 reward 0.362 lr 2.02e-06 148.8 min, 0.55 s/step
  epoch 2/2 step 5850/10315 loss -0.3911 ce 0.2984 reward 0.401 lr 2.00e-06 149.3 min, 0.55 s/step
  epoch 2/2 step 5900/10315 loss 0.3205 ce 0.3698 reward 0.294 lr 1.98e-06 149.9 min, 0.55 s/step
  epoch 2/2 step 5950/10315 loss 0.4953 ce 0.7607 reward -0.162 lr 1.96e-06 150.3 min, 0.55 s/step
  epoch 2/2 step 6000/10315 loss 0.2224 ce 0.4563 reward 0.219 lr 1.93e-06 150.8 min, 0.55 s/step
  epoch 2/2 step 6050/10315 loss 1.4034 ce 1.2999 reward -0.706 lr 1.91e-06 151.3 min, 0.55 s/step
  epoch 2/2 step 6100/10315 loss 0.9081 ce 0.8192 reward -0.215 lr 1.89e-06 151.8 min, 0.55 s/step
  epoch 2/2 step 6150/10315 loss -0.3340 ce 0.3809 reward 0.310 lr 1.87e-06 152.2 min, 0.55 s/step
  epoch 2/2 step 6200/10315 loss 0.3983 ce 0.3698 reward 0.308 lr 1.85e-06 152.7 min, 0.55 s/step
  epoch 2/2 step 6250/10315 loss -0.1063 ce 0.6843 reward -0.008 lr 1.83e-06 153.1 min, 0.55 s/step
  epoch 2/2 step 6300/10315 loss 0.3110 ce 1.2722 reward -0.673 lr 1.81e-06 153.6 min, 0.55 s/step
  epoch 2/2 step 6350/10315 loss 1.3783 ce 1.2453 reward -0.672 lr 1.79e-06 154.1 min, 0.55 s/step
  epoch 2/2 step 6400/10315 loss -0.5154 ce 0.4054 reward 0.283 lr 1.77e-06 154.5 min, 0.55 s/step
  epoch 2/2 step 6450/10315 loss 0.9554 ce 0.8616 reward -0.258 lr 1.76e-06 154.9 min, 0.55 s/step
  epoch 2/2 step 6500/10315 loss -0.4917 ce 0.3680 reward 0.324 lr 1.74e-06 155.3 min, 0.55 s/step
  epoch 2/2 step 6550/10315 loss 1.1026 ce 1.0794 reward -0.556 lr 1.72e-06 155.9 min, 0.55 s/step
  epoch 2/2 step 6600/10315 loss 0.7931 ce 0.8988 reward -0.313 lr 1.70e-06 156.3 min, 0.55 s/step
  epoch 2/2 step 6650/10315 loss 1.0541 ce 0.7031 reward -0.147 lr 1.68e-06 156.7 min, 0.55 s/step
  epoch 2/2 step 6700/10315 loss -0.3843 ce 0.6666 reward 0.010 lr 1.66e-06 157.1 min, 0.55 s/step
  epoch 2/2 step 6750/10315 loss 0.0797 ce 0.3001 reward 0.401 lr 1.65e-06 157.5 min, 0.55 s/step
  epoch 2/2 step 6800/10315 loss 1.2267 ce 1.1653 reward -0.608 lr 1.63e-06 158.0 min, 0.55 s/step
  epoch 2/2 step 6850/10315 loss -0.2202 ce 0.3435 reward 0.347 lr 1.61e-06 158.5 min, 0.55 s/step
  epoch 2/2 step 6900/10315 loss -0.8173 ce 0.6773 reward -0.001 lr 1.59e-06 158.9 min, 0.55 s/step
  epoch 2/2 step 6950/10315 loss -0.3718 ce 0.4798 reward 0.183 lr 1.58e-06 159.3 min, 0.55 s/step
  epoch 2/2 step 7000/10315 loss 0.1350 ce 0.3066 reward 0.392 lr 1.56e-06 159.7 min, 0.55 s/step
  epoch 2/2 step 7050/10315 loss -0.5094 ce 0.3692 reward 0.323 lr 1.54e-06 160.1 min, 0.55 s/step
  epoch 2/2 step 7100/10315 loss 1.3567 ce 0.6512 reward 0.025 lr 1.53e-06 160.6 min, 0.55 s/step
  epoch 2/2 step 7150/10315 loss 0.4031 ce 0.3817 reward 0.301 lr 1.51e-06 161.1 min, 0.55 s/step
  epoch 2/2 step 7200/10315 loss -0.1966 ce 0.6650 reward 0.011 lr 1.49e-06 161.6 min, 0.55 s/step
  epoch 2/2 step 7250/10315 loss 0.5590 ce 0.7519 reward -0.143 lr 1.48e-06 161.9 min, 0.55 s/step
  epoch 2/2 step 7300/10315 loss -0.6166 ce 0.6757 reward 0.000 lr 1.46e-06 162.4 min, 0.55 s/step
  epoch 2/2 step 7350/10315 loss 0.1700 ce 0.3769 reward 0.290 lr 1.45e-06 162.8 min, 0.55 s/step
  epoch 2/2 step 7400/10315 loss 0.1984 ce 0.3844 reward 0.306 lr 1.43e-06 163.3 min, 0.55 s/step
  epoch 2/2 step 7450/10315 loss 0.5747 ce 0.4900 reward 0.154 lr 1.42e-06 163.7 min, 0.55 s/step
  epoch 2/2 step 7500/10315 loss 0.7192 ce 0.6381 reward -0.014 lr 1.41e-06 164.1 min, 0.55 s/step
  epoch 2/2 step 7550/10315 loss 2.3464 ce 1.8937 reward -1.383 lr 1.39e-06 164.6 min, 0.55 s/step
  epoch 2/2 step 7600/10315 loss 0.1096 ce 0.4265 reward 0.244 lr 1.38e-06 165.0 min, 0.55 s/step
  epoch 2/2 step 7650/10315 loss 0.8218 ce 0.6403 reward 0.037 lr 1.36e-06 165.5 min, 0.55 s/step
  epoch 2/2 step 7700/10315 loss -0.1080 ce 0.6774 reward -0.001 lr 1.35e-06 166.0 min, 0.55 s/step
  epoch 2/2 step 7750/10315 loss 0.2057 ce 0.3905 reward 0.280 lr 1.34e-06 166.5 min, 0.55 s/step
  epoch 2/2 step 7800/10315 loss 0.1692 ce 0.6685 reward -0.042 lr 1.32e-06 167.0 min, 0.55 s/step
  epoch 2/2 step 7850/10315 loss 0.2727 ce 0.3992 reward 0.284 lr 1.31e-06 167.5 min, 0.55 s/step
  epoch 2/2 step 7900/10315 loss -0.4808 ce 0.3210 reward 0.375 lr 1.30e-06 167.9 min, 0.55 s/step
  epoch 2/2 step 7950/10315 loss -0.0755 ce 0.3030 reward 0.396 lr 1.29e-06 168.3 min, 0.55 s/step
  epoch 2/2 step 8000/10315 loss -1.0050 ce 0.6815 reward -0.006 lr 1.28e-06 168.9 min, 0.55 s/step
  epoch 2/2 step 8050/10315 loss 0.4817 ce 0.5528 reward 0.077 lr 1.26e-06 169.3 min, 0.55 s/step
  epoch 2/2 step 8100/10315 loss -0.1470 ce 0.3021 reward 0.400 lr 1.25e-06 169.8 min, 0.55 s/step
  epoch 2/2 step 8150/10315 loss -0.5271 ce 0.4134 reward 0.274 lr 1.24e-06 170.2 min, 0.55 s/step
  epoch 2/2 step 8200/10315 loss 0.1396 ce 0.3043 reward 0.396 lr 1.23e-06 170.8 min, 0.55 s/step
  epoch 2/2 step 8250/10315 loss 0.6033 ce 1.2087 reward -0.630 lr 1.22e-06 171.4 min, 0.55 s/step
  epoch 2/2 step 8300/10315 loss 0.5898 ce 0.6370 reward -0.030 lr 1.21e-06 171.9 min, 0.55 s/step
  epoch 2/2 step 8350/10315 loss 0.5686 ce 0.6072 reward 0.011 lr 1.20e-06 172.2 min, 0.55 s/step
  epoch 2/2 step 8400/10315 loss 0.2231 ce 0.3844 reward 0.305 lr 1.19e-06 172.6 min, 0.55 s/step
  epoch 2/2 step 8450/10315 loss -0.2531 ce 0.3409 reward 0.354 lr 1.18e-06 173.0 min, 0.55 s/step
  epoch 2/2 step 8500/10315 loss -0.0079 ce 0.3475 reward 0.350 lr 1.17e-06 173.4 min, 0.55 s/step
  epoch 2/2 step 8550/10315 loss 0.6479 ce 0.7602 reward -0.160 lr 1.16e-06 173.9 min, 0.55 s/step
  epoch 2/2 step 8600/10315 loss -0.5219 ce 0.4133 reward 0.275 lr 1.15e-06 174.4 min, 0.55 s/step
  epoch 2/2 step 8650/10315 loss -0.0216 ce 0.4505 reward 0.207 lr 1.14e-06 174.9 min, 0.55 s/step
  epoch 2/2 step 8700/10315 loss -0.7127 ce 0.4133 reward 0.275 lr 1.13e-06 175.3 min, 0.55 s/step
  epoch 2/2 step 8750/10315 loss 1.7030 ce 1.3489 reward -0.749 lr 1.13e-06 175.7 min, 0.55 s/step
  epoch 2/2 step 8800/10315 loss 1.3986 ce 1.5870 reward -1.244 lr 1.12e-06 176.2 min, 0.55 s/step
  epoch 2/2 step 8850/10315 loss -0.1189 ce 0.3606 reward 0.332 lr 1.11e-06 176.7 min, 0.55 s/step
  epoch 2/2 step 8900/10315 loss 0.2665 ce 0.3971 reward 0.293 lr 1.10e-06 177.3 min, 0.55 s/step
  epoch 2/2 step 8950/10315 loss -0.5362 ce 0.3562 reward 0.338 lr 1.10e-06 177.8 min, 0.55 s/step
  epoch 2/2 step 9000/10315 loss -0.8296 ce 0.6563 reward 0.020 lr 1.09e-06 178.2 min, 0.55 s/step
  epoch 2/2 step 9050/10315 loss -0.3005 ce 0.4254 reward 0.243 lr 1.08e-06 178.6 min, 0.55 s/step
  epoch 2/2 step 9100/10315 loss 0.4649 ce 0.4954 reward 0.152 lr 1.08e-06 179.0 min, 0.55 s/step
  epoch 2/2 step 9150/10315 loss 0.0243 ce 0.4835 reward 0.150 lr 1.07e-06 179.6 min, 0.55 s/step
  epoch 2/2 step 9200/10315 loss 1.0868 ce 0.9581 reward -0.464 lr 1.06e-06 180.0 min, 0.55 s/step
  epoch 2/2 step 9250/10315 loss 0.5656 ce 0.6688 reward 0.007 lr 1.06e-06 180.6 min, 0.55 s/step
  epoch 2/2 step 9300/10315 loss 0.6512 ce 0.3930 reward 0.289 lr 1.05e-06 181.0 min, 0.55 s/step
  epoch 2/2 step 9350/10315 loss -0.0153 ce 0.2570 reward 0.448 lr 1.05e-06 181.3 min, 0.55 s/step
  epoch 2/2 step 9400/10315 loss 0.2772 ce 0.6719 reward 0.004 lr 1.04e-06 181.7 min, 0.55 s/step
  epoch 2/2 step 9450/10315 loss 0.0460 ce 0.3347 reward 0.361 lr 1.04e-06 182.2 min, 0.55 s/step
  epoch 2/2 step 9500/10315 loss -0.3343 ce 0.3058 reward 0.393 lr 1.03e-06 182.7 min, 0.55 s/step
  epoch 2/2 step 9550/10315 loss -0.5832 ce 0.3781 reward 0.315 lr 1.03e-06 183.1 min, 0.55 s/step
  epoch 2/2 step 9600/10315 loss -0.4125 ce 0.4054 reward 0.283 lr 1.03e-06 183.5 min, 0.55 s/step
  epoch 2/2 step 9650/10315 loss 0.8397 ce 1.2892 reward -0.693 lr 1.02e-06 184.1 min, 0.55 s/step
  epoch 2/2 step 9700/10315 loss 0.8673 ce 0.5313 reward 0.079 lr 1.02e-06 184.5 min, 0.55 s/step
  epoch 2/2 step 9750/10315 loss 0.3118 ce 0.6513 reward 0.025 lr 1.02e-06 184.9 min, 0.55 s/step
  epoch 2/2 step 9800/10315 loss -0.3347 ce 0.3491 reward 0.345 lr 1.01e-06 185.4 min, 0.55 s/step
  epoch 2/2 step 9850/10315 loss 0.2696 ce 0.3480 reward 0.346 lr 1.01e-06 185.9 min, 0.55 s/step
  epoch 2/2 step 9900/10315 loss 2.7990 ce 1.3367 reward -0.742 lr 1.01e-06 186.4 min, 0.55 s/step
  epoch 2/2 step 9950/10315 loss -0.0888 ce 0.3417 reward 0.353 lr 1.01e-06 187.0 min, 0.55 s/step
  epoch 2/2 step 10000/10315 loss 0.3579 ce 1.2948 reward -0.708 lr 1.00e-06 187.5 min, 0.55 s/step
  epoch 2/2 step 10050/10315 loss 0.1948 ce 0.3624 reward 0.320 lr 1.00e-06 188.0 min, 0.55 s/step
  epoch 2/2 step 10100/10315 loss -0.6011 ce 0.3614 reward 0.332 lr 1.00e-06 188.5 min, 0.55 s/step
  epoch 2/2 step 10150/10315 loss 1.2693 ce 0.6771 reward -0.001 lr 1.00e-06 189.0 min, 0.55 s/step
  epoch 2/2 step 10200/10315 loss 0.5196 ce 0.5839 reward 0.049 lr 1.00e-06 189.5 min, 0.55 s/step
  epoch 2/2 step 10250/10315 loss 0.0736 ce 0.2655 reward 0.437 lr 1.00e-06 190.0 min, 0.55 s/step
  epoch 2/2 step 10300/10315 loss 0.5072 ce 0.5329 reward 0.110 lr 1.00e-06 190.5 min, 0.55 s/step
=== epoch 2 done, avg loss 0.2070, 190.6 min ===
calibrating temperatures
temperatures (choice, score, noul): [1.134, 1.128, 1.058]
saved to /work/thai/out/laya-th-run16 after 190.9 min
== [21:30] 3/4 evals
3000 reviews, stars {1: 1289, 2: 234, 3: 196, 4: 161, 5: 1120}
3300 ambiguous sentences, labels {'neg': 1100, 'pos': 1100, 'neu': 1100}, types {'ประชดประชัน (Sarcasm)': 100, 'ชมแบบซ่อนรูป / ติเพื่อชม': 100, 'ได้อย่างเสียอย่าง (Mixed/Balanced)': 50, 'เป็นกลาง / ข้อเท็จจริง (Neutral/Fact)': 50, 'ประชดประชัน/คำวิจารณ์เชิงลบ': 1000, 'ชมแบบซ่อนรูป/เชิงบวกทางอ้อม': 1000, 'ข้อเท็จจริง/กลางๆ/สอบถาม': 1000}

== laya-th-run14: reviews
stars   n   negative  neutral  positive  question   mean frustration
  1    1289      0.89     0.09      0.01      0.01   1.29
  2     234      0.77     0.17      0.03      0.03   1.10
  3     196      0.65     0.27      0.07      0.01   1.06
  4     161      0.29     0.40      0.30      0.01   0.82
  5    1120      0.15     0.26      0.58      0.01   0.57
1-2 stars called negative or 4-5 stars called positive: 0.720; the opposite: 0.086; by business {'banking': 0.7095, 'insurance': 0.7157, 'telecom': 0.7651}
frustration separates 1-2 stars from 4-5 stars with AUC 0.886
ambiguous / sarcastic sentences: 0.492; by type ประชดประชัน (Sarcasm) 19/100, ชมแบบซ่อนรูป / ติเพื่อชม 64/100, ได้อย่างเสียอย่าง (Mixed/Balanced) 20/50, เป็นกลาง / ข้อเท็จจริง (Neutral/Fact) 42/50, ประชดประชัน/คำวิจารณ์เชิงลบ 352/1000, ชมแบบซ่อนรูป/เชิงบวกทางอ้อม 254/1000, ข้อเท็จจริง/กลางๆ/สอบถาม 873/1000
  gold -> answer: {'neutral->neutral': 935, 'negative->positive': 529, 'positive->neutral': 404, 'positive->negative': 378, 'negative->negative': 371, 'positive->positive': 318, 'negative->neutral': 200, 'neutral->question': 132, 'neutral->negative': 31, 'neutral->positive': 2}
held-out composed sets: indirect_praise 19/58 = 0.33, plain_negative 99/102 = 0.97, sarcastic 114/185 = 0.62, sincere 155/194 = 0.80

== laya-th-run16: reviews
stars   n   negative  neutral  positive  question   mean frustration
  1    1289      0.96     0.01      0.03      0.00   1.04
  2     234      0.88     0.03      0.07      0.02   0.92
  3     196      0.76     0.06      0.17      0.02   0.86
  4     161      0.36     0.06      0.57      0.02   0.51
  5    1120      0.17     0.04      0.79      0.01   0.32
1-2 stars called negative or 4-5 stars called positive: 0.861; the opposite: 0.107; by business {'banking': 0.8359, 'insurance': 0.9008, 'telecom': 0.8981}
frustration separates 1-2 stars from 4-5 stars with AUC 0.910
ambiguous / sarcastic sentences: 0.552; by type ประชดประชัน (Sarcasm) 43/100, ชมแบบซ่อนรูป / ติเพื่อชม 79/100, ได้อย่างเสียอย่าง (Mixed/Balanced) 0/50, เป็นกลาง / ข้อเท็จจริง (Neutral/Fact) 16/50, ประชดประชัน/คำวิจารณ์เชิงลบ 410/1000, ชมแบบซ่อนรูป/เชิงบวกทางอ้อม 889/1000, ข้อเท็จจริง/กลางๆ/สอบถาม 386/1000
  gold -> answer: {'positive->positive': 968, 'negative->positive': 647, 'neutral->positive': 500, 'negative->negative': 453, 'neutral->neutral': 402, 'neutral->question': 145, 'positive->negative': 129, 'neutral->negative': 53, 'positive->neutral': 3}
held-out composed sets: indirect_praise 57/58 = 0.98, plain_negative 102/102 = 1.00, sarcastic 181/185 = 0.98, sincere 192/194 = 0.99

== laya-th-run16
set    business      n  intent   dept    urg  false-other  other-caught | frustration exact / MAE / mean pred vs true
long   telecom     120   0.642  0.775  0.800     1/107        8/13    | 0.758 / 0.29 / 0.64 vs 0.66
long   banking     120   0.600  0.658  0.842     8/94        18/26    | 0.800 / 0.27 / 0.49 vs 0.37
long   insurance   120   0.600  0.733  0.792    15/64        48/56    | 0.733 / 0.34 / 0.43 vs 0.35
long   all         360   0.614  0.722  0.811        0.091
short  telecom     237   0.591  0.776  0.810     8/211       14/26    | 
short  banking     238   0.571  0.647  0.836    17/188       34/50    | 
short  insurance   239   0.519  0.661  0.782    31/128       84/111   | 
short  all         714   0.560  0.695  0.809        0.106

== laya-th-run16  (300 hand-labelled reviews)
telecom    n=  51 intent 0.726 dept 0.784 urg 0.824 false-other 8/31 other-caught 19/20
banking    n= 175 intent 0.686 dept 0.720 urg 0.829 false-other 31/114 other-caught 55/61
insurance  n=  74 intent 0.811 dept 0.784 urg 0.878 false-other 9/13 other-caught 57/61
all        n= 300 intent 0.723 dept 0.747 urg 0.840 false-other 48/158 other-caught 131/142
student vs teacher on /work/thai/data/cs/cs9_eval.jsonl:
  choice  n=21892 argmax agreement 0.901  mean TV distance 0.117
  noul    n=16419 argmax agreement 0.989  mean TV distance 0.024
  score   n=10946 argmax agreement 0.807  mean TV distance 0.142

/work/thai/out/laya-th-run16: 5473 eval records, 90 ms/record
overall: 11720 decisions, accuracy 0.957, Brier 0.087, ECE 0.098
source:type                      n    acc  brier    mae
b77:choice                    1242  0.956  0.090 
banking:choice                1216  0.983  0.042 
ecommerce:choice              3064  0.982  0.048 
insurance:choice              1784  0.975  0.059 
iqa:choice                     622  0.986  0.042 
other_gen:choice               494  0.970  0.070 
pantip_banking:choice          136  0.904  0.184 
pantip_banking:score            50  0.980  0.046  0.123
pantip_insurance:choice         19  0.895  0.209 
pantip_insurance:score           8  1.000  0.011  0.129
pantip_telecom:choice          116  0.922  0.147 
pantip_telecom:score            39  0.923  0.140  0.157
telecom:choice                1130  0.948  0.103 
wisesight:choice              1800  0.877  0.212 
tickets: department 5/5  refund 5/5  frustration MAE 0.66
   โดนหักเงินซ้ำสองครั้งเมื่อวานน billing   p=0.95 frustration=1.03 refund=0.95
   เน็ตบ้านหลุดบ่อยมากตั้งแต่เมื่ technical p=0.95 frustration=1.00 refund=0.05
   สนใจเปลี่ยนเป็นแพ็กเกจ 5G ที่โ sales     p=0.94 frustration=0.31 refund=0.05
   ใบแจ้งหนี้เดือนนี้แพงกว่าปกติ  billing   p=0.96 frustration=1.04 refund=0.13
   แอปล็อกอินไม่ได้ ขึ้นว่ารหัสผิ technical p=0.95 frustration=1.03 refund=0.10
student vs teacher on /work/thai/data/distill3_eval.jsonl:
  choice  n= 2528 argmax agreement 0.674  mean TV distance 0.321
  noul    n= 2483 argmax agreement 0.885  mean TV distance 0.131
  score   n= 1117 argmax agreement 0.660  mean TV distance 0.302

/work/thai/out/laya-th-run16: 1704 eval records, 38 ms/record
overall: 2455 decisions, accuracy 0.760, Brier 0.407, ECE 0.158
source:type                      n    acc  brier    mae
massive_th:choice              300  0.783  0.363 
prachathai:choice              163  0.890  0.212 
prachathai:noul                588  0.886  0.193 
sib200_th:choice               204  0.627  0.595 
wisesight:choice               300  0.687  0.466 
wongnai:score                  300  0.617  0.714  0.420
xnli_th:choice                 300  0.683  0.537 
xnli_th:noul                   300  0.803  0.351 
tickets: department 5/5  refund 5/5  frustration MAE 0.66
   โดนหักเงินซ้ำสองครั้งเมื่อวานน billing   p=0.95 frustration=1.03 refund=0.95
   เน็ตบ้านหลุดบ่อยมากตั้งแต่เมื่ technical p=0.95 frustration=1.00 refund=0.05
   สนใจเปลี่ยนเป็นแพ็กเกจ 5G ที่โ sales     p=0.94 frustration=0.31 refund=0.05
   ใบแจ้งหนี้เดือนนี้แพงกว่าปกติ  billing   p=0.96 frustration=1.04 refund=0.13
   แอปล็อกอินไม่ได้ ขึ้นว่ารหัสผิ technical p=0.95 frustration=1.03 refund=0.10
== [22:22] 4/4 restore :8011 (run 14) and permissions
== [22:22] done
