== [20:12] 1/4 labels: student run 11 + teacher, agreement; items with replay (cascade stopped from here)
12000 reviews {'banking': 7461, 'insurance': 2659, 'telecom': 1880}
  student 2000/12000, 2.0 min
  student 4000/12000, 3.6 min
  student 6000/12000, 5.2 min
  student 8000/12000, 6.8 min
  student 10000/12000, 8.4 min
  student 12000/12000, 10.0 min
  teacher 2000/12000, 23.3 min
  teacher 4000/12000, 36.5 min
  teacher 6000/12000, 49.8 min
  teacher 8000/12000, 63.1 min
  teacher 10000/12000, 76.4 min
  teacher 12000/12000, 89.5 min
teacher answered 12000; strict intent agreement 1210/12000 = 0.101; kept (teacher p(student intent) >= 0.2) 1234 = 0.103; intents {'app_or_login_problem': 519, 'transfer_problem': 103, 'get_password': 83, 'identity_verification_kyc': 74, 'top_up_or_deposit_problem': 47, 'report_poor_signal_coverage': 38, 'other': 33, 'change_personal_details': 28, 'report_payment_issue': 27, 'report_problem': 27, 'apply_for_loan': 25, 'dispute_invoice': 20}
{
  "reviews": 12000,
  "teacher_answered": 12000,
  "agreed": 1234,
  "play_items": 11106,
  "dropped": 0,
  "items": 51106,
  "replay": 40000,
  "minutes": 90.2
}
== [21:42] 2/4 train run 12 from run 11, 2 epochs, LR 1e-5 / 4e-5
  /work/thai/data/cs/cs12_items.pt: 51106 items
train: 51106 items, 2 epochs, 3194 updates, micro 8 x accum 4
=== epoch 1 done, avg loss 0.0548, 58.7 min ===
=== epoch 2 done, avg loss 0.1456, 117.4 min ===
calibrating temperatures
temperatures (choice, score, noul): [1.061, 1.087, 1.033]
saved to /work/thai/out/laya-th-run12 after 117.8 min
== [23:40] 3/4 evals

== laya-th-run12
set    business      n  intent   dept    urg  false-other  other-caught | frustration exact / MAE / mean pred vs true
long   telecom     120   0.608  0.717  0.783     0/107        4/13    | 0.750 / 0.29 / 0.63 vs 0.66
long   banking     120   0.475  0.625  0.817     6/94        11/26    | 0.758 / 0.31 / 0.52 vs 0.37
long   insurance   120   0.583  0.717  0.792    16/64        49/56    | 0.750 / 0.34 / 0.44 vs 0.35
long   all         360   0.556  0.686  0.797        0.083
short  telecom     237   0.591  0.764  0.747    11/211       14/26    | 
short  banking     238   0.525  0.639  0.773    15/188       30/50    | 
short  insurance   239   0.548  0.678  0.770    30/128       88/111   | 
short  all         714   0.555  0.693  0.763        0.106

== laya-th-run11  (300 hand-labelled reviews)
telecom    n=  51 intent 0.529 dept 0.588 urg 0.510 false-other 22/31 other-caught 20/20
banking    n= 175 intent 0.451 dept 0.663 urg 0.474 false-other 84/114 other-caught 56/61
insurance  n=  74 intent 0.824 dept 0.554 urg 0.419 false-other 9/13 other-caught 58/61
all        n= 300 intent 0.557 dept 0.623 urg 0.467 false-other 115/158 other-caught 134/142

== laya-th-run12  (300 hand-labelled reviews)
telecom    n=  51 intent 0.549 dept 0.647 urg 0.216 false-other 16/31 other-caught 19/20
banking    n= 175 intent 0.600 dept 0.674 urg 0.280 false-other 39/114 other-caught 52/61
insurance  n=  74 intent 0.770 dept 0.473 urg 0.216 false-other 3/13 other-caught 53/61
all        n= 300 intent 0.633 dept 0.620 urg 0.253 false-other 58/158 other-caught 124/142
480 decisions (120 real messages x 4 contexts)
system                                        top-1  top-3   top-1 by context (verified&first / unverified / 3rd contact)
rule(laya-th-run12 intent -> table)           0.675  0.790   0.608 / 0.692 / 0.700

rule(laya-th-run12 intent -> table) common errors (base context, gold -> answer): [('out_of_scope -> sales_referral', 3), ('out_of_scope -> fraud_freeze', 3), ('give_information -> out_of_scope', 3), ('application_status -> sales_referral', 2), ('give_information -> debt_relief', 2), ('branch_or_atm_location -> send_document', 1), ('debt_relief -> trace_transaction', 1), ('give_information -> fraud_freeze', 1)]
480 decisions (120 real messages x 4 contexts)
system                                        top-1  top-3   top-1 by context (verified&first / unverified / 3rd contact)
rule(laya-th-run12 intent -> table)           0.683  0.767   0.617 / 0.683 / 0.717

rule(laya-th-run12 intent -> table) common errors (base context, gold -> answer): [('plan_sales -> retention_offer', 6), ('account_info -> plan_sales', 6), ('give_information -> retention_offer', 4), ('network_ticket -> troubleshoot_service', 3), ('feature_service -> retention_offer', 2), ('network_ticket -> plan_sales', 1), ('out_of_scope -> feature_service', 1), ('billing_review -> troubleshoot_service', 1)]
480 decisions (120 real messages x 4 contexts)
system                                        top-1  top-3   top-1 by context (verified&first / unverified / 3rd contact)
rule(laya-th-run12 intent -> table)           0.727  0.794   0.700 / 0.742 / 0.733

rule(laya-th-run12 intent -> table) common errors (base context, gold -> answer): [('give_information -> out_of_scope', 7), ('claim_intake -> out_of_scope', 2), ('out_of_scope -> coverage_check', 2), ('claim_intake -> sales_quote', 2), ('sales_quote -> out_of_scope', 2), ('retention_offer -> give_information', 1), ('coverage_check -> claim_intake', 1), ('out_of_scope -> claim_status', 1)]
student vs teacher on /work/thai/data/cs/cs9_eval.jsonl:
  choice  n=21892 argmax agreement 0.915  mean TV distance 0.085
  noul    n=16419 argmax agreement 0.989  mean TV distance 0.023
  score   n=10946 argmax agreement 0.855  mean TV distance 0.105

/work/thai/out/laya-th-run12: 5473 eval records, 90 ms/record
overall: 11720 decisions, accuracy 0.962, Brier 0.071, ECE 0.080
source:type                      n    acc  brier    mae
b77:choice                    1242  0.972  0.058 
banking:choice                1216  0.984  0.037 
ecommerce:choice              3064  0.987  0.033 
insurance:choice              1784  0.970  0.059 
iqa:choice                     622  0.976  0.046 
other_gen:choice               494  0.982  0.040 
pantip_banking:choice          136  0.897  0.189 
pantip_banking:score            50  0.880  0.215  0.210
pantip_insurance:choice         19  0.842  0.252 
pantip_insurance:score           8  1.000  0.008  0.113
pantip_telecom:choice          116  0.922  0.154 
pantip_telecom:score            39  0.923  0.143  0.147
telecom:choice                1130  0.950  0.090 
wisesight:choice              1800  0.897  0.161 
tickets: department 5/5  refund 5/5  frustration MAE 0.41
   โดนหักเงินซ้ำสองครั้งเมื่อวานน billing   p=0.99 frustration=1.89 refund=0.97
   เน็ตบ้านหลุดบ่อยมากตั้งแต่เมื่ technical p=0.99 frustration=1.36 refund=0.05
   สนใจเปลี่ยนเป็นแพ็กเกจ 5G ที่โ sales     p=0.95 frustration=0.36 refund=0.04
   ใบแจ้งหนี้เดือนนี้แพงกว่าปกติ  billing   p=0.99 frustration=1.17 refund=0.09
   แอปล็อกอินไม่ได้ ขึ้นว่ารหัสผิ technical p=0.81 frustration=1.92 refund=0.17
student vs teacher on /work/thai/data/distill3_eval.jsonl:
  choice  n= 2528 argmax agreement 0.701  mean TV distance 0.295
  noul    n= 2483 argmax agreement 0.891  mean TV distance 0.122
  score   n= 1117 argmax agreement 0.666  mean TV distance 0.275

/work/thai/out/laya-th-run12: 1704 eval records, 38 ms/record
overall: 2455 decisions, accuracy 0.769, Brier 0.400, ECE 0.167
source:type                      n    acc  brier    mae
massive_th:choice              300  0.813  0.316 
prachathai:choice              163  0.871  0.227 
prachathai:noul                588  0.891  0.198 
sib200_th:choice               204  0.647  0.590 
wisesight:choice               300  0.707  0.443 
wongnai:score                  300  0.613  0.707  0.408
xnli_th:choice                 300  0.673  0.571 
xnli_th:noul                   300  0.830  0.327 
tickets: department 5/5  refund 5/5  frustration MAE 0.41
   โดนหักเงินซ้ำสองครั้งเมื่อวานน billing   p=0.99 frustration=1.89 refund=0.97
   เน็ตบ้านหลุดบ่อยมากตั้งแต่เมื่ technical p=0.99 frustration=1.36 refund=0.05
   สนใจเปลี่ยนเป็นแพ็กเกจ 5G ที่โ sales     p=0.95 frustration=0.36 refund=0.04
   ใบแจ้งหนี้เดือนนี้แพงกว่าปกติ  billing   p=0.99 frustration=1.17 refund=0.09
   แอปล็อกอินไม่ได้ ขึ้นว่ารหัสผิ technical p=0.81 frustration=1.92 refund=0.17
== [00:31] 4/4 restore :8011 (run 8) and permissions
== [00:31] done
