Fetching 5 files:   0%|          | 0/5 [00:00<?, ?it/s]Fetching 5 files: 100%|██████████| 5/5 [00:00<00:00, 619.47it/s]
train: 47379 items, 2 epochs, 2960 updates, micro 8 x accum 4
  epoch 1/2 step 50/5923 loss 0.8356 ce 1.0244 reward -0.656 lr 2.50e-05 0.5 min, 0.55 s/step
  epoch 1/2 step 100/5923 loss 0.8591 ce 0.9794 reward -0.558 lr 2.50e-05 0.8 min, 0.50 s/step
  epoch 1/2 step 150/5923 loss 0.2659 ce 0.4747 reward 0.139 lr 2.50e-05 1.3 min, 0.50 s/step
  epoch 1/2 step 200/5923 loss 0.5744 ce 0.6200 reward -0.131 lr 2.50e-05 1.6 min, 0.49 s/step
  epoch 1/2 step 250/5923 loss 0.4173 ce 0.9707 reward -0.534 lr 2.50e-05 2.0 min, 0.48 s/step
  epoch 1/2 step 300/5923 loss 1.0856 ce 1.2626 reward -0.923 lr 2.50e-05 2.4 min, 0.48 s/step
  epoch 1/2 step 350/5923 loss 0.2225 ce 0.6965 reward -0.210 lr 2.49e-05 2.8 min, 0.48 s/step
  epoch 1/2 step 400/5923 loss 1.1257 ce 1.0377 reward -0.563 lr 2.49e-05 3.1 min, 0.47 s/step
  epoch 1/2 step 450/5923 loss 0.5695 ce 0.6215 reward -0.091 lr 2.49e-05 3.6 min, 0.48 s/step
  epoch 1/2 step 500/5923 loss 0.2051 ce 0.6773 reward -0.081 lr 2.49e-05 4.0 min, 0.48 s/step
  epoch 1/2 step 550/5923 loss 0.4825 ce 0.9135 reward -0.521 lr 2.49e-05 4.5 min, 0.49 s/step
  epoch 1/2 step 600/5923 loss 1.0775 ce 0.8507 reward -0.348 lr 2.48e-05 4.9 min, 0.49 s/step
  epoch 1/2 step 650/5923 loss 0.1633 ce 0.2974 reward 0.343 lr 2.48e-05 5.3 min, 0.49 s/step
  epoch 1/2 step 700/5923 loss 1.2539 ce 0.9205 reward -0.470 lr 2.48e-05 5.8 min, 0.49 s/step
  epoch 1/2 step 750/5923 loss 0.0280 ce 0.6507 reward -0.163 lr 2.48e-05 6.3 min, 0.50 s/step
  epoch 1/2 step 800/5923 loss 0.4744 ce 0.5201 reward 0.066 lr 2.47e-05 6.6 min, 0.50 s/step
  epoch 1/2 step 850/5923 loss 0.3431 ce 0.8962 reward -0.419 lr 2.47e-05 7.0 min, 0.49 s/step
  epoch 1/2 step 900/5923 loss 1.2709 ce 0.9231 reward -0.443 lr 2.47e-05 7.4 min, 0.49 s/step
  epoch 1/2 step 950/5923 loss 0.4574 ce 0.4658 reward 0.150 lr 2.46e-05 7.8 min, 0.49 s/step
  epoch 1/2 step 1000/5923 loss 0.6631 ce 0.8612 reward -0.354 lr 2.46e-05 8.2 min, 0.49 s/step
  epoch 1/2 step 1050/5923 loss 0.5961 ce 0.5087 reward 0.103 lr 2.45e-05 8.5 min, 0.49 s/step
  epoch 1/2 step 1100/5923 loss 1.2008 ce 1.2451 reward -0.905 lr 2.45e-05 9.0 min, 0.49 s/step
  epoch 1/2 step 1150/5923 loss 0.3922 ce 0.8192 reward -0.353 lr 2.44e-05 9.4 min, 0.49 s/step
  epoch 1/2 step 1200/5923 loss 0.0677 ce 0.2037 reward 0.489 lr 2.44e-05 9.9 min, 0.50 s/step
  epoch 1/2 step 1250/5923 loss 0.3528 ce 0.6720 reward -0.153 lr 2.43e-05 10.3 min, 0.49 s/step
  epoch 1/2 step 1300/5923 loss 0.5678 ce 0.6364 reward -0.049 lr 2.43e-05 10.7 min, 0.49 s/step
  epoch 1/2 step 1350/5923 loss 0.9000 ce 0.8598 reward -0.366 lr 2.42e-05 11.1 min, 0.49 s/step
  epoch 1/2 step 1400/5923 loss 0.2118 ce 0.3013 reward 0.358 lr 2.42e-05 11.5 min, 0.49 s/step
  epoch 1/2 step 1450/5923 loss 0.6966 ce 0.8660 reward -0.403 lr 2.41e-05 11.9 min, 0.49 s/step
  epoch 1/2 step 1500/5923 loss 0.7247 ce 0.7659 reward -0.310 lr 2.41e-05 12.3 min, 0.49 s/step
  epoch 1/2 step 1550/5923 loss 0.7901 ce 0.6608 reward -0.124 lr 2.40e-05 12.7 min, 0.49 s/step
  epoch 1/2 step 1600/5923 loss 0.5500 ce 0.8704 reward -0.412 lr 2.39e-05 13.1 min, 0.49 s/step
  epoch 1/2 step 1650/5923 loss 0.6354 ce 0.7626 reward -0.240 lr 2.39e-05 13.5 min, 0.49 s/step
  epoch 1/2 step 1700/5923 loss 0.7054 ce 0.7400 reward -0.158 lr 2.38e-05 13.9 min, 0.49 s/step
  epoch 1/2 step 1750/5923 loss 0.2336 ce 0.5273 reward 0.071 lr 2.37e-05 14.3 min, 0.49 s/step
  epoch 1/2 step 1800/5923 loss 0.2224 ce 0.6545 reward -0.125 lr 2.37e-05 14.7 min, 0.49 s/step
  epoch 1/2 step 1850/5923 loss 0.2287 ce 0.4396 reward 0.141 lr 2.36e-05 15.0 min, 0.49 s/step
  epoch 1/2 step 1900/5923 loss 0.2487 ce 0.3393 reward 0.328 lr 2.35e-05 15.4 min, 0.49 s/step
  epoch 1/2 step 1950/5923 loss 0.2171 ce 0.6721 reward -0.150 lr 2.34e-05 15.8 min, 0.49 s/step
  epoch 1/2 step 2000/5923 loss 0.6211 ce 0.9132 reward -0.482 lr 2.33e-05 16.1 min, 0.48 s/step
  epoch 1/2 step 2050/5923 loss 0.4861 ce 0.5444 reward 0.044 lr 2.33e-05 16.6 min, 0.49 s/step
  epoch 1/2 step 2100/5923 loss 0.7212 ce 0.4710 reward 0.149 lr 2.32e-05 17.0 min, 0.49 s/step
  epoch 1/2 step 2150/5923 loss 0.5345 ce 0.7939 reward -0.358 lr 2.31e-05 17.4 min, 0.49 s/step
  epoch 1/2 step 2200/5923 loss 1.0421 ce 0.6739 reward -0.048 lr 2.30e-05 17.7 min, 0.48 s/step
  epoch 1/2 step 2250/5923 loss 0.2986 ce 0.5338 reward 0.025 lr 2.29e-05 18.2 min, 0.49 s/step
  epoch 1/2 step 2300/5923 loss 1.0909 ce 1.1299 reward -0.671 lr 2.28e-05 18.7 min, 0.49 s/step
  epoch 1/2 step 2350/5923 loss 0.3711 ce 0.5431 reward -0.036 lr 2.27e-05 19.1 min, 0.49 s/step
  epoch 1/2 step 2400/5923 loss 1.0209 ce 1.1837 reward -0.789 lr 2.26e-05 19.5 min, 0.49 s/step
  epoch 1/2 step 2450/5923 loss 0.8772 ce 0.7419 reward -0.245 lr 2.26e-05 19.9 min, 0.49 s/step
  epoch 1/2 step 2500/5923 loss 0.5583 ce 0.6580 reward -0.111 lr 2.25e-05 20.3 min, 0.49 s/step
  epoch 1/2 step 2550/5923 loss 0.4177 ce 0.4607 reward 0.105 lr 2.24e-05 20.6 min, 0.49 s/step
  epoch 1/2 step 2600/5923 loss 0.7540 ce 0.5842 reward 0.014 lr 2.23e-05 21.0 min, 0.49 s/step
  epoch 1/2 step 2650/5923 loss 0.8775 ce 0.9392 reward -0.510 lr 2.22e-05 21.4 min, 0.48 s/step
  epoch 1/2 step 2700/5923 loss 0.8696 ce 0.6088 reward -0.017 lr 2.21e-05 21.8 min, 0.48 s/step
  epoch 1/2 step 2750/5923 loss 0.7630 ce 0.9803 reward -0.526 lr 2.19e-05 22.2 min, 0.49 s/step
  epoch 1/2 step 2800/5923 loss 0.0954 ce 0.3791 reward 0.250 lr 2.18e-05 22.6 min, 0.48 s/step
  epoch 1/2 step 2850/5923 loss 0.5950 ce 0.6082 reward -0.083 lr 2.17e-05 23.1 min, 0.49 s/step
  epoch 1/2 step 2900/5923 loss 0.8603 ce 0.8976 reward -0.494 lr 2.16e-05 23.5 min, 0.49 s/step
  epoch 1/2 step 2950/5923 loss 0.5447 ce 0.7432 reward -0.218 lr 2.15e-05 23.9 min, 0.49 s/step
  epoch 1/2 step 3000/5923 loss 0.4574 ce 0.6201 reward -0.055 lr 2.14e-05 24.4 min, 0.49 s/step
  epoch 1/2 step 3050/5923 loss 0.3645 ce 0.6186 reward -0.073 lr 2.13e-05 24.8 min, 0.49 s/step
  epoch 1/2 step 3100/5923 loss 0.6556 ce 0.6907 reward -0.125 lr 2.12e-05 25.2 min, 0.49 s/step
  epoch 1/2 step 3150/5923 loss 0.2588 ce 0.5167 reward 0.064 lr 2.11e-05 25.7 min, 0.49 s/step
  epoch 1/2 step 3200/5923 loss -0.0603 ce 0.3997 reward 0.237 lr 2.09e-05 26.1 min, 0.49 s/step
  epoch 1/2 step 3250/5923 loss 0.4132 ce 0.5783 reward 0.017 lr 2.08e-05 26.6 min, 0.49 s/step
  epoch 1/2 step 3300/5923 loss -0.2037 ce 0.2247 reward 0.445 lr 2.07e-05 27.0 min, 0.49 s/step
  epoch 1/2 step 3350/5923 loss 0.6141 ce 1.1557 reward -0.752 lr 2.06e-05 27.4 min, 0.49 s/step
  epoch 1/2 step 3400/5923 loss 0.5491 ce 0.7890 reward -0.307 lr 2.04e-05 27.8 min, 0.49 s/step
  epoch 1/2 step 3450/5923 loss 0.4212 ce 0.3976 reward 0.235 lr 2.03e-05 28.2 min, 0.49 s/step
  epoch 1/2 step 3500/5923 loss 0.3593 ce 0.6165 reward -0.073 lr 2.02e-05 28.6 min, 0.49 s/step
  epoch 1/2 step 3550/5923 loss 0.4304 ce 0.5727 reward 0.005 lr 2.01e-05 29.0 min, 0.49 s/step
  epoch 1/2 step 3600/5923 loss 0.6081 ce 0.6349 reward -0.158 lr 1.99e-05 29.4 min, 0.49 s/step
  epoch 1/2 step 3650/5923 loss -0.0168 ce 0.4493 reward 0.155 lr 1.98e-05 29.9 min, 0.49 s/step
  epoch 1/2 step 3700/5923 loss 0.4826 ce 0.4379 reward 0.193 lr 1.97e-05 30.4 min, 0.49 s/step
  epoch 1/2 step 3750/5923 loss 0.3539 ce 0.7525 reward -0.261 lr 1.95e-05 30.8 min, 0.49 s/step
  epoch 1/2 step 3800/5923 loss 0.3930 ce 0.7678 reward -0.291 lr 1.94e-05 31.2 min, 0.49 s/step
  epoch 1/2 step 3850/5923 loss 0.1389 ce 0.4774 reward 0.103 lr 1.93e-05 31.6 min, 0.49 s/step
  epoch 1/2 step 3900/5923 loss 0.5124 ce 0.5686 reward 0.010 lr 1.91e-05 32.0 min, 0.49 s/step
  epoch 1/2 step 3950/5923 loss 0.2930 ce 0.3969 reward 0.237 lr 1.90e-05 32.5 min, 0.49 s/step
  epoch 1/2 step 4000/5923 loss 0.1637 ce 0.7655 reward -0.284 lr 1.89e-05 32.9 min, 0.49 s/step
  epoch 1/2 step 4050/5923 loss 0.3622 ce 0.6434 reward -0.126 lr 1.87e-05 33.4 min, 0.49 s/step
  epoch 1/2 step 4100/5923 loss 0.6984 ce 0.7104 reward -0.178 lr 1.86e-05 33.7 min, 0.49 s/step
  epoch 1/2 step 4150/5923 loss 0.6811 ce 0.6091 reward -0.072 lr 1.84e-05 34.1 min, 0.49 s/step
  epoch 1/2 step 4200/5923 loss 0.4080 ce 0.4884 reward 0.097 lr 1.83e-05 34.5 min, 0.49 s/step
  epoch 1/2 step 4250/5923 loss 0.5447 ce 0.6854 reward -0.122 lr 1.82e-05 34.9 min, 0.49 s/step
  epoch 1/2 step 4300/5923 loss 0.4755 ce 0.5148 reward 0.056 lr 1.80e-05 35.3 min, 0.49 s/step
  epoch 1/2 step 4350/5923 loss 1.1611 ce 1.1469 reward -0.711 lr 1.79e-05 35.8 min, 0.49 s/step
  epoch 1/2 step 4400/5923 loss 0.1950 ce 0.3259 reward 0.325 lr 1.77e-05 36.2 min, 0.49 s/step
  epoch 1/2 step 4450/5923 loss 0.7126 ce 0.2713 reward 0.416 lr 1.76e-05 36.7 min, 0.49 s/step
  epoch 1/2 step 4500/5923 loss -0.0539 ce 0.5241 reward 0.037 lr 1.74e-05 37.1 min, 0.49 s/step
  epoch 1/2 step 4550/5923 loss 0.1924 ce 0.5186 reward -0.005 lr 1.73e-05 37.5 min, 0.49 s/step
  epoch 1/2 step 4600/5923 loss -0.1038 ce 0.4042 reward 0.087 lr 1.71e-05 37.9 min, 0.49 s/step
  epoch 1/2 step 4650/5923 loss -0.1223 ce 0.3384 reward 0.236 lr 1.70e-05 38.3 min, 0.49 s/step
  epoch 1/2 step 4700/5923 loss 1.0740 ce 0.9909 reward -0.521 lr 1.68e-05 38.7 min, 0.49 s/step
  epoch 1/2 step 4750/5923 loss 0.6336 ce 0.4936 reward 0.125 lr 1.67e-05 39.1 min, 0.49 s/step
  epoch 1/2 step 4800/5923 loss 0.3781 ce 0.4726 reward 0.101 lr 1.65e-05 39.5 min, 0.49 s/step
  epoch 1/2 step 4850/5923 loss 0.9690 ce 0.9708 reward -0.461 lr 1.64e-05 39.9 min, 0.49 s/step
  epoch 1/2 step 4900/5923 loss 0.4122 ce 0.6308 reward -0.183 lr 1.62e-05 40.3 min, 0.49 s/step
  epoch 1/2 step 4950/5923 loss 0.8137 ce 0.8707 reward -0.329 lr 1.61e-05 40.7 min, 0.49 s/step
  epoch 1/2 step 5000/5923 loss 0.1583 ce 0.3580 reward 0.265 lr 1.59e-05 41.1 min, 0.49 s/step
  epoch 1/2 step 5050/5923 loss -0.5944 ce 0.4470 reward 0.167 lr 1.58e-05 41.6 min, 0.49 s/step
  epoch 1/2 step 5100/5923 loss 0.2793 ce 0.8540 reward -0.340 lr 1.56e-05 42.1 min, 0.50 s/step
  epoch 1/2 step 5150/5923 loss 0.0916 ce 0.2107 reward 0.445 lr 1.54e-05 42.5 min, 0.49 s/step
  epoch 1/2 step 5200/5923 loss 0.6466 ce 0.4177 reward 0.230 lr 1.53e-05 42.9 min, 0.50 s/step
  epoch 1/2 step 5250/5923 loss 0.3572 ce 0.4538 reward 0.167 lr 1.51e-05 43.3 min, 0.49 s/step
  epoch 1/2 step 5300/5923 loss 0.3824 ce 0.4658 reward 0.161 lr 1.50e-05 43.7 min, 0.49 s/step
  epoch 1/2 step 5350/5923 loss 0.5288 ce 0.7612 reward -0.279 lr 1.48e-05 44.0 min, 0.49 s/step
  epoch 1/2 step 5400/5923 loss 0.4948 ce 0.5571 reward 0.040 lr 1.47e-05 44.4 min, 0.49 s/step
  epoch 1/2 step 5450/5923 loss -0.2079 ce 0.5776 reward -0.091 lr 1.45e-05 44.8 min, 0.49 s/step
  epoch 1/2 step 5500/5923 loss 0.2727 ce 0.5166 reward 0.078 lr 1.43e-05 45.2 min, 0.49 s/step
  epoch 1/2 step 5550/5923 loss 0.5875 ce 0.6002 reward -0.004 lr 1.42e-05 45.6 min, 0.49 s/step
  epoch 1/2 step 5600/5923 loss 0.5199 ce 0.5583 reward -0.033 lr 1.40e-05 46.1 min, 0.49 s/step
  epoch 1/2 step 5650/5923 loss 0.4244 ce 0.3682 reward 0.290 lr 1.39e-05 46.6 min, 0.49 s/step
  epoch 1/2 step 5700/5923 loss 0.2397 ce 0.3566 reward 0.312 lr 1.37e-05 47.0 min, 0.49 s/step
  epoch 1/2 step 5750/5923 loss -0.0424 ce 0.4778 reward 0.112 lr 1.35e-05 47.4 min, 0.50 s/step
  epoch 1/2 step 5800/5923 loss 0.4226 ce 0.6480 reward -0.094 lr 1.34e-05 47.8 min, 0.49 s/step
  epoch 1/2 step 5850/5923 loss 0.4331 ce 0.5873 reward -0.051 lr 1.32e-05 48.3 min, 0.50 s/step
  epoch 1/2 step 5900/5923 loss 0.5905 ce 0.9731 reward -0.563 lr 1.31e-05 48.7 min, 0.50 s/step
=== epoch 1 done, avg loss 0.5036, 48.9 min ===
  epoch 2/2 step 50/5923 loss 0.2429 ce 0.5602 reward 0.057 lr 1.28e-05 49.5 min, 0.50 s/step
  epoch 2/2 step 100/5923 loss 0.7839 ce 0.7658 reward -0.209 lr 1.27e-05 49.9 min, 0.50 s/step
  epoch 2/2 step 150/5923 loss 0.6036 ce 0.6192 reward -0.014 lr 1.25e-05 50.3 min, 0.50 s/step
  epoch 2/2 step 200/5923 loss 0.4925 ce 0.6607 reward -0.128 lr 1.24e-05 50.7 min, 0.50 s/step
  epoch 2/2 step 250/5923 loss 0.4859 ce 0.4061 reward 0.239 lr 1.22e-05 51.1 min, 0.50 s/step
  epoch 2/2 step 300/5923 loss 0.6214 ce 0.4293 reward 0.240 lr 1.20e-05 51.5 min, 0.50 s/step
  epoch 2/2 step 350/5923 loss 0.4444 ce 0.5380 reward 0.077 lr 1.19e-05 52.0 min, 0.50 s/step
  epoch 2/2 step 400/5923 loss 0.0737 ce 0.5840 reward 0.035 lr 1.17e-05 52.5 min, 0.50 s/step
  epoch 2/2 step 450/5923 loss 0.4381 ce 0.4371 reward 0.205 lr 1.16e-05 52.9 min, 0.50 s/step
  epoch 2/2 step 500/5923 loss 0.3541 ce 0.3632 reward 0.282 lr 1.14e-05 53.3 min, 0.50 s/step
  epoch 2/2 step 550/5923 loss 0.4815 ce 0.2725 reward 0.438 lr 1.12e-05 53.7 min, 0.50 s/step
  epoch 2/2 step 600/5923 loss 1.5249 ce 1.1499 reward -0.654 lr 1.11e-05 54.1 min, 0.50 s/step
  epoch 2/2 step 650/5923 loss 0.1529 ce 0.3162 reward 0.378 lr 1.09e-05 54.5 min, 0.50 s/step
  epoch 2/2 step 700/5923 loss 0.2681 ce 0.4774 reward 0.165 lr 1.08e-05 54.9 min, 0.50 s/step
  epoch 2/2 step 750/5923 loss 0.8421 ce 0.6952 reward -0.149 lr 1.06e-05 55.3 min, 0.50 s/step
  epoch 2/2 step 800/5923 loss 0.9534 ce 0.7836 reward -0.235 lr 1.05e-05 55.6 min, 0.50 s/step
  epoch 2/2 step 850/5923 loss 0.1979 ce 0.5890 reward -0.030 lr 1.03e-05 56.1 min, 0.50 s/step
  epoch 2/2 step 900/5923 loss 0.4656 ce 0.4922 reward 0.129 lr 1.01e-05 56.5 min, 0.50 s/step
  epoch 2/2 step 950/5923 loss 0.4966 ce 0.5321 reward 0.103 lr 1.00e-05 56.9 min, 0.50 s/step
  epoch 2/2 step 1000/5923 loss 0.6513 ce 0.4952 reward 0.105 lr 9.84e-06 57.4 min, 0.50 s/step
  epoch 2/2 step 1050/5923 loss 1.0218 ce 0.6568 reward -0.098 lr 9.69e-06 57.9 min, 0.50 s/step
  epoch 2/2 step 1100/5923 loss 0.6276 ce 0.6593 reward -0.092 lr 9.53e-06 58.3 min, 0.50 s/step
  epoch 2/2 step 1150/5923 loss 0.2016 ce 0.5096 reward 0.110 lr 9.39e-06 58.6 min, 0.50 s/step
  epoch 2/2 step 1200/5923 loss 0.8596 ce 0.7281 reward -0.176 lr 9.23e-06 59.1 min, 0.50 s/step
  epoch 2/2 step 1250/5923 loss 0.4820 ce 0.5993 reward -0.010 lr 9.09e-06 59.5 min, 0.50 s/step
  epoch 2/2 step 1300/5923 loss 0.2109 ce 0.3181 reward 0.373 lr 8.93e-06 60.0 min, 0.50 s/step
  epoch 2/2 step 1350/5923 loss 1.2177 ce 0.7924 reward -0.262 lr 8.79e-06 60.3 min, 0.50 s/step
  epoch 2/2 step 1400/5923 loss 0.4313 ce 0.4465 reward 0.208 lr 8.63e-06 60.7 min, 0.50 s/step
  epoch 2/2 step 1450/5923 loss 0.5546 ce 0.6383 reward -0.061 lr 8.49e-06 61.2 min, 0.50 s/step
  epoch 2/2 step 1500/5923 loss 0.4099 ce 0.5982 reward -0.023 lr 8.34e-06 61.5 min, 0.50 s/step
  epoch 2/2 step 1550/5923 loss 0.7501 ce 0.5654 reward 0.058 lr 8.20e-06 62.0 min, 0.50 s/step
  epoch 2/2 step 1600/5923 loss 0.3157 ce 0.6096 reward 0.005 lr 8.05e-06 62.4 min, 0.50 s/step
  epoch 2/2 step 1650/5923 loss 0.1181 ce 0.2012 reward 0.512 lr 7.91e-06 62.8 min, 0.50 s/step
  epoch 2/2 step 1700/5923 loss 0.3927 ce 0.4224 reward 0.225 lr 7.76e-06 63.1 min, 0.50 s/step
  epoch 2/2 step 1750/5923 loss 0.2618 ce 0.6534 reward -0.086 lr 7.62e-06 63.6 min, 0.50 s/step
  epoch 2/2 step 1800/5923 loss 0.4125 ce 0.4869 reward 0.143 lr 7.47e-06 64.0 min, 0.50 s/step
  epoch 2/2 step 1850/5923 loss 0.5196 ce 0.6029 reward -0.016 lr 7.34e-06 64.4 min, 0.50 s/step
  epoch 2/2 step 1900/5923 loss 0.6816 ce 0.8552 reward -0.341 lr 7.19e-06 64.8 min, 0.50 s/step
  epoch 2/2 step 1950/5923 loss 0.6476 ce 0.5025 reward 0.140 lr 7.06e-06 65.2 min, 0.50 s/step
  epoch 2/2 step 2000/5923 loss 0.0168 ce 0.1606 reward 0.565 lr 6.92e-06 65.6 min, 0.50 s/step
  epoch 2/2 step 2050/5923 loss 0.5697 ce 0.3443 reward 0.318 lr 6.78e-06 66.0 min, 0.50 s/step
  epoch 2/2 step 2100/5923 loss -0.1418 ce 0.3383 reward 0.348 lr 6.64e-06 66.4 min, 0.50 s/step
  epoch 2/2 step 2150/5923 loss 0.6387 ce 0.5915 reward 0.010 lr 6.51e-06 66.8 min, 0.50 s/step
  epoch 2/2 step 2200/5923 loss 0.3892 ce 0.6885 reward -0.125 lr 6.38e-06 67.2 min, 0.50 s/step
  epoch 2/2 step 2250/5923 loss 1.1446 ce 0.6714 reward -0.079 lr 6.25e-06 67.5 min, 0.50 s/step
  epoch 2/2 step 2300/5923 loss 0.0969 ce 0.3279 reward 0.344 lr 6.11e-06 67.9 min, 0.50 s/step
  epoch 2/2 step 2350/5923 loss 1.2034 ce 0.8473 reward -0.287 lr 5.99e-06 68.3 min, 0.50 s/step
  epoch 2/2 step 2400/5923 loss -0.0492 ce 0.3955 reward 0.272 lr 5.85e-06 68.7 min, 0.50 s/step
  epoch 2/2 step 2450/5923 loss 0.2226 ce 0.2701 reward 0.436 lr 5.73e-06 69.2 min, 0.50 s/step
  epoch 2/2 step 2500/5923 loss 1.1267 ce 0.5816 reward 0.019 lr 5.60e-06 69.6 min, 0.50 s/step
  epoch 2/2 step 2550/5923 loss 0.9856 ce 0.8029 reward -0.267 lr 5.48e-06 70.0 min, 0.50 s/step
  epoch 2/2 step 2600/5923 loss 1.2087 ce 1.2388 reward -0.724 lr 5.35e-06 70.4 min, 0.50 s/step
  epoch 2/2 step 2650/5923 loss 0.7298 ce 1.0017 reward -0.539 lr 5.24e-06 70.7 min, 0.50 s/step
  epoch 2/2 step 2700/5923 loss 0.2875 ce 0.6786 reward -0.105 lr 5.11e-06 71.1 min, 0.49 s/step
  epoch 2/2 step 2750/5923 loss 0.5149 ce 0.5703 reward 0.029 lr 5.00e-06 71.6 min, 0.50 s/step
  epoch 2/2 step 2800/5923 loss 0.7460 ce 0.6527 reward -0.067 lr 4.87e-06 71.9 min, 0.49 s/step
  epoch 2/2 step 2850/5923 loss 0.4090 ce 0.4316 reward 0.225 lr 4.76e-06 72.3 min, 0.49 s/step
  epoch 2/2 step 2900/5923 loss 0.6567 ce 0.3082 reward 0.369 lr 4.64e-06 72.7 min, 0.49 s/step
  epoch 2/2 step 2950/5923 loss 0.4801 ce 0.3927 reward 0.243 lr 4.53e-06 73.1 min, 0.49 s/step
  epoch 2/2 step 3000/5923 loss 0.0826 ce 0.2852 reward 0.394 lr 4.42e-06 73.6 min, 0.49 s/step
  epoch 2/2 step 3050/5923 loss 0.3501 ce 0.4236 reward 0.223 lr 4.31e-06 74.0 min, 0.49 s/step
  epoch 2/2 step 3100/5923 loss 0.6772 ce 0.8678 reward -0.336 lr 4.20e-06 74.4 min, 0.49 s/step
  epoch 2/2 step 3150/5923 loss 0.5551 ce 0.6003 reward -0.041 lr 4.09e-06 74.8 min, 0.49 s/step
  epoch 2/2 step 3200/5923 loss 0.0346 ce 0.5099 reward 0.082 lr 3.98e-06 75.3 min, 0.49 s/step
  epoch 2/2 step 3250/5923 loss 0.6325 ce 0.7349 reward -0.155 lr 3.88e-06 75.7 min, 0.49 s/step
  epoch 2/2 step 3300/5923 loss 0.0493 ce 0.5016 reward 0.108 lr 3.78e-06 76.1 min, 0.50 s/step
  epoch 2/2 step 3350/5923 loss 0.5041 ce 0.4048 reward 0.252 lr 3.68e-06 76.5 min, 0.50 s/step
  epoch 2/2 step 3400/5923 loss 0.7630 ce 0.4947 reward 0.115 lr 3.58e-06 77.0 min, 0.50 s/step
  epoch 2/2 step 3450/5923 loss 0.1404 ce 0.3988 reward 0.273 lr 3.48e-06 77.5 min, 0.50 s/step
  epoch 2/2 step 3500/5923 loss 0.3878 ce 0.3994 reward 0.250 lr 3.38e-06 77.8 min, 0.50 s/step
  epoch 2/2 step 3550/5923 loss 0.5856 ce 0.4517 reward 0.186 lr 3.29e-06 78.2 min, 0.50 s/step
  epoch 2/2 step 3600/5923 loss 0.6955 ce 0.4838 reward 0.151 lr 3.20e-06 78.6 min, 0.50 s/step
  epoch 2/2 step 3650/5923 loss 0.5032 ce 0.5201 reward 0.110 lr 3.11e-06 79.0 min, 0.50 s/step
  epoch 2/2 step 3700/5923 loss 0.2788 ce 0.6455 reward -0.044 lr 3.02e-06 79.4 min, 0.50 s/step
  epoch 2/2 step 3750/5923 loss 0.4604 ce 0.4762 reward 0.147 lr 2.93e-06 79.9 min, 0.50 s/step
  epoch 2/2 step 3800/5923 loss 0.7633 ce 0.6107 reward -0.019 lr 2.84e-06 80.4 min, 0.50 s/step
  epoch 2/2 step 3850/5923 loss -0.2823 ce 0.3028 reward 0.366 lr 2.76e-06 80.8 min, 0.50 s/step
  epoch 2/2 step 3900/5923 loss 0.8189 ce 0.6955 reward -0.089 lr 2.68e-06 81.2 min, 0.50 s/step
  epoch 2/2 step 3950/5923 loss 1.0649 ce 0.7234 reward -0.167 lr 2.60e-06 81.8 min, 0.50 s/step
  epoch 2/2 step 4000/5923 loss 0.7160 ce 0.5878 reward 0.011 lr 2.52e-06 82.1 min, 0.50 s/step
  epoch 2/2 step 4050/5923 loss 0.0951 ce 0.2670 reward 0.411 lr 2.44e-06 82.5 min, 0.50 s/step
  epoch 2/2 step 4100/5923 loss 0.8828 ce 1.1034 reward -0.628 lr 2.37e-06 82.9 min, 0.50 s/step
  epoch 2/2 step 4150/5923 loss 0.2790 ce 0.2281 reward 0.480 lr 2.30e-06 83.3 min, 0.50 s/step
  epoch 2/2 step 4200/5923 loss 0.8868 ce 0.5445 reward 0.087 lr 2.22e-06 83.8 min, 0.50 s/step
  epoch 2/2 step 4250/5923 loss 0.5475 ce 0.4431 reward 0.216 lr 2.16e-06 84.2 min, 0.50 s/step
  epoch 2/2 step 4300/5923 loss 0.5188 ce 0.3620 reward 0.301 lr 2.09e-06 84.6 min, 0.50 s/step
  epoch 2/2 step 4350/5923 loss 0.2522 ce 0.4732 reward 0.143 lr 2.02e-06 84.9 min, 0.50 s/step
  epoch 2/2 step 4400/5923 loss 0.6249 ce 0.5529 reward 0.053 lr 1.96e-06 85.3 min, 0.50 s/step
  epoch 2/2 step 4450/5923 loss 0.4583 ce 0.5084 reward 0.092 lr 1.90e-06 85.8 min, 0.50 s/step
  epoch 2/2 step 4500/5923 loss 0.2253 ce 0.4847 reward 0.140 lr 1.84e-06 86.1 min, 0.50 s/step
  epoch 2/2 step 4550/5923 loss 0.0693 ce 0.2651 reward 0.418 lr 1.78e-06 86.5 min, 0.50 s/step
  epoch 2/2 step 4600/5923 loss 0.0956 ce 0.3690 reward 0.258 lr 1.72e-06 86.9 min, 0.50 s/step
  epoch 2/2 step 4650/5923 loss 0.3876 ce 0.3869 reward 0.274 lr 1.67e-06 87.3 min, 0.50 s/step
  epoch 2/2 step 4700/5923 loss 0.5480 ce 0.5555 reward 0.046 lr 1.62e-06 87.7 min, 0.50 s/step
  epoch 2/2 step 4750/5923 loss 0.9916 ce 1.1072 reward -0.615 lr 1.57e-06 88.1 min, 0.50 s/step
  epoch 2/2 step 4800/5923 loss 0.8540 ce 0.6741 reward -0.076 lr 1.52e-06 88.5 min, 0.50 s/step
  epoch 2/2 step 4850/5923 loss 0.8855 ce 0.6566 reward -0.052 lr 1.48e-06 89.0 min, 0.50 s/step
  epoch 2/2 step 4900/5923 loss 0.8730 ce 0.7700 reward -0.202 lr 1.43e-06 89.3 min, 0.50 s/step
  epoch 2/2 step 4950/5923 loss 0.3054 ce 0.7674 reward -0.232 lr 1.39e-06 89.8 min, 0.50 s/step
  epoch 2/2 step 5000/5923 loss 0.5233 ce 0.3227 reward 0.352 lr 1.35e-06 90.2 min, 0.50 s/step
  epoch 2/2 step 5050/5923 loss -0.0514 ce 0.2973 reward 0.394 lr 1.32e-06 90.6 min, 0.50 s/step
  epoch 2/2 step 5100/5923 loss 0.4696 ce 0.2971 reward 0.399 lr 1.28e-06 91.1 min, 0.50 s/step
  epoch 2/2 step 5150/5923 loss -0.0871 ce 0.4086 reward 0.239 lr 1.25e-06 91.5 min, 0.50 s/step
  epoch 2/2 step 5200/5923 loss 0.6226 ce 0.6124 reward -0.041 lr 1.22e-06 91.9 min, 0.50 s/step
  epoch 2/2 step 5250/5923 loss 0.6252 ce 0.7869 reward -0.240 lr 1.19e-06 92.3 min, 0.50 s/step
  epoch 2/2 step 5300/5923 loss 0.2929 ce 0.2880 reward 0.399 lr 1.16e-06 92.7 min, 0.50 s/step
  epoch 2/2 step 5350/5923 loss 0.2967 ce 0.3701 reward 0.281 lr 1.14e-06 93.1 min, 0.50 s/step
  epoch 2/2 step 5400/5923 loss 0.4448 ce 0.4657 reward 0.180 lr 1.11e-06 93.6 min, 0.50 s/step
  epoch 2/2 step 5450/5923 loss 0.4589 ce 0.5748 reward 0.026 lr 1.09e-06 94.0 min, 0.50 s/step
  epoch 2/2 step 5500/5923 loss 0.5137 ce 0.4863 reward 0.135 lr 1.07e-06 94.4 min, 0.50 s/step
  epoch 2/2 step 5550/5923 loss 0.3098 ce 0.7551 reward -0.255 lr 1.06e-06 94.8 min, 0.50 s/step
  epoch 2/2 step 5600/5923 loss 0.6590 ce 0.7772 reward -0.272 lr 1.04e-06 95.2 min, 0.50 s/step
  epoch 2/2 step 5650/5923 loss 0.7393 ce 0.4295 reward 0.223 lr 1.03e-06 95.7 min, 0.50 s/step
  epoch 2/2 step 5700/5923 loss 0.7431 ce 0.6423 reward -0.053 lr 1.02e-06 96.1 min, 0.50 s/step
  epoch 2/2 step 5750/5923 loss 0.1822 ce 0.3943 reward 0.265 lr 1.01e-06 96.6 min, 0.50 s/step
  epoch 2/2 step 5800/5923 loss 0.7017 ce 0.5629 reward 0.053 lr 1.01e-06 97.0 min, 0.50 s/step
  epoch 2/2 step 5850/5923 loss 0.7178 ce 0.6424 reward -0.084 lr 1.00e-06 97.3 min, 0.50 s/step
  epoch 2/2 step 5900/5923 loss 0.0763 ce 0.3501 reward 0.314 lr 1.00e-06 97.7 min, 0.50 s/step
=== epoch 2 done, avg loss 0.4862, 97.9 min ===
calibrating temperatures
temperatures (choice, score, noul): [1.034, 1.22, 0.954]
saved to /work/thai/out/laya-th-distill after 98.2 min
